Archive member included to satisfy reference by file (symbol)

/opt/rtems/6/sparc-rtems6/gr740/lib/librtemsbsp.a(bootcard.c.2.o)
                              /opt/rtems/6/sparc-rtems6/gr740/lib/start.o (boot_card)
/opt/rtems/6/sparc-rtems6/gr740/lib/librtemsbsp.a(bspfatal-default.c.2.o)
                              b-gr740/main.o (bsp_fatal_extension)
/opt/rtems/6/sparc-rtems6/gr740/lib/librtemsbsp.a(bspgetworkarea.c.12.o)
                              /opt/rtems/6/sparc-rtems6/gr740/lib/start.o (_SPARC_Memory_initialize)
/opt/rtems/6/sparc-rtems6/gr740/lib/librtemsbsp.a(console-termios.c.15.o)
                              b-gr740/main.o (console_open)
/opt/rtems/6/sparc-rtems6/gr740/lib/librtemsbsp.a(ckinit.c.15.o)
                              b-gr740/main.o (_Clock_Initialize)
/opt/rtems/6/sparc-rtems6/gr740/lib/librtemsbsp.a(console.c.15.o)
                              b-gr740/main.o (console_initialize)
/opt/rtems/6/sparc-rtems6/gr740/lib/librtemsbsp.a(amba.c.15.o)
                              /opt/rtems/6/sparc-rtems6/gr740/lib/librtemsbsp.a(console.c.15.o) (ambapp_plb)
/opt/rtems/6/sparc-rtems6/gr740/lib/librtemsbsp.a(bspidle.S.15.o)
                              b-gr740/main.o (bsp_idle_thread)
/opt/rtems/6/sparc-rtems6/gr740/lib/librtemsbsp.a(bspstart.c.15.o)
                              /opt/rtems/6/sparc-rtems6/gr740/lib/librtemsbsp.a(bootcard.c.2.o) (bsp_start)
/opt/rtems/6/sparc-rtems6/gr740/lib/librtemsbsp.a(cpucounter.c.15.o)
                              /opt/rtems/6/sparc-rtems6/gr740/lib/librtemsbsp.a(ckinit.c.15.o) (leon3_timecounter_instance)
/opt/rtems/6/sparc-rtems6/gr740/lib/librtemsbsp.a(eirq.c.15.o)
                              /opt/rtems/6/sparc-rtems6/gr740/lib/librtemsbsp.a(ckinit.c.15.o) (bsp_interrupt_set_affinity)
/opt/rtems/6/sparc-rtems6/gr740/lib/librtemsbsp.a(bspsmp.c.19.o)
                              /opt/rtems/6/sparc-rtems6/gr740/lib/start.o (bsp_start_on_secondary_processor)
/opt/rtems/6/sparc-rtems6/gr740/lib/librtemsbsp.a(ambapp.c.9.o)
                              /opt/rtems/6/sparc-rtems6/gr740/lib/librtemsbsp.a(amba.c.15.o) (ambapp_scan)
/opt/rtems/6/sparc-rtems6/gr740/lib/librtemsbsp.a(ambapp_freq.c.9.o)
                              /opt/rtems/6/sparc-rtems6/gr740/lib/librtemsbsp.a(console.c.15.o) (ambapp_freq_get)
/opt/rtems/6/sparc-rtems6/gr740/lib/librtemsbsp.a(apbuart_termios.c.9.o)
                              /opt/rtems/6/sparc-rtems6/gr740/lib/librtemsbsp.a(console.c.15.o) (apbuart_handler_polled)
/opt/rtems/6/sparc-rtems6/gr740/lib/librtemsbsp.a(irq-generic.c.11.o)
                              /opt/rtems/6/sparc-rtems6/gr740/lib/librtemsbsp.a(bspstart.c.15.o) (bsp_interrupt_initialize)
/opt/rtems/6/sparc-rtems6/gr740/lib/librtemsbsp.a(irq-handler-install.c.11.o)
                              /opt/rtems/6/sparc-rtems6/gr740/lib/librtemsbsp.a(apbuart_termios.c.9.o) (rtems_interrupt_handler_install)
/opt/rtems/6/sparc-rtems6/gr740/lib/librtemsbsp.a(irq-handler-remove.c.11.o)
                              /opt/rtems/6/sparc-rtems6/gr740/lib/librtemsbsp.a(apbuart_termios.c.9.o) (rtems_interrupt_handler_remove)
/opt/rtems/6/sparc-rtems6/gr740/lib/librtemsbsp.a(irq-lock.c.11.o)
                              /opt/rtems/6/sparc-rtems6/gr740/lib/librtemsbsp.a(irq-generic.c.11.o) (bsp_interrupt_lock)
/opt/rtems/6/sparc-rtems6/gr740/lib/librtemsbsp.a(irq-default-handler.c.15.o)
                              /opt/rtems/6/sparc-rtems6/gr740/lib/librtemsbsp.a(irq-generic.c.11.o) (bsp_interrupt_handler_default)
/opt/rtems/6/sparc-rtems6/gr740/lib/librtemsbsp.a(apbuart_polled.c.9.o)
                              /opt/rtems/6/sparc-rtems6/gr740/lib/librtemsbsp.a(apbuart_termios.c.9.o) (apbuart_outbyte_polled)
/opt/rtems/6/sparc-rtems6/gr740/lib/librtemsbsp.a(irq-entry-remove.c.11.o)
                              /opt/rtems/6/sparc-rtems6/gr740/lib/librtemsbsp.a(irq-handler-remove.c.11.o) (bsp_interrupt_entry_remove)
/opt/rtems/6/sparc-rtems6/gr740/lib/librtemscpu.a(iorelax.c.60.o)
                              /opt/rtems/6/sparc-rtems6/gr740/lib/librtemsbsp.a(apbuart_polled.c.9.o) (_IO_Relax)
/opt/rtems/6/sparc-rtems6/gr740/lib/librtemscpu.a(__assert.c.60.o)
                              /opt/rtems/6/sparc-rtems6/gr740/lib/librtemsbsp.a(eirq.c.15.o) (__assert_func)
/opt/rtems/6/sparc-rtems6/gr740/lib/librtemscpu.a(base_fs.c.60.o)
                              b-gr740/main.o (rtems_filesystem_initialize)
/opt/rtems/6/sparc-rtems6/gr740/lib/librtemscpu.a(free.c.60.o)
                              /opt/rtems/6/sparc-rtems6/gr740/lib/librtemsbsp.a(irq-handler-install.c.11.o) (free)
/opt/rtems/6/sparc-rtems6/gr740/lib/librtemscpu.a(malloc_deferred.c.60.o)
                              /opt/rtems/6/sparc-rtems6/gr740/lib/librtemscpu.a(free.c.60.o) (_Malloc_System_state)
/opt/rtems/6/sparc-rtems6/gr740/lib/librtemscpu.a(mallocdirtydefault.c.60.o)
[...]
Memory Configuration

Name             Origin             Length             Attributes
rom              0xc0000000         0x10000000
ram              0x00000000         0x80000000
sram             0xd0000000         0x10000000
*default*        0x00000000         0xffffffff

Linker script and memory map

LOAD /opt/rtems/6/sparc-rtems6/gr740/lib/start.o
LOAD /opt/rtems/6/lib/gcc/sparc-rtems6/13.3.0/leon3/crti.o
LOAD /opt/rtems/6/lib/gcc/sparc-rtems6/13.3.0/leon3/crtbegin.o
LOAD b-gr740/main.o
LOAD /opt/rtems/6/sparc-rtems6/gr740/lib/librtemsbsp.a
LOAD /opt/rtems/6/sparc-rtems6/gr740/lib/librtemstest.a
LOAD /opt/rtems/6/sparc-rtems6/gr740/lib/librtemscpu.a
LOAD /opt/rtems/6/lib/gcc/sparc-rtems6/13.3.0/../../../../sparc-rtems6/lib/leon3/libm.a
LOAD /opt/rtems/6/lib/gcc/sparc-rtems6/13.3.0/leon3/libgcc.a
START GROUP
LOAD /opt/rtems/6/sparc-rtems6/gr740/lib/librtemsbsp.a
LOAD /opt/rtems/6/sparc-rtems6/gr740/lib/librtemscpu.a
LOAD /opt/rtems/6/lib/gcc/sparc-rtems6/13.3.0/leon3/libatomic.a
LOAD /opt/rtems/6/lib/gcc/sparc-rtems6/13.3.0/../../../../sparc-rtems6/lib/leon3/libc.a
LOAD /opt/rtems/6/lib/gcc/sparc-rtems6/13.3.0/leon3/libgcc.a
END GROUP
LOAD /opt/rtems/6/lib/gcc/sparc-rtems6/13.3.0/leon3/libgcc.a
LOAD /opt/rtems/6/lib/gcc/sparc-rtems6/13.3.0/leon3/crtend.o
LOAD /opt/rtems/6/lib/gcc/sparc-rtems6/13.3.0/leon3/crtn.o
                0x00000000                        _PROM_SIZE = DEFINED (_PROM_SIZE)?_PROM_SIZE:0x0
                0x04000000                        _RAM_SIZE = DEFINED (_RAM_SIZE)?_RAM_SIZE:0x4000000
                0xc0000000                        _PROM_START = ORIGIN (rom)
                0x00000000                        _RAM_START = ORIGIN (ram)
                0x00000000                        __DYNAMIC = 0x0
                0x04000000                        _RAM_END = (_RAM_START + _RAM_SIZE)
                0xc0000000                        _PROM_END = (_PROM_START + _PROM_SIZE)
                0xc0000000                        PROM_START = _PROM_START
                0x00000000                        PROM_SIZE = _PROM_SIZE
                0xc0000000                        PROM_END = _PROM_END
                0x00000000                        RAM_START = _RAM_START
                0x04000000                        RAM_SIZE = _RAM_SIZE
                0x04000000                        RAM_END = _RAM_END

.text           0x00000000    0x26550
 CREATE_OBJECT_SYMBOLS
                0x00000000                        text_start = .
                0x00000000                        _text_start = .
 *(.text*)
 .text          0x00000000     0x10d8 /opt/rtems/6/sparc-rtems6/gr740/lib/start.o
                0x00000000                trap_table
                0x00000000                start
                0x000007c0                _ERC32_MEC_Timer_Control_Mirror
                0x000007e0                CLOCK_SPEED
                0x00001000                hard_reset
 .text          0x000010d8      0x180 /opt/rtems/6/lib/gcc/sparc-rtems6/13.3.0/leon3/crtbegin.o
 .text          0x00001258       0xe4 b-gr740/main.o
                0x00001258                Init
 .text.boot_card
                0x0000133c       0x18 /opt/rtems/6/sparc-rtems6/gr740/lib/librtemsbsp.a(bootcard.c.2.o)
                0x0000133c                boot_card
 .text.bsp_fatal_extension
                0x00001354      0x2c0 /opt/rtems/6/sparc-rtems6/gr740/lib/librtemsbsp.a(bspfatal-default.c.2.o)
                0x00001354                bsp_fatal_extension
 .text._SPARC_Memory_initialize
                0x00001614       0x20 /opt/rtems/6/sparc-rtems6/gr740/lib/librtemsbsp.a(bspgetworkarea.c.12.o)
                0x00001614                _SPARC_Memory_initialize
 .text._Memory_Get
                0x00001634        0xc /opt/rtems/6/sparc-rtems6/gr740/lib/librtemsbsp.a(bspgetworkarea.c.12.o)
                0x00001634                _Memory_Get
 .text.console_open
                0x00001640        0x8 /opt/rtems/6/sparc-rtems6/gr740/lib/librtemsbsp.a(console-termios.c.15.o)
                0x00001640                console_open
 .text.console_close
                0x00001648        0x8 /opt/rtems/6/sparc-rtems6/gr740/lib/librtemsbsp.a(console-termios.c.15.o)
                0x00001648                console_close
 .text.console_read
                0x00001650        0x8 /opt/rtems/6/sparc-rtems6/gr740/lib/librtemsbsp.a(console-termios.c.15.o)
                0x00001650                console_read
 .text.console_write
                0x00001658        0x8 /opt/rtems/6/sparc-rtems6/gr740/lib/librtemsbsp.a(console-termios.c.15.o)
                0x00001658                console_write
 .text.console_control
                0x00001660        0x8 /opt/rtems/6/sparc-rtems6/gr740/lib/librtemsbsp.a(console-termios.c.15.o)
                0x00001660                console_control
 .text.Clock_isr
                0x00001668       0x1c /opt/rtems/6/sparc-rtems6/gr740/lib/librtemsbsp.a(ckinit.c.15.o)
                0x00001668                Clock_isr
 .text._Clock_Initialize
                0x00001684       0xac /opt/rtems/6/sparc-rtems6/gr740/lib/librtemsbsp.a(ckinit.c.15.o)
                0x00001684                _Clock_Initialize
 .text.find_matching_apbuart
                0x00001730       0x7c /opt/rtems/6/sparc-rtems6/gr740/lib/librtemsbsp.a(console.c.15.o)
 .text.console_initialize
                0x000017ac      0x1ac /opt/rtems/6/sparc-rtems6/gr740/lib/librtemsbsp.a(console.c.15.o)
                0x000017ac                console_initialize
 .text.ambapp_plb_alloc
                0x00001958       0x18 /opt/rtems/6/sparc-rtems6/gr740/lib/librtemsbsp.a(amba.c.15.o)
 .text.amba_initialize
                0x00001970       0x48 /opt/rtems/6/sparc-rtems6/gr740/lib/librtemsbsp.a(amba.c.15.o)
 .text.ambapp_plb
                0x000019b8       0x4c /opt/rtems/6/sparc-rtems6/gr740/lib/librtemsbsp.a(amba.c.15.o)
                0x000019b8                ambapp_plb
 *fill*         0x00001a04       0x1c 
 .text          0x00001a20       0x60 /opt/rtems/6/sparc-rtems6/gr740/lib/librtemsbsp.a(bspidle.S.15.o)
                0x00001a20                bsp_idle_thread
                0x00001a20                leon3_power_down_loop
 .text.leon3_cpu_index_init
                0x00001a80       0x14 /opt/rtems/6/sparc-rtems6/gr740/lib/librtemsbsp.a(bspstart.c.15.o)
 .text.bsp_start
                0x00001a94       0x24 /opt/rtems/6/sparc-rtems6/gr740/lib/librtemsbsp.a(bspstart.c.15.o)
                0x00001a94                bsp_start
 .text.leon3_timecounter_get_asr_22_23_up_counter
                0x00001ab8        0xc /opt/rtems/6/sparc-rtems6/gr740/lib/librtemsbsp.a(cpucounter.c.15.o)
 .text.leon3_counter_initialize
                0x00001ac4       0x34 /opt/rtems/6/sparc-rtems6/gr740/lib/librtemsbsp.a(cpucounter.c.15.o)
 .text.leon3_interrupt_vector_enable
                0x00001af8       0xd8 /opt/rtems/6/sparc-rtems6/gr740/lib/librtemsbsp.a(eirq.c.15.o)
 .text.bsp_interrupt_is_valid_vector
                0x00001bd0       0x10 /opt/rtems/6/sparc-rtems6/gr740/lib/librtemsbsp.a(eirq.c.15.o)
                0x00001bd0                bsp_interrupt_is_valid_vector
 .text.bsp_interrupt_facility_initialize
                0x00001be0       0x5c /opt/rtems/6/sparc-rtems6/gr740/lib/librtemsbsp.a(eirq.c.15.o)
                0x00001be0                bsp_interrupt_facility_initialize
 .text.bsp_interrupt_vector_enable
                0x00001c3c       0x64 /opt/rtems/6/sparc-rtems6/gr740/lib/librtemsbsp.a(eirq.c.15.o)
                0x00001c3c                bsp_interrupt_vector_enable
 .text.bsp_interrupt_set_affinity
                0x00001ca0       0xa0 /opt/rtems/6/sparc-rtems6/gr740/lib/librtemsbsp.a(eirq.c.15.o)
                0x00001ca0                bsp_interrupt_set_affinity
 .text.bsp_inter_processor_interrupt
                0x00001d40       0x74 /opt/rtems/6/sparc-rtems6/gr740/lib/librtemsbsp.a(bspsmp.c.19.o)
 .text.bsp_start_on_secondary_processor
                0x00001db4       0x30 /opt/rtems/6/sparc-rtems6/gr740/lib/librtemsbsp.a(bspsmp.c.19.o)
                0x00001db4                bsp_start_on_secondary_processor
 .text._CPU_SMP_Initialize
                0x00001de4       0x3c /opt/rtems/6/sparc-rtems6/gr740/lib/librtemsbsp.a(bspsmp.c.19.o)
                0x00001de4                _CPU_SMP_Initialize
 .text._CPU_SMP_Start_processor
                0x00001e20       0x38 /opt/rtems/6/sparc-rtems6/gr740/lib/librtemsbsp.a(bspsmp.c.19.o)
                0x00001e20                _CPU_SMP_Start_processor
 .text._CPU_SMP_Finalize_initialization
                0x00001e58       0x64 /opt/rtems/6/sparc-rtems6/gr740/lib/librtemsbsp.a(bspsmp.c.19.o)
                0x00001e58                _CPU_SMP_Finalize_initialization
 .text._CPU_SMP_Prepare_start_multitasking
                0x00001ebc        0x8 /opt/rtems/6/sparc-rtems6/gr740/lib/librtemsbsp.a(bspsmp.c.19.o)
                0x00001ebc                _CPU_SMP_Prepare_start_multitasking
 .text._CPU_SMP_Send_interrupt
                0x00001ec4       0x28 /opt/rtems/6/sparc-rtems6/gr740/lib/librtemsbsp.a(bspsmp.c.19.o)
                0x00001ec4                _CPU_SMP_Send_interrupt
 .text.ambapp_dev_match_options
                0x00001eec       0xe0 /opt/rtems/6/sparc-rtems6/gr740/lib/librtemsbsp.a(ambapp.c.9.o)
 .text.ambapp_for_each_apb.isra.0
                0x00001fcc       0x78 /opt/rtems/6/sparc-rtems6/gr740/lib/librtemsbsp.a(ambapp.c.9.o)
 .text.ambapp_for_each_dev
                0x00002044      0x224 /opt/rtems/6/sparc-rtems6/gr740/lib/librtemsbsp.a(ambapp.c.9.o)
 .text.ambapp_ahb_dev_init
                0x00002268      0x158 /opt/rtems/6/sparc-rtems6/gr740/lib/librtemsbsp.a(ambapp.c.9.o)
 .text.ambapp_scan2
                0x000023c0      0x430 /opt/rtems/6/sparc-rtems6/gr740/lib/librtemsbsp.a(ambapp.c.9.o)
 .text.ambapp_scan
                0x000027f0       0x44 /opt/rtems/6/sparc-rtems6/gr740/lib/librtemsbsp.a(ambapp.c.9.o)
                0x000027f0                ambapp_scan
 .text.ambapp_for_each
                0x00002834       0x10 /opt/rtems/6/sparc-rtems6/gr740/lib/librtemsbsp.a(ambapp.c.9.o)
                0x00002834                ambapp_for_each
 .text.ambapp_freq_get
                0x00002844       0x14 /opt/rtems/6/sparc-rtems6/gr740/lib/librtemsbsp.a(ambapp_freq.c.9.o)
                0x00002844                ambapp_freq_get
 .text.apbuart_write_polled
                0x00002858       0x34 /opt/rtems/6/sparc-rtems6/gr740/lib/librtemsbsp.a(apbuart_termios.c.9.o)
 .text.apbuart_poll_read
                0x0000288c       0x10 /opt/rtems/6/sparc-rtems6/gr740/lib/librtemsbsp.a(apbuart_termios.c.9.o)
 .text.apbuart_set_attributes
                0x0000289c      0x130 /opt/rtems/6/sparc-rtems6/gr740/lib/librtemsbsp.a(apbuart_termios.c.9.o)
 .text.apbuart_first_open_polled
                0x000029cc       0x68 /opt/rtems/6/sparc-rtems6/gr740/lib/librtemsbsp.a(apbuart_termios.c.9.o)
 .text.bsp_interrupt_get_dispatch_table_slot
                0x00002a34       0x14 /opt/rtems/6/sparc-rtems6/gr740/lib/librtemsbsp.a(irq-generic.c.11.o)
                0x00002a34                bsp_interrupt_get_dispatch_table_slot
 .text.bsp_interrupt_spurious
                0x00002a48       0x58 /opt/rtems/6/sparc-rtems6/gr740/lib/librtemsbsp.a(irq-generic.c.11.o)
                0x00002a48                bsp_interrupt_spurious
 .text.bsp_interrupt_entry_find
                0x00002aa0       0xa0 /opt/rtems/6/sparc-rtems6/gr740/lib/librtemsbsp.a(irq-generic.c.11.o)
                0x00002aa0                bsp_interrupt_entry_find
 .text.bsp_interrupt_initialize
                0x00002b40       0x28 /opt/rtems/6/sparc-rtems6/gr740/lib/librtemsbsp.a(irq-generic.c.11.o)
                0x00002b40                bsp_interrupt_initialize
 .text.rtems_interrupt_entry_install
                0x00002b68      0x164 /opt/rtems/6/sparc-rtems6/gr740/lib/librtemsbsp.a(irq-generic.c.11.o)
                0x00002b68                rtems_interrupt_entry_install
 .text.bsp_interrupt_lock
                0x00002ccc       0x28 /opt/rtems/6/sparc-rtems6/gr740/lib/librtemsbsp.a(irq-lock.c.11.o)
                0x00002ccc                bsp_interrupt_lock
 .text.bsp_interrupt_unlock
                0x00002cf4       0x28 /opt/rtems/6/sparc-rtems6/gr740/lib/librtemsbsp.a(irq-lock.c.11.o)
                0x00002cf4                bsp_interrupt_unlock
 .text.bsp_interrupt_handler_default
                0x00002d1c       0x14 /opt/rtems/6/sparc-rtems6/gr740/lib/librtemsbsp.a(irq-default-handler.c.15.o)
                0x00002d1c                bsp_interrupt_handler_default
 .text.apbuart_outbyte_wait
                0x00002d30       0x34 /opt/rtems/6/sparc-rtems6/gr740/lib/librtemsbsp.a(apbuart_polled.c.9.o)
                0x00002d30                apbuart_outbyte_wait
 .text.apbuart_outbyte_polled
                0x00002d64       0x3c /opt/rtems/6/sparc-rtems6/gr740/lib/librtemsbsp.a(apbuart_polled.c.9.o)
                0x00002d64                apbuart_outbyte_polled
 .text.apbuart_inbyte_nonblocking
                0x00002da0       0x2c /opt/rtems/6/sparc-rtems6/gr740/lib/librtemsbsp.a(apbuart_polled.c.9.o)
                0x00002da0                apbuart_inbyte_nonblocking
 .text._IO_Relax
                0x00002dcc       0x28 /opt/rtems/6/sparc-rtems6/gr740/lib/librtemscpu.a(iorelax.c.60.o)
                0x00002dcc                _IO_Relax
 .text.__assert_func
                0x00002df4       0x58 /opt/rtems/6/sparc-rtems6/gr740/lib/librtemscpu.a(__assert.c.60.o)
                0x00002df4                __assert_func
 .text.rtems_filesystem_initialize
                0x00002e4c       0x68 /opt/rtems/6/sparc-rtems6/gr740/lib/librtemscpu.a(base_fs.c.60.o)
                0x00002e4c                rtems_filesystem_initialize
 .text.free     0x00002eb4       0x98 /opt/rtems/6/sparc-rtems6/gr740/lib/librtemscpu.a(free.c.60.o)
                0x00002eb4                free
 .text._Malloc_Process_deferred_frees
                0x00002f4c       0x6c /opt/rtems/6/sparc-rtems6/gr740/lib/librtemscpu.a(free.c.60.o)
                0x00002f4c                _Malloc_Process_deferred_frees
 .text._Malloc_System_state
                0x00002fb8       0x94 /opt/rtems/6/sparc-rtems6/gr740/lib/librtemscpu.a(malloc_deferred.c.60.o)
                0x00002fb8                _Malloc_System_state
 .text.rtems_heap_allocate_aligned_with_boundary
                0x0000304c       0xd4 /opt/rtems/6/sparc-rtems6/gr740/lib/librtemscpu.a(malloc_deferred.c.60.o)
                0x0000304c                rtems_heap_allocate_aligned_with_boundary
 .text.rtems_malloc
                0x00003120       0x24 /opt/rtems/6/sparc-rtems6/gr740/lib/librtemscpu.a(malloc_deferred.c.60.o)
                0x00003120                rtems_malloc
 .text._Malloc_Initialize
                0x00003144       0x24 /opt/rtems/6/sparc-rtems6/gr740/lib/librtemscpu.a(mallocheap.c.60.o)
                0x00003144                _Malloc_Initialize
 .text.mkdir    0x00003168       0x1c /opt/rtems/6/sparc-rtems6/gr740/lib/librtemscpu.a(mkdir.c.60.o)
                0x00003168                mkdir
 .text.rtems_filesystem_mknod
                0x00003184       0xa0 /opt/rtems/6/sparc-rtems6/gr740/lib/librtemscpu.a(mknod.c.60.o)
                0x00003184                rtems_filesystem_mknod
 .text.mknod    0x00003224       0x58 /opt/rtems/6/sparc-rtems6/gr740/lib/librtemscpu.a(mknod.c.60.o)
                0x00003224                mknod
 .text.mount    0x0000327c      0x364 /opt/rtems/6/sparc-rtems6/gr740/lib/librtemscpu.a(mount.c.60.o)
                0x0000327c                mount
 .text.newlib_terminate_hook
                0x000035e0       0x10 /opt/rtems/6/sparc-rtems6/gr740/lib/librtemscpu.a(newlibc_reent.c.60.o)
                0x000035e0                newlib_terminate_hook
 .text.rtems_libio_post_driver
                0x000035f0       0x78 /opt/rtems/6/sparc-rtems6/gr740/lib/librtemscpu.a(open_dev_console.c.60.o)
                0x000035f0                rtems_libio_post_driver
 .text.printk   0x00003668       0x30 /opt/rtems/6/sparc-rtems6/gr740/lib/librtemscpu.a(printk.c.60.o)
                0x00003668                printk
 .text.rtems_heap_null_extend
                0x00003698        0x8 /opt/rtems/6/sparc-rtems6/gr740/lib/librtemscpu.a(rtems_heap_null_extend.c.60.o)
                0x00003698                rtems_heap_null_extend
 .text.free_location
                0x000036a0       0x80 /opt/rtems/6/sparc-rtems6/gr740/lib/librtemscpu.a(sup_fs_eval_path.c.60.o)
 .text.check_access
                0x00003720      0x120 /opt/rtems/6/sparc-rtems6/gr740/lib/librtemscpu.a(sup_fs_eval_path.c.60.o)
 .text.rtems_filesystem_eval_path_continue
                0x00003840       0xe4 /opt/rtems/6/sparc-rtems6/gr740/lib/librtemscpu.a(sup_fs_eval_path.c.60.o)
                0x00003840                rtems_filesystem_eval_path_continue
 .text.rtems_filesystem_eval_path_start_with_root_and_current
                0x00003924      0x154 /opt/rtems/6/sparc-rtems6/gr740/lib/librtemscpu.a(sup_fs_eval_path.c.60.o)
                0x00003924                rtems_filesystem_eval_path_start_with_root_and_current
 .text.rtems_filesystem_eval_path_start
                0x00003a78       0x2c /opt/rtems/6/sparc-rtems6/gr740/lib/librtemscpu.a(sup_fs_eval_path.c.60.o)
                0x00003a78                rtems_filesystem_eval_path_start
 .text.rtems_filesystem_eval_path_error
                0x00003aa4       0x50 /opt/rtems/6/sparc-rtems6/gr740/lib/librtemscpu.a(sup_fs_eval_path.c.60.o)
                0x00003aa4                rtems_filesystem_eval_path_error
 .text.rtems_filesystem_eval_path_cleanup
                0x00003af4       0x3c /opt/rtems/6/sparc-rtems6/gr740/lib/librtemscpu.a(sup_fs_eval_path.c.60.o)
                0x00003af4                rtems_filesystem_eval_path_cleanup
 .text.rtems_filesystem_eval_path_restart
                0x00003b30       0x64 /opt/rtems/6/sparc-rtems6/gr740/lib/librtemscpu.a(sup_fs_eval_path.c.60.o)
                0x00003b30                rtems_filesystem_eval_path_restart
 .text.rtems_filesystem_eval_path_recursive
                0x00003b94      0x114 /opt/rtems/6/sparc-rtems6/gr740/lib/librtemscpu.a(sup_fs_eval_path.c.60.o)
                0x00003b94                rtems_filesystem_eval_path_recursive
 .text.rtems_filesystem_location_copy
                0x00003ca8       0x9c /opt/rtems/6/sparc-rtems6/gr740/lib/librtemscpu.a(sup_fs_location.c.60.o)
                0x00003ca8                rtems_filesystem_location_copy
 .text.rtems_filesystem_location_detach
                0x00003d44       0xac /opt/rtems/6/sparc-rtems6/gr740/lib/librtemscpu.a(sup_fs_location.c.60.o)
                0x00003d44                rtems_filesystem_location_detach
 .text.rtems_filesystem_global_location_assign
                0x00003df0       0x74 /opt/rtems/6/sparc-rtems6/gr740/lib/librtemscpu.a(sup_fs_location.c.60.o)
                0x00003df0                rtems_filesystem_global_location_assign
 .text.rtems_filesystem_do_unmount
                0x00003e64       0xa4 /opt/rtems/6/sparc-rtems6/gr740/lib/librtemscpu.a(sup_fs_location.c.60.o)
                0x00003e64                rtems_filesystem_do_unmount
 .text.release_with_count
                0x00003f08       0xd4 /opt/rtems/6/sparc-rtems6/gr740/lib/librtemscpu.a(sup_fs_location.c.60.o)
 .text.rtems_filesystem_global_location_obtain
                0x00003fdc       0xf8 /opt/rtems/6/sparc-rtems6/gr740/lib/librtemscpu.a(sup_fs_location.c.60.o)
                0x00003fdc                rtems_filesystem_global_location_obtain
 .text.rtems_filesystem_global_location_release
                0x000040d4       0x60 /opt/rtems/6/sparc-rtems6/gr740/lib/librtemscpu.a(sup_fs_location.c.60.o)
                0x000040d4                rtems_filesystem_global_location_release
 .text.rtems_filesystem_location_remove_from_mt_entry
                0x00004134       0xd0 /opt/rtems/6/sparc-rtems6/gr740/lib/librtemscpu.a(sup_fs_location.c.60.o)
                0x00004134                rtems_filesystem_location_remove_from_mt_entry
 .text.rtems_filesystem_location_copy_and_detach
                0x00004204       0xb8 /opt/rtems/6/sparc-rtems6/gr740/lib/librtemscpu.a(sup_fs_location.c.60.o)
                0x00004204                rtems_filesystem_location_copy_and_detach
 .text.rtems_filesystem_location_transform_to_global
                0x000042bc       0x6c /opt/rtems/6/sparc-rtems6/gr740/lib/librtemscpu.a(sup_fs_location.c.60.o)
                0x000042bc                rtems_filesystem_location_transform_to_global
 .text.rtems_termios_callback_firstOpen
                0x00004328       0x24 /opt/rtems/6/sparc-rtems6/gr740/lib/librtemscpu.a(termios.c.60.o)
 .text.rtems_termios_callback_lastClose
                0x0000434c       0x20 /opt/rtems/6/sparc-rtems6/gr740/lib/librtemscpu.a(termios.c.60.o)
 .text.rtems_termios_callback_pollRead
                0x0000436c       0x18 /opt/rtems/6/sparc-rtems6/gr740/lib/librtemscpu.a(termios.c.60.o)
 .text.rtems_termios_callback_write
                0x00004384       0x20 /opt/rtems/6/sparc-rtems6/gr740/lib/librtemscpu.a(termios.c.60.o)
 .text.rtems_termios_callback_setAttributes
                0x000043a4       0x20 /opt/rtems/6/sparc-rtems6/gr740/lib/librtemscpu.a(termios.c.60.o)
 .text.rtems_termios_callback_stopRemoteTx
                0x000043c4       0x18 /opt/rtems/6/sparc-rtems6/gr740/lib/librtemscpu.a(termios.c.60.o)
 .text.rtems_termios_callback_startRemoteTx
                0x000043dc       0x18 /opt/rtems/6/sparc-rtems6/gr740/lib/librtemscpu.a(termios.c.60.o)
 .text.iprocEarly
                0x000043f4       0x94 /opt/rtems/6/sparc-rtems6/gr740/lib/librtemscpu.a(termios.c.60.o)
 .text.rtems_termios_default_isig_handler
                0x00004488        0x8 /opt/rtems/6/sparc-rtems6/gr740/lib/librtemscpu.a(termios.c.60.o)
                0x00004488                rtems_termios_default_isig_handler
 .text.rtems_termios_imfs_node_destroy
                0x00004490       0x14 /opt/rtems/6/sparc-rtems6/gr740/lib/librtemscpu.a(termios.c.60.o)
 .text.rtems_termios_imfs_node_initialize
                0x000044a4       0x2c /opt/rtems/6/sparc-rtems6/gr740/lib/librtemscpu.a(termios.c.60.o)
 .text.deviceAcquireMutex
                0x000044d0        0xc /opt/rtems/6/sparc-rtems6/gr740/lib/librtemscpu.a(termios.c.60.o)
 .text.drainOutput
                0x000044dc       0x9c /opt/rtems/6/sparc-rtems6/gr740/lib/librtemscpu.a(termios.c.60.o)
 .text.deviceReleaseMutex
                0x00004578        0xc /opt/rtems/6/sparc-rtems6/gr740/lib/librtemscpu.a(termios.c.60.o)
 .text.rtems_termios_destroy_tty
                0x00004584      0x164 /opt/rtems/6/sparc-rtems6/gr740/lib/librtemscpu.a(termios.c.60.o)
 .text.rtems_termios_open_tty
                0x000046e8      0x558 /opt/rtems/6/sparc-rtems6/gr740/lib/librtemscpu.a(termios.c.60.o)
 .text.rtems_termios_imfs_open
                0x00004c40       0x84 /opt/rtems/6/sparc-rtems6/gr740/lib/librtemscpu.a(termios.c.60.o)
 .text.canTransmit
                0x00004cc4       0x88 /opt/rtems/6/sparc-rtems6/gr740/lib/librtemscpu.a(termios.c.60.o)
 .text.rtems_termios_refill_transmitter
                0x00004d4c      0x208 /opt/rtems/6/sparc-rtems6/gr740/lib/librtemscpu.a(termios.c.60.o)
 .text.rtems_termios_txdaemon
                0x00004f54       0xa0 /opt/rtems/6/sparc-rtems6/gr740/lib/librtemscpu.a(termios.c.60.o)
 .text.rtems_termios_imfs_close
                0x00004ff4       0x6c /opt/rtems/6/sparc-rtems6/gr740/lib/librtemscpu.a(termios.c.60.o)
 .text.doTransmit
                0x00005060      0x25c /opt/rtems/6/sparc-rtems6/gr740/lib/librtemscpu.a(termios.c.60.o)
 .text.oproc    0x000052bc      0x260 /opt/rtems/6/sparc-rtems6/gr740/lib/librtemscpu.a(termios.c.60.o)
 .text.rtems_termios_write_tty
                0x0000551c       0x90 /opt/rtems/6/sparc-rtems6/gr740/lib/librtemscpu.a(termios.c.60.o)
 .text.rtems_termios_imfs_write
                0x000055ac       0xb8 /opt/rtems/6/sparc-rtems6/gr740/lib/librtemscpu.a(termios.c.60.o)
 .text.echo     0x00005664       0x74 /opt/rtems/6/sparc-rtems6/gr740/lib/librtemscpu.a(termios.c.60.o)
 .text.erase.part.0
                0x000056d8      0x294 /opt/rtems/6/sparc-rtems6/gr740/lib/librtemscpu.a(termios.c.60.o)
 .text.iproc    0x0000596c      0x1f8 /opt/rtems/6/sparc-rtems6/gr740/lib/librtemscpu.a(termios.c.60.o)
 .text.rtems_termios_read_tty
                0x00005b64      0x5fc /opt/rtems/6/sparc-rtems6/gr740/lib/librtemscpu.a(termios.c.60.o)
 .text.rtems_termios_imfs_read
                0x00006160       0xe4 /opt/rtems/6/sparc-rtems6/gr740/lib/librtemscpu.a(termios.c.60.o)
 .text.rtems_termios_device_install
                0x00006244       0x6c /opt/rtems/6/sparc-rtems6/gr740/lib/librtemscpu.a(termios.c.60.o)
                0x00006244                rtems_termios_device_install
 .text.rtems_termios_ioctl
                0x000062b0      0x594 /opt/rtems/6/sparc-rtems6/gr740/lib/librtemscpu.a(termios.c.60.o)
                0x000062b0                rtems_termios_ioctl
 .text.rtems_termios_imfs_ioctl
                0x00006844       0x40 /opt/rtems/6/sparc-rtems6/gr740/lib/librtemscpu.a(termios.c.60.o)
 .text.rtems_termios_enqueue_raw_characters
                0x00006884      0x488 /opt/rtems/6/sparc-rtems6/gr740/lib/librtemscpu.a(termios.c.60.o)
                0x00006884                rtems_termios_enqueue_raw_characters
 .text.rtems_termios_rxdaemon
                0x00006d0c       0x64 /opt/rtems/6/sparc-rtems6/gr740/lib/librtemscpu.a(termios.c.60.o)
 .text.rtems_termios_baud_to_number
                0x00006d70       0x18 /opt/rtems/6/sparc-rtems6/gr740/lib/librtemscpu.a(termios_baud2num.c.60.o)
                0x00006d70                rtems_termios_baud_to_number
 .text.rtems_termios_set_best_baud
                0x00006d88       0x88 /opt/rtems/6/sparc-rtems6/gr740/lib/librtemscpu.a(termios_setbestbaud.c.60.o)
                0x00006d88                rtems_termios_set_best_baud
 .text.rtems_termios_device_lock_acquire_default
                0x00006e10        0xc /opt/rtems/6/sparc-rtems6/gr740/lib/librtemscpu.a(termiosinitialize.c.60.o)
                0x00006e10                rtems_termios_device_lock_acquire_default
 .text.rtems_termios_device_lock_release_default
                0x00006e1c        0xc /opt/rtems/6/sparc-rtems6/gr740/lib/librtemscpu.a(termiosinitialize.c.60.o)
                0x00006e1c                rtems_termios_device_lock_release_default
 .text.vprintk  0x00006e28       0x20 /opt/rtems/6/sparc-rtems6/gr740/lib/librtemscpu.a(vprintk.c.60.o)
                0x00006e28                vprintk
 .text.rtems_filesystem_default_are_nodes_equal
                0x00006e48       0x18 /opt/rtems/6/sparc-rtems6/gr740/lib/librtemscpu.a(default_are_nodes_equal.c.60.o)
                0x00006e48                rtems_filesystem_default_are_nodes_equal
 .text.rtems_filesystem_default_fcntl
                0x00006e60        0x8 /opt/rtems/6/sparc-rtems6/gr740/lib/librtemscpu.a(default_fcntl.c.60.o)
                0x00006e60                rtems_filesystem_default_fcntl
 .text.rtems_filesystem_default_fsunmount
                0x00006e68        0x8 /opt/rtems/6/sparc-rtems6/gr740/lib/librtemscpu.a(default_fsunmount.c.60.o)
                0x00006e68                rtems_filesystem_default_fsunmount
 .text.rtems_filesystem_default_fsync_or_fdatasync
                0x00006e70       0x18 /opt/rtems/6/sparc-rtems6/gr740/lib/librtemscpu.a(default_fsync.c.60.o)
                0x00006e70                rtems_filesystem_default_fsync_or_fdatasync
 .text.rtems_filesystem_default_ftruncate
                0x00006e88       0x18 /opt/rtems/6/sparc-rtems6/gr740/lib/librtemscpu.a(default_ftruncate.c.60.o)
                0x00006e88                rtems_filesystem_default_ftruncate
 .text.rtems_filesystem_default_kqfilter
                0x00006ea0        0x8 /opt/rtems/6/sparc-rtems6/gr740/lib/librtemscpu.a(default_kqfilter.c.60.o)
                0x00006ea0                rtems_termios_kqfilter
                0x00006ea0                rtems_filesystem_default_kqfilter
 .text.rtems_filesystem_default_lock
                0x00006ea8        0xc /opt/rtems/6/sparc-rtems6/gr740/lib/librtemscpu.a(default_lock_and_unlock.c.60.o)
                0x00006ea8                rtems_filesystem_default_lock
 .text.rtems_filesystem_default_unlock
                0x00006eb4        0xc /opt/rtems/6/sparc-rtems6/gr740/lib/librtemscpu.a(default_lock_and_unlock.c.60.o)
                0x00006eb4                rtems_filesystem_default_unlock
 .text.rtems_filesystem_default_lseek
                0x00006ec0       0x1c /opt/rtems/6/sparc-rtems6/gr740/lib/librtemscpu.a(default_lseek.c.60.o)
                0x00006ec0                rtems_filesystem_default_lseek
 .text.rtems_filesystem_default_mmap
                0x00006edc       0x18 /opt/rtems/6/sparc-rtems6/gr740/lib/librtemscpu.a(default_mmap.c.60.o)
                0x00006edc                rtems_filesystem_default_mmap
                0x00006edc                rtems_termios_mmap
 .text.rtems_filesystem_default_poll
                0x00006ef4        0x8 /opt/rtems/6/sparc-rtems6/gr740/lib/librtemscpu.a(default_poll.c.60.o)
                0x00006ef4                rtems_filesystem_default_poll
                0x00006ef4                rtems_termios_poll
 .text.rtems_filesystem_default_readv
                0x00006efc       0x7c /opt/rtems/6/sparc-rtems6/gr740/lib/librtemscpu.a(default_readv.c.60.o)
                0x00006efc                rtems_filesystem_default_readv
 .text.rtems_filesystem_default_statvfs
                0x00006f78       0x18 /opt/rtems/6/sparc-rtems6/gr740/lib/librtemscpu.a(default_statvfs.c.60.o)
                0x00006f78                rtems_filesystem_default_statvfs
 .text.rtems_filesystem_default_writev
                0x00006f90       0x7c /opt/rtems/6/sparc-rtems6/gr740/lib/librtemscpu.a(default_writev.c.60.o)
                0x00006f90                rtems_filesystem_default_writev
 .text.IMFS_chown
                0x0000700c       0x2c /opt/rtems/6/sparc-rtems6/gr740/lib/librtemscpu.a(imfs_chown.c.60.o)
                0x0000700c                IMFS_chown
 .text.IMFS_stat_directory
                0x00007038       0x3c /opt/rtems/6/sparc-rtems6/gr740/lib/librtemscpu.a(imfs_dir_default.c.60.o)
 .text.IMFS_dir_read
                0x00007074      0x18c /opt/rtems/6/sparc-rtems6/gr740/lib/librtemscpu.a(imfs_dir_default.c.60.o)
 .text.IMFS_eval_is_directory
                0x00007200       0x24 /opt/rtems/6/sparc-rtems6/gr740/lib/librtemscpu.a(imfs_eval.c.60.o)
 .text.IMFS_eval_token
                0x00007224      0x1d8 /opt/rtems/6/sparc-rtems6/gr740/lib/librtemscpu.a(imfs_eval.c.60.o)
 .text.IMFS_eval_path
                0x000073fc       0x18 /opt/rtems/6/sparc-rtems6/gr740/lib/librtemscpu.a(imfs_eval.c.60.o)
                0x000073fc                IMFS_eval_path
 .text.IMFS_fchmod
                0x00007414       0x24 /opt/rtems/6/sparc-rtems6/gr740/lib/librtemscpu.a(imfs_fchmod.c.60.o)
                0x00007414                IMFS_fchmod
 .text.IMFS_node_initialize_device
                0x00007438       0x14 /opt/rtems/6/sparc-rtems6/gr740/lib/librtemscpu.a(imfs_handlers_device.c.60.o)
 .text.IMFS_stat_device
                0x0000744c       0x20 /opt/rtems/6/sparc-rtems6/gr740/lib/librtemscpu.a(imfs_handlers_device.c.60.o)
 .text.IMFS_node_initialize_enosys
                0x0000746c       0x18 /opt/rtems/6/sparc-rtems6/gr740/lib/librtemscpu.a(imfs_initsupp.c.60.o)
 .text.IMFS_initialize_support
                0x00007484       0x90 /opt/rtems/6/sparc-rtems6/gr740/lib/librtemscpu.a(imfs_initsupp.c.60.o)
                0x00007484                IMFS_initialize_support
 .text.IMFS_node_initialize_default
                0x00007514        0x8 /opt/rtems/6/sparc-rtems6/gr740/lib/librtemscpu.a(imfs_initsupp.c.60.o)
                0x00007514                IMFS_node_initialize_default
 .text.IMFS_stat_hard_link
                0x0000751c       0x54 /opt/rtems/6/sparc-rtems6/gr740/lib/librtemscpu.a(imfs_link.c.60.o)
 .text.IMFS_node_initialize_hard_link
                0x00007570        0x8 /opt/rtems/6/sparc-rtems6/gr740/lib/librtemscpu.a(imfs_link.c.60.o)
 .text.IMFS_node_remove_hard_link
                0x00007578       0xd0 /opt/rtems/6/sparc-rtems6/gr740/lib/librtemscpu.a(imfs_link.c.60.o)
 .text.IMFS_link
                0x00007648       0xa8 /opt/rtems/6/sparc-rtems6/gr740/lib/librtemscpu.a(imfs_link.c.60.o)
                0x00007648                IMFS_link
 .text.IMFS_node_initialize_generic
                0x000076f0        0x8 /opt/rtems/6/sparc-rtems6/gr740/lib/librtemscpu.a(imfs_make_generic_node.c.60.o)
                0x000076f0                IMFS_node_initialize_generic
 .text.IMFS_make_node
                0x000076f8      0x118 /opt/rtems/6/sparc-rtems6/gr740/lib/librtemscpu.a(imfs_make_generic_node.c.60.o)
                0x000076f8                IMFS_make_node
 .text.IMFS_make_generic_node
                0x00007810       0x14 /opt/rtems/6/sparc-rtems6/gr740/lib/librtemscpu.a(imfs_make_generic_node.c.60.o)
                0x00007810                IMFS_make_generic_node
 .text.memfile_free_blocks_in_table
                0x00007824       0xa8 /opt/rtems/6/sparc-rtems6/gr740/lib/librtemscpu.a(imfs_memfile.c.60.o)
 .text.IMFS_memfile_destroy
                0x000078cc      0x17c /opt/rtems/6/sparc-rtems6/gr740/lib/librtemscpu.a(imfs_memfile.c.60.o)
 .text.IMFS_memfile_get_block_pointer
                0x00007a48      0x2a4 /opt/rtems/6/sparc-rtems6/gr740/lib/librtemscpu.a(imfs_memfile.c.60.o)
 .text.memfile_read
                0x00007cec      0x1f0 /opt/rtems/6/sparc-rtems6/gr740/lib/librtemscpu.a(imfs_memfile.c.60.o)
 .text.IMFS_memfile_extend
                0x00007edc      0x240 /opt/rtems/6/sparc-rtems6/gr740/lib/librtemscpu.a(imfs_memfile.c.60.o)
 .text.memfile_ftruncate
                0x0000811c       0x58 /opt/rtems/6/sparc-rtems6/gr740/lib/librtemscpu.a(imfs_memfile.c.60.o)
 .text.IMFS_memfile_write
                0x00008174      0x224 /opt/rtems/6/sparc-rtems6/gr740/lib/librtemscpu.a(imfs_memfile.c.60.o)
                0x00008174                IMFS_memfile_write
 .text.memfile_write
                0x00008398       0x60 /opt/rtems/6/sparc-rtems6/gr740/lib/librtemscpu.a(imfs_memfile.c.60.o)
 .text.IMFS_mknod
                0x000083f8       0xe8 /opt/rtems/6/sparc-rtems6/gr740/lib/librtemscpu.a(imfs_mknod.c.60.o)
                0x000083f8                IMFS_mknod
 .text.IMFS_mount
                0x000084e0       0x64 /opt/rtems/6/sparc-rtems6/gr740/lib/librtemscpu.a(imfs_mount.c.60.o)
                0x000084e0                IMFS_mount
 .text.IMFS_node_destroy.part.0
                0x00008544       0x28 /opt/rtems/6/sparc-rtems6/gr740/lib/librtemscpu.a(imfs_node.c.60.o)
 .text.IMFS_initialize_node
                0x0000856c       0x80 /opt/rtems/6/sparc-rtems6/gr740/lib/librtemscpu.a(imfs_node.c.60.o)
                0x0000856c                IMFS_initialize_node
 .text.IMFS_node_clone
                0x000085ec       0x18 /opt/rtems/6/sparc-rtems6/gr740/lib/librtemscpu.a(imfs_node.c.60.o)
                0x000085ec                IMFS_node_clone
 .text.IMFS_node_destroy
                0x00008604       0x38 /opt/rtems/6/sparc-rtems6/gr740/lib/librtemscpu.a(imfs_node.c.60.o)
                0x00008604                IMFS_node_destroy
 .text.IMFS_node_free
                0x0000863c       0x40 /opt/rtems/6/sparc-rtems6/gr740/lib/librtemscpu.a(imfs_node.c.60.o)
                0x0000863c                IMFS_node_free
 .text.IMFS_node_remove_default
                0x0000867c        0x8 /opt/rtems/6/sparc-rtems6/gr740/lib/librtemscpu.a(imfs_node.c.60.o)
                0x0000867c                IMFS_node_remove_default
 .text.IMFS_node_destroy_default
                0x00008684        0xc /opt/rtems/6/sparc-rtems6/gr740/lib/librtemscpu.a(imfs_node_destroy_default.c.60.o)
                0x00008684                IMFS_node_destroy_default
 .text.IMFS_renamed_destroy
                0x00008690       0x2c /opt/rtems/6/sparc-rtems6/gr740/lib/librtemscpu.a(imfs_rename.c.60.o)
 .text.IMFS_rename
                0x000086bc      0x184 /opt/rtems/6/sparc-rtems6/gr740/lib/librtemscpu.a(imfs_rename.c.60.o)
                0x000086bc                IMFS_rename
 .text.IMFS_rmnod
                0x00008840       0xb0 /opt/rtems/6/sparc-rtems6/gr740/lib/librtemscpu.a(imfs_rmnod.c.60.o)
                0x00008840                IMFS_rmnod
 .text.IMFS_stat
                0x000088f0       0x6c /opt/rtems/6/sparc-rtems6/gr740/lib/librtemscpu.a(imfs_stat.c.60.o)
                0x000088f0                IMFS_stat
 .text.IMFS_stat_file
                0x0000895c       0x28 /opt/rtems/6/sparc-rtems6/gr740/lib/librtemscpu.a(imfs_stat_file.c.60.o)
                0x0000895c                IMFS_stat_file
 .text.IMFS_node_initialize_sym_link
                0x00008984       0x1c /opt/rtems/6/sparc-rtems6/gr740/lib/librtemscpu.a(imfs_symlink.c.60.o)
 .text.IMFS_stat_sym_link
                0x000089a0       0x20 /opt/rtems/6/sparc-rtems6/gr740/lib/librtemscpu.a(imfs_symlink.c.60.o)
 .text.IMFS_symlink
                0x000089c0       0x60 /opt/rtems/6/sparc-rtems6/gr740/lib/librtemscpu.a(imfs_symlink.c.60.o)
                0x000089c0                IMFS_symlink
 .text.IMFS_readlink
                0x00008a20       0x50 /opt/rtems/6/sparc-rtems6/gr740/lib/librtemscpu.a(imfs_symlink.c.60.o)
                0x00008a20                IMFS_readlink
 .text.IMFS_unmount
                0x00008a70       0x64 /opt/rtems/6/sparc-rtems6/gr740/lib/librtemscpu.a(imfs_unmount.c.60.o)
                0x00008a70                IMFS_unmount
 .text.IMFS_utimens
                0x00008ad4       0x30 /opt/rtems/6/sparc-rtems6/gr740/lib/librtemscpu.a(imfs_utimens.c.60.o)
                0x00008ad4                IMFS_utimens
 .text.rtems_event_receive
                0x00008b04       0xd0 /opt/rtems/6/sparc-rtems6/gr740/lib/librtemscpu.a(eventreceive.c.60.o)
                0x00008b04                rtems_event_receive
 .text._Watchdog_Per_CPU_acquire_critical.part.0
                0x00008bd4       0x28 /opt/rtems/6/sparc-rtems6/gr740/lib/librtemscpu.a(eventseize.c.60.o)
 .text._Event_Seize
                0x00008bfc      0x240 /opt/rtems/6/sparc-rtems6/gr740/lib/librtemscpu.a(eventseize.c.60.o)
                0x00008bfc                _Event_Seize
 .text.rtems_event_send
                0x00008e3c       0x3c /opt/rtems/6/sparc-rtems6/gr740/lib/librtemscpu.a(eventsend.c.60.o)
                0x00008e3c                rtems_event_send
 .text._Event_Surrender
                0x00008e78      0x23c /opt/rtems/6/sparc-rtems6/gr740/lib/librtemscpu.a(eventsurrender.c.60.o)
                0x00008e78                _Event_Surrender
 .text.rtems_status_code_to_errno
                0x000090b4       0x48 /opt/rtems/6/sparc-rtems6/gr740/lib/librtemscpu.a(statustoerrno.c.60.o)
                0x000090b4                rtems_status_code_to_errno
 .text.rtems_event_system_send
                0x000090fc       0x40 /opt/rtems/6/sparc-rtems6/gr740/lib/librtemscpu.a(systemeventsend.c.60.o)
                0x000090fc                rtems_event_system_send
 .text._RTEMS_tasks_Allocate_and_prepare_stack
                0x0000913c       0x64 /opt/rtems/6/sparc-rtems6/gr740/lib/librtemscpu.a(taskcreate.c.60.o)
 .text.rtems_task_create
                0x000091a0       0x40 /opt/rtems/6/sparc-rtems6/gr740/lib/librtemscpu.a(taskcreate.c.60.o)
                0x000091a0                rtems_task_create
 .text.rtems_task_exit
                0x000091e0       0x14 /opt/rtems/6/sparc-rtems6/gr740/lib/librtemscpu.a(taskexit.c.60.o)
                0x000091e0                rtems_task_exit
 .text._RTEMS_tasks_Initialize_user_task
                0x000091f4       0xb8 /opt/rtems/6/sparc-rtems6/gr740/lib/librtemscpu.a(taskinitusers.c.60.o)
                0x000091f4                _RTEMS_tasks_Initialize_user_task
 .text.rtems_task_start
                0x000092ac       0x5c /opt/rtems/6/sparc-rtems6/gr740/lib/librtemscpu.a(taskstart.c.60.o)
                0x000092ac                rtems_task_start
 .text.rtems_task_wake_after
                0x00009308      0x150 /opt/rtems/6/sparc-rtems6/gr740/lib/librtemscpu.a(taskwakeafter.c.60.o)
                0x00009308                rtems_task_wake_after
 .text.rtems_initialize_data_structures
                0x00009458       0x7c /opt/rtems/6/sparc-rtems6/gr740/lib/librtemscpu.a(exinit.c.60.o)
 .text.rtems_initialize_executive
                0x000094d4       0x54 /opt/rtems/6/sparc-rtems6/gr740/lib/librtemscpu.a(exinit.c.60.o)
                0x000094d4                rtems_initialize_executive
 .text.rtems_fatal_error_occurred
                0x00009528       0x14 /opt/rtems/6/sparc-rtems6/gr740/lib/librtemscpu.a(fatal.c.60.o)
                0x00009528                rtems_fatal_error_occurred
 .text.rtems_fatal_source_text
                0x0000953c       0x28 /opt/rtems/6/sparc-rtems6/gr740/lib/librtemscpu.a(fatalsrctext.c.60.o)
                0x0000953c                rtems_fatal_source_text
 .text.rtems_get_version_string
                0x00009564        0xc /opt/rtems/6/sparc-rtems6/gr740/lib/librtemscpu.a(getversionstring.c.60.o)
                0x00009564                rtems_get_version_string
 .text.rtems_internal_error_text
                0x00009570       0x28 /opt/rtems/6/sparc-rtems6/gr740/lib/librtemscpu.a(interrtext.c.60.o)
                0x00009570                rtems_internal_error_text
 .text._IO_Initialize_all_drivers
                0x00009598       0x4c /opt/rtems/6/sparc-rtems6/gr740/lib/librtemscpu.a(io.c.60.o)
                0x00009598                _IO_Initialize_all_drivers
 .text.rtems_io_initialize
                0x000095e4       0x58 /opt/rtems/6/sparc-rtems6/gr740/lib/librtemscpu.a(ioinitialize.c.60.o)
                0x000095e4                rtems_io_initialize
 .text.rtems_version
                0x0000963c        0xc /opt/rtems/6/sparc-rtems6/gr740/lib/librtemscpu.a(version.c.60.o)
                0x0000963c                rtems_version
 .text._RTEMS_Lock_allocator
                0x00009648       0x14 /opt/rtems/6/sparc-rtems6/gr740/lib/librtemscpu.a(allocatormutex.c.60.o)
                0x00009648                _RTEMS_Lock_allocator
 .text._RTEMS_Unlock_allocator
                0x0000965c       0x14 /opt/rtems/6/sparc-rtems6/gr740/lib/librtemscpu.a(allocatormutex.c.60.o)
                0x0000965c                _RTEMS_Unlock_allocator
 .text._RTEMS_Allocator_is_owner
                0x00009670       0x14 /opt/rtems/6/sparc-rtems6/gr740/lib/librtemscpu.a(allocatormutex.c.60.o)
                0x00009670                _RTEMS_Allocator_is_owner
 .text._API_Mutex_Is_owner
                0x00009684       0x18 /opt/rtems/6/sparc-rtems6/gr740/lib/librtemscpu.a(apimutexisowner.c.60.o)
                0x00009684                _API_Mutex_Is_owner
 .text._API_Mutex_Lock
                0x0000969c       0x30 /opt/rtems/6/sparc-rtems6/gr740/lib/librtemscpu.a(apimutexlock.c.60.o)
                0x0000969c                _API_Mutex_Lock
 .text._API_Mutex_Unlock
                0x000096cc       0x30 /opt/rtems/6/sparc-rtems6/gr740/lib/librtemscpu.a(apimutexunlock.c.60.o)
                0x000096cc                _API_Mutex_Unlock
 .text._Chain_Initialize
                0x000096fc       0x84 /opt/rtems/6/sparc-rtems6/gr740/lib/librtemscpu.a(chain.c.60.o)
                0x000096fc                _Chain_Initialize
 .text._Heap_Protection_free_delayed_blocks
                0x00009780       0xc0 /opt/rtems/6/sparc-rtems6/gr740/lib/librtemscpu.a(heapallocate.c.60.o)
 .text._Heap_Protection_free_all_delayed_blocks
                0x00009840       0x24 /opt/rtems/6/sparc-rtems6/gr740/lib/librtemscpu.a(heapallocate.c.60.o)
                0x00009840                _Heap_Protection_free_all_delayed_blocks
 .text._Heap_Allocate_aligned_with_boundary
                0x00009864      0x4b4 /opt/rtems/6/sparc-rtems6/gr740/lib/librtemscpu.a(heapallocate.c.60.o)
                0x00009864                _Heap_Allocate_aligned_with_boundary
 .text._Heap_Free
                0x00009d18      0x3a4 /opt/rtems/6/sparc-rtems6/gr740/lib/librtemscpu.a(heapfree.c.60.o)
                0x00009d18                _Heap_Free
 .text._Terminate
                0x0000a0bc       0x30 /opt/rtems/6/sparc-rtems6/gr740/lib/librtemscpu.a(interr.c.60.o)
                0x0000a0bc                _Terminate
 .text._Internal_error
                0x0000a0ec       0x14 /opt/rtems/6/sparc-rtems6/gr740/lib/librtemscpu.a(interr.c.60.o)
                0x0000a0ec                _Internal_error
 .text._ISR_Handler_initialization
                0x0000a100       0x54 /opt/rtems/6/sparc-rtems6/gr740/lib/librtemscpu.a(isr.c.60.o)
                0x0000a100                _ISR_Handler_initialization
 .text._ISR_Is_in_progress
                0x0000a154       0x6c /opt/rtems/6/sparc-rtems6/gr740/lib/librtemscpu.a(isrisinprogress.c.60.o)
                0x0000a154                _ISR_Is_in_progress
 .text.dummy_get_timecount
                0x0000a1c0        0x8 /opt/rtems/6/sparc-rtems6/gr740/lib/librtemscpu.a(kern_tc.c.60.o)
 .text._Timecounter_Windup
                0x0000a1c8      0x418 /opt/rtems/6/sparc-rtems6/gr740/lib/librtemscpu.a(kern_tc.c.60.o)
 .text._Timecounter_Sbinuptime
                0x0000a5e0       0xd4 /opt/rtems/6/sparc-rtems6/gr740/lib/librtemscpu.a(kern_tc.c.60.o)
                0x0000a5e0                _Timecounter_Sbinuptime
                0x0000a5e0                rtems_clock_get_monotonic_sbintime
 .text._Timecounter_Microtime
                0x0000a6b4      0x12c /opt/rtems/6/sparc-rtems6/gr740/lib/librtemscpu.a(kern_tc.c.60.o)
                0x0000a6b4                _Timecounter_Microtime
                0x0000a6b4                rtems_clock_get_realtime_timeval
 .text._Timecounter_Getnanouptime
                0x0000a7e0       0x6c /opt/rtems/6/sparc-rtems6/gr740/lib/librtemscpu.a(kern_tc.c.60.o)
                0x0000a7e0                rtems_clock_get_monotonic_coarse
                0x0000a7e0                _Timecounter_Getnanouptime
 .text._Timecounter_Getbintime
                0x0000a84c       0x50 /opt/rtems/6/sparc-rtems6/gr740/lib/librtemscpu.a(kern_tc.c.60.o)
                0x0000a84c                rtems_clock_get_realtime_coarse_bintime
                0x0000a84c                _Timecounter_Getbintime
 .text._Timecounter_Getnanotime
                0x0000a89c       0x50 /opt/rtems/6/sparc-rtems6/gr740/lib/librtemscpu.a(kern_tc.c.60.o)
                0x0000a89c                _Timecounter_Getnanotime
                0x0000a89c                rtems_clock_get_realtime_coarse
 .text._Timecounter_Install
                0x0000a8ec       0x84 /opt/rtems/6/sparc-rtems6/gr740/lib/librtemscpu.a(kern_tc.c.60.o)
                0x0000a8ec                _Timecounter_Install
 .text._Timecounter_Tick
                0x0000a970       0x84 /opt/rtems/6/sparc-rtems6/gr740/lib/librtemscpu.a(kern_tc.c.60.o)
                0x0000a970                _Timecounter_Tick
 .text._Memory_Allocate
                0x0000a9f4       0x70 /opt/rtems/6/sparc-rtems6/gr740/lib/librtemscpu.a(memoryallocate.c.60.o)
                0x0000a9f4                _Memory_Allocate
 .text._Mutex_Acquire
                0x0000aa64       0xd0 /opt/rtems/6/sparc-rtems6/gr740/lib/librtemscpu.a(mutex.c.60.o)
                0x0000aa64                _Mutex_Acquire
 .text._Mutex_Release
                0x0000ab34       0xe0 /opt/rtems/6/sparc-rtems6/gr740/lib/librtemscpu.a(mutex.c.60.o)
                0x0000ab34                _Mutex_Release
 .text._Mutex_recursive_Acquire
                0x0000ac14       0xe8 /opt/rtems/6/sparc-rtems6/gr740/lib/librtemscpu.a(mutex.c.60.o)
                0x0000ac14                _Mutex_recursive_Acquire
 .text._Mutex_recursive_Release
                0x0000acfc       0xf8 /opt/rtems/6/sparc-rtems6/gr740/lib/librtemscpu.a(mutex.c.60.o)
                0x0000acfc                _Mutex_recursive_Release
 .text._Objects_Allocate_static
                0x0000adf4       0x3c /opt/rtems/6/sparc-rtems6/gr740/lib/librtemscpu.a(objectallocatestatic.c.60.o)
                0x0000adf4                _Objects_Allocate_static
 .text._Objects_Allocate_unlimited
                0x0000ae30      0x124 /opt/rtems/6/sparc-rtems6/gr740/lib/librtemscpu.a(objectallocateunlimited.c.60.o)
                0x0000ae30                _Objects_Allocate_unlimited
 .text._Objects_Extend_information
                0x0000af54      0x2d8 /opt/rtems/6/sparc-rtems6/gr740/lib/librtemscpu.a(objectextendinformation.c.60.o)
                0x0000af54                _Objects_Extend_information
 .text._Objects_Free_unlimited
                0x0000b22c       0xdc /opt/rtems/6/sparc-rtems6/gr740/lib/librtemscpu.a(objectfree.c.60.o)
                0x0000b22c                _Objects_Free_unlimited
 .text._Objects_Free_static
                0x0000b308       0x54 /opt/rtems/6/sparc-rtems6/gr740/lib/librtemscpu.a(objectfreestatic.c.60.o)
                0x0000b308                _Objects_Free_static
 .text._Objects_Free_objects_block
                0x0000b35c      0x1b8 /opt/rtems/6/sparc-rtems6/gr740/lib/librtemscpu.a(objectshrinkinformation.c.60.o)
                0x0000b35c                _Objects_Free_objects_block
 .text._Objects_Shrink_information
                0x0000b514       0xdc /opt/rtems/6/sparc-rtems6/gr740/lib/librtemscpu.a(objectshrinkinformation.c.60.o)
                0x0000b514                _Objects_Shrink_information
 .text._Protected_heap_Free
                0x0000b5f0       0x28 /opt/rtems/6/sparc-rtems6/gr740/lib/librtemscpu.a(pheapfree.c.60.o)
                0x0000b5f0                _Protected_heap_Free
 .text._Scheduler_Handler_initialization
                0x0000b618       0x58 /opt/rtems/6/sparc-rtems6/gr740/lib/librtemscpu.a(scheduler.c.60.o)
                0x0000b618                _Scheduler_Handler_initialization
 .text._Scheduler_default_Map_priority
                0x0000b670       0x14 /opt/rtems/6/sparc-rtems6/gr740/lib/librtemscpu.a(schedulerdefaultmappriority.c.60.o)
                0x0000b670                _Scheduler_default_Map_priority
 .text._Scheduler_default_Unmap_priority
                0x0000b684       0x14 /opt/rtems/6/sparc-rtems6/gr740/lib/librtemscpu.a(schedulerdefaultmappriority.c.60.o)
                0x0000b684                _Scheduler_default_Unmap_priority
 .text._Scheduler_default_Node_destroy
                0x0000b698       0x10 /opt/rtems/6/sparc-rtems6/gr740/lib/librtemscpu.a(schedulerdefaultnodedestroy.c.60.o)
                0x0000b698                _Scheduler_default_Node_destroy
 .text._Scheduler_default_Release_job
                0x0000b6a8        0x8 /opt/rtems/6/sparc-rtems6/gr740/lib/librtemscpu.a(schedulerdefaultreleasejob.c.60.o)
                0x0000b6a8                _Scheduler_default_Release_job
 .text._Scheduler_default_Cancel_job
                0x0000b6b0        0x8 /opt/rtems/6/sparc-rtems6/gr740/lib/librtemscpu.a(schedulerdefaultreleasejob.c.60.o)
                0x0000b6b0                _Scheduler_default_Cancel_job
 .text._Scheduler_default_Start_idle
                0x0000b6b8       0x78 /opt/rtems/6/sparc-rtems6/gr740/lib/librtemscpu.a(schedulerdefaultstartidle.c.60.o)
                0x0000b6b8                _Scheduler_default_Start_idle
 .text._Scheduler_priority_Initialize
                0x0000b730       0x58 /opt/rtems/6/sparc-rtems6/gr740/lib/librtemscpu.a(schedulerpriority.c.60.o)
                0x0000b730                _Scheduler_priority_Initialize
 .text._Scheduler_priority_Node_initialize
                0x0000b788       0xa8 /opt/rtems/6/sparc-rtems6/gr740/lib/librtemscpu.a(schedulerpriority.c.60.o)
                0x0000b788                _Scheduler_priority_Node_initialize
 .text._Per_CPU_Get.part.0
                0x0000b830       0x28 /opt/rtems/6/sparc-rtems6/gr740/lib/librtemscpu.a(schedulerpriorityblock.c.60.o)
 .text._Scheduler_priority_Block
                0x0000b858      0x268 /opt/rtems/6/sparc-rtems6/gr740/lib/librtemscpu.a(schedulerpriorityblock.c.60.o)
                0x0000b858                _Scheduler_priority_Block
 .text._Per_CPU_Get.part.0
                0x0000bac0       0x28 /opt/rtems/6/sparc-rtems6/gr740/lib/librtemscpu.a(schedulerprioritychangepriority.c.60.o)
 .text._Scheduler_priority_Update_priority
                0x0000bae8      0x344 /opt/rtems/6/sparc-rtems6/gr740/lib/librtemscpu.a(schedulerprioritychangepriority.c.60.o)
                0x0000bae8                _Scheduler_priority_Update_priority
 .text._Per_CPU_Get.part.0
                0x0000be2c       0x28 /opt/rtems/6/sparc-rtems6/gr740/lib/librtemscpu.a(schedulerpriorityschedule.c.60.o)
 .text._Scheduler_priority_Schedule
                0x0000be54      0x174 /opt/rtems/6/sparc-rtems6/gr740/lib/librtemscpu.a(schedulerpriorityschedule.c.60.o)
                0x0000be54                _Scheduler_priority_Schedule
 .text._Per_CPU_Get.part.0
                0x0000bfc8       0x28 /opt/rtems/6/sparc-rtems6/gr740/lib/librtemscpu.a(schedulerpriorityunblock.c.60.o)
 .text._Scheduler_priority_Unblock
                0x0000bff0      0x2a4 /opt/rtems/6/sparc-rtems6/gr740/lib/librtemscpu.a(schedulerpriorityunblock.c.60.o)
                0x0000bff0                _Scheduler_priority_Unblock
 .text._Per_CPU_Get.part.0
                0x0000c294       0x28 /opt/rtems/6/sparc-rtems6/gr740/lib/librtemscpu.a(schedulerpriorityyield.c.60.o)
 .text._Scheduler_priority_Yield
                0x0000c2bc      0x1e0 /opt/rtems/6/sparc-rtems6/gr740/lib/librtemscpu.a(schedulerpriorityyield.c.60.o)
                0x0000c2bc                _Scheduler_priority_Yield
 .text._Semaphore_Wait
                0x0000c49c       0xbc /opt/rtems/6/sparc-rtems6/gr740/lib/librtemscpu.a(semaphore.c.60.o)
                0x0000c49c                _Semaphore_Wait
 .text._Semaphore_Wait_timed_ticks
                0x0000c558       0xd8 /opt/rtems/6/sparc-rtems6/gr740/lib/librtemscpu.a(semaphore.c.60.o)
                0x0000c558                _Semaphore_Wait_timed_ticks
 .text._Semaphore_Try_wait
                0x0000c630       0xac /opt/rtems/6/sparc-rtems6/gr740/lib/librtemscpu.a(semaphore.c.60.o)
                0x0000c630                _Semaphore_Try_wait
 .text._Semaphore_Post_binary
                0x0000c6dc       0xa4 /opt/rtems/6/sparc-rtems6/gr740/lib/librtemscpu.a(semaphore.c.60.o)
                0x0000c6dc                _Semaphore_Post_binary
 .text._Stack_Allocator_allocate_for_idle_workspace
                0x0000c780       0x2c /opt/rtems/6/sparc-rtems6/gr740/lib/librtemscpu.a(stackallocatorforidlewkspace.c.60.o)
                0x0000c780                _Stack_Allocator_allocate_for_idle_workspace
 .text._Thread_Initialize_information
                0x0000c7ac       0x24 /opt/rtems/6/sparc-rtems6/gr740/lib/librtemscpu.a(thread.c.60.o)
                0x0000c7ac                _Thread_Initialize_information
 .text._Thread_Handler_initialization
                0x0000c7d0       0x2c /opt/rtems/6/sparc-rtems6/gr740/lib/librtemscpu.a(thread.c.60.o)
                0x0000c7d0                _Thread_Handler_initialization
 .text._Thread_Allocate_unlimited
                0x0000c7fc      0x170 /opt/rtems/6/sparc-rtems6/gr740/lib/librtemscpu.a(threadallocateunlimited.c.60.o)
                0x0000c7fc                _Thread_Allocate_unlimited
 .text._Thread_Clear_state_locked
                0x0000c96c      0x100 /opt/rtems/6/sparc-rtems6/gr740/lib/librtemscpu.a(threadclearstate.c.60.o)
                0x0000c96c                _Thread_Clear_state_locked
 .text._Thread_Clear_state
                0x0000ca6c       0x4c /opt/rtems/6/sparc-rtems6/gr740/lib/librtemscpu.a(threadclearstate.c.60.o)
                0x0000ca6c                _Thread_Clear_state
 .text._Thread_Create_idle
                0x0000cab8      0x290 /opt/rtems/6/sparc-rtems6/gr740/lib/librtemscpu.a(threadcreateidle.c.60.o)
                0x0000cab8                _Thread_Create_idle
 .text._Scheduler_Acquire_critical.part.0
                0x0000cd48       0x28 /opt/rtems/6/sparc-rtems6/gr740/lib/librtemscpu.a(threaddispatch.c.60.o)
 .text._Thread_Do_dispatch
                0x0000cd70      0x744 /opt/rtems/6/sparc-rtems6/gr740/lib/librtemscpu.a(threaddispatch.c.60.o)
                0x0000cd70                _Thread_Do_dispatch
 .text._Thread_Dispatch_direct
                0x0000d4b4       0x2c /opt/rtems/6/sparc-rtems6/gr740/lib/librtemscpu.a(threaddispatch.c.60.o)
                0x0000d4b4                _Thread_Dispatch_direct
                0x0000d4b4                _Thread_Dispatch_direct_no_return
 .text._Thread_Dispatch_enable
                0x0000d4e0       0x88 /opt/rtems/6/sparc-rtems6/gr740/lib/librtemscpu.a(threaddispatch.c.60.o)
                0x0000d4e0                _Thread_Dispatch_enable
 .text._Thread_Entry_adaptor_idle
                0x0000d568       0x18 /opt/rtems/6/sparc-rtems6/gr740/lib/librtemscpu.a(threadentryadaptoridle.c.60.o)
                0x0000d568                _Thread_Entry_adaptor_idle
 .text._Thread_Entry_adaptor_numeric
                0x0000d580       0x18 /opt/rtems/6/sparc-rtems6/gr740/lib/librtemscpu.a(threadentryadaptornumeric.c.60.o)
                0x0000d580                _Thread_Entry_adaptor_numeric
 .text._Thread_Get
                0x0000d598       0x68 /opt/rtems/6/sparc-rtems6/gr740/lib/librtemscpu.a(threadget.c.60.o)
                0x0000d598                _Thread_Get
 .text._Per_CPU_Get
                0x0000d600       0x50 /opt/rtems/6/sparc-rtems6/gr740/lib/librtemscpu.a(threadhandler.c.60.o)
 .text._Thread_Handler
                0x0000d650      0x194 /opt/rtems/6/sparc-rtems6/gr740/lib/librtemscpu.a(threadhandler.c.60.o)
                0x0000d650                _Thread_Handler
 .text._Chain_Initialize_one.part.0
                0x0000d7e4       0x28 /opt/rtems/6/sparc-rtems6/gr740/lib/librtemscpu.a(threadinitialize.c.60.o)
 .text._Thread_Free
                0x0000d80c      0x1a0 /opt/rtems/6/sparc-rtems6/gr740/lib/librtemscpu.a(threadinitialize.c.60.o)
                0x0000d80c                _Thread_Free
 .text._Thread_Initialize
                0x0000d9ac      0x50c /opt/rtems/6/sparc-rtems6/gr740/lib/librtemscpu.a(threadinitialize.c.60.o)
                0x0000d9ac                _Thread_Initialize
 .text._Thread_Load_environment
                0x0000deb8       0x58 /opt/rtems/6/sparc-rtems6/gr740/lib/librtemscpu.a(threadloadenv.c.60.o)
                0x0000deb8                _Thread_Load_environment
 .text._Thread_Get_name
                0x0000df10       0x4c /opt/rtems/6/sparc-rtems6/gr740/lib/librtemscpu.a(threadname.c.60.o)
                0x0000df10                _Thread_Get_name
 .text._Thread_queue_Do_acquire_critical
                0x0000df5c       0x44 /opt/rtems/6/sparc-rtems6/gr740/lib/librtemscpu.a(threadq.c.60.o)
                0x0000df5c                _Thread_queue_Do_acquire_critical
 .text._Thread_queue_Acquire
                0x0000dfa0       0x4c /opt/rtems/6/sparc-rtems6/gr740/lib/librtemscpu.a(threadq.c.60.o)
                0x0000dfa0                _Thread_queue_Acquire
 .text._Thread_queue_Do_release_critical
                0x0000dfec       0x58 /opt/rtems/6/sparc-rtems6/gr740/lib/librtemscpu.a(threadq.c.60.o)
                0x0000dfec                _Thread_queue_Do_release_critical
 .text._Chain_Append_unprotected.part.0
                0x0000e044       0x28 /opt/rtems/6/sparc-rtems6/gr740/lib/librtemscpu.a(threadqenqueue.c.60.o)
 .text._Thread_Wait_acquire_default_critical.part.0
                0x0000e06c       0x28 /opt/rtems/6/sparc-rtems6/gr740/lib/librtemscpu.a(threadqenqueue.c.60.o)
 .text._Thread_Wait_claim.part.0
                0x0000e094       0x28 /opt/rtems/6/sparc-rtems6/gr740/lib/librtemscpu.a(threadqenqueue.c.60.o)
 .text._Thread_queue_Make_ready_again
                0x0000e0bc      0x158 /opt/rtems/6/sparc-rtems6/gr740/lib/librtemscpu.a(threadqenqueue.c.60.o)
 .text._Thread_queue_Path_release
                0x0000e214      0x198 /opt/rtems/6/sparc-rtems6/gr740/lib/librtemscpu.a(threadqenqueue.c.60.o)
                0x0000e214                _Thread_queue_Path_release
 .text._Thread_queue_Path_acquire
                0x0000e3ac      0x42c /opt/rtems/6/sparc-rtems6/gr740/lib/librtemscpu.a(threadqenqueue.c.60.o)
                0x0000e3ac                _Thread_queue_Path_acquire
 .text._Thread_queue_Enqueue_do_nothing_extra
                0x0000e7d8        0x8 /opt/rtems/6/sparc-rtems6/gr740/lib/librtemscpu.a(threadqenqueue.c.60.o)
                0x0000e7d8                _Thread_queue_Enqueue_do_nothing_extra
 .text._Thread_queue_Deadlock_fatal
                0x0000e7e0       0x10 /opt/rtems/6/sparc-rtems6/gr740/lib/librtemscpu.a(threadqenqueue.c.60.o)
                0x0000e7e0                _Thread_queue_Deadlock_fatal
 .text._Thread_queue_Enqueue
                0x0000e7f0      0x344 /opt/rtems/6/sparc-rtems6/gr740/lib/librtemscpu.a(threadqenqueue.c.60.o)
                0x0000e7f0                _Thread_queue_Enqueue
 .text._Thread_queue_Extract_locked
                0x0000eb34       0x24 /opt/rtems/6/sparc-rtems6/gr740/lib/librtemscpu.a(threadqenqueue.c.60.o)
                0x0000eb34                _Thread_queue_Extract_locked
 .text._Thread_queue_Resume
                0x0000eb58      0x144 /opt/rtems/6/sparc-rtems6/gr740/lib/librtemscpu.a(threadqenqueue.c.60.o)
                0x0000eb58                _Thread_queue_Resume
 .text._Thread_queue_Surrender
                0x0000ec9c      0x18c /opt/rtems/6/sparc-rtems6/gr740/lib/librtemscpu.a(threadqenqueue.c.60.o)
                0x0000ec9c                _Thread_queue_Surrender
 .text._Thread_queue_Surrender_no_priority
                0x0000ee28       0x7c /opt/rtems/6/sparc-rtems6/gr740/lib/librtemscpu.a(threadqenqueue.c.60.o)
                0x0000ee28                _Thread_queue_Surrender_no_priority
 .text._Thread_queue_Do_nothing_priority_actions
                0x0000eea4       0x2c /opt/rtems/6/sparc-rtems6/gr740/lib/librtemscpu.a(threadqops.c.60.o)
                0x0000eea4                _Thread_queue_Do_nothing_priority_actions
 .text._Thread_Scheduler_get_home_node.part.0
                0x0000eed0       0x28 /opt/rtems/6/sparc-rtems6/gr740/lib/librtemscpu.a(threadqops.c.60.o)
 .text._Chain_Append_unprotected.part.0
                0x0000eef8       0x28 /opt/rtems/6/sparc-rtems6/gr740/lib/librtemscpu.a(threadqops.c.60.o)
 .text._Chain_Initialize_one.part.0
                0x0000ef20       0x28 /opt/rtems/6/sparc-rtems6/gr740/lib/librtemscpu.a(threadqops.c.60.o)
 .text._Chain_Extract_unprotected.part.0
                0x0000ef48       0x28 /opt/rtems/6/sparc-rtems6/gr740/lib/librtemscpu.a(threadqops.c.60.o)
 .text._Thread_queue_Priority_queue_by_index.part.0
                0x0000ef70       0x28 /opt/rtems/6/sparc-rtems6/gr740/lib/librtemscpu.a(threadqops.c.60.o)
 .text._Thread_queue_Priority_first
                0x0000ef98       0x78 /opt/rtems/6/sparc-rtems6/gr740/lib/librtemscpu.a(threadqops.c.60.o)
 .text._Thread_Scheduler_add_request.part.0
                0x0000f010       0x28 /opt/rtems/6/sparc-rtems6/gr740/lib/librtemscpu.a(threadqops.c.60.o)
 .text._Thread_queue_Queue_enqueue
                0x0000f038      0x118 /opt/rtems/6/sparc-rtems6/gr740/lib/librtemscpu.a(threadqops.c.60.o)
 .text._Thread_queue_Priority_enqueue
                0x0000f150       0x1c /opt/rtems/6/sparc-rtems6/gr740/lib/librtemscpu.a(threadqops.c.60.o)
 .text._Thread_queue_Priority_inherit_enqueue
                0x0000f16c       0x1c /opt/rtems/6/sparc-rtems6/gr740/lib/librtemscpu.a(threadqops.c.60.o)
 .text._Thread_queue_Priority_do_extract
                0x0000f188       0xf8 /opt/rtems/6/sparc-rtems6/gr740/lib/librtemscpu.a(threadqops.c.60.o)
 .text._Thread_queue_Priority_extract
                0x0000f280       0xb8 /opt/rtems/6/sparc-rtems6/gr740/lib/librtemscpu.a(threadqops.c.60.o)
 .text._Thread_queue_Priority_surrender
                0x0000f338      0x100 /opt/rtems/6/sparc-rtems6/gr740/lib/librtemscpu.a(threadqops.c.60.o)
 .text._Thread_queue_Priority_do_enqueue
                0x0000f438      0x220 /opt/rtems/6/sparc-rtems6/gr740/lib/librtemscpu.a(threadqops.c.60.o)
 .text._Thread_queue_Priority_priority_actions
                0x0000f658      0x37c /opt/rtems/6/sparc-rtems6/gr740/lib/librtemscpu.a(threadqops.c.60.o)
 .text._Thread_queue_Priority_inherit_do_enqueue
                0x0000f9d4      0x308 /opt/rtems/6/sparc-rtems6/gr740/lib/librtemscpu.a(threadqops.c.60.o)
 .text._Thread_queue_Priority_inherit_extract
                0x0000fcdc      0x2bc /opt/rtems/6/sparc-rtems6/gr740/lib/librtemscpu.a(threadqops.c.60.o)
 .text._Thread_queue_Priority_inherit_do_initialize
                0x0000ff98      0x290 /opt/rtems/6/sparc-rtems6/gr740/lib/librtemscpu.a(threadqops.c.60.o)
 .text._Thread_queue_Priority_do_initialize
                0x00010228      0x214 /opt/rtems/6/sparc-rtems6/gr740/lib/librtemscpu.a(threadqops.c.60.o)
 .text._Thread_queue_Priority_inherit_priority_actions
                0x0001043c      0x628 /opt/rtems/6/sparc-rtems6/gr740/lib/librtemscpu.a(threadqops.c.60.o)
 .text._Thread_queue_Priority_inherit_surrender
                0x00010a64      0x818 /opt/rtems/6/sparc-rtems6/gr740/lib/librtemscpu.a(threadqops.c.60.o)
 .text._Watchdog_Per_CPU_acquire_critical.part.0
                0x0001127c       0x28 /opt/rtems/6/sparc-rtems6/gr740/lib/librtemscpu.a(threadqtimeout.c.60.o)
 .text._Thread_queue_Add_timeout_ticks
                0x000112a4       0xa0 /opt/rtems/6/sparc-rtems6/gr740/lib/librtemscpu.a(threadqtimeout.c.60.o)
                0x000112a4                _Thread_queue_Add_timeout_ticks
 .text._Thread_Join_flush_filter
                0x00011344        0xc /opt/rtems/6/sparc-rtems6/gr740/lib/librtemscpu.a(threadrestart.c.60.o)
 .text._Thread_State_release
                0x00011350       0x24 /opt/rtems/6/sparc-rtems6/gr740/lib/librtemscpu.a(threadrestart.c.60.o)
 .text._Thread_Get_objects_information.part.0
                0x00011374       0x28 /opt/rtems/6/sparc-rtems6/gr740/lib/librtemscpu.a(threadrestart.c.60.o)
 .text._Chain_Extract_unprotected.part.0
                0x0001139c       0x28 /opt/rtems/6/sparc-rtems6/gr740/lib/librtemscpu.a(threadrestart.c.60.o)
 .text._Chain_Append_unprotected.part.0
                0x000113c4       0x28 /opt/rtems/6/sparc-rtems6/gr740/lib/librtemscpu.a(threadrestart.c.60.o)
 .text._Per_CPU_Get.part.0
                0x000113ec       0x28 /opt/rtems/6/sparc-rtems6/gr740/lib/librtemscpu.a(threadrestart.c.60.o)
 .text._Per_CPU_Get
                0x00011414       0x3c /opt/rtems/6/sparc-rtems6/gr740/lib/librtemscpu.a(threadrestart.c.60.o)
 .text._Thread_Dispatch_disable
                0x00011450       0x38 /opt/rtems/6/sparc-rtems6/gr740/lib/librtemscpu.a(threadrestart.c.60.o)
 .text._Thread_Make_zombie
                0x00011488      0x1bc /opt/rtems/6/sparc-rtems6/gr740/lib/librtemscpu.a(threadrestart.c.60.o)
 .text._Thread_Change_life_locked
                0x00011644      0x120 /opt/rtems/6/sparc-rtems6/gr740/lib/librtemscpu.a(threadrestart.c.60.o)
 .text._Thread_Life_action_handler
                0x00011764      0x24c /opt/rtems/6/sparc-rtems6/gr740/lib/librtemscpu.a(threadrestart.c.60.o)
 .text._Thread_Kill_zombies
                0x000119b0      0x11c /opt/rtems/6/sparc-rtems6/gr740/lib/librtemscpu.a(threadrestart.c.60.o)
                0x000119b0                _Thread_Kill_zombies
 .text._Thread_Exit
                0x00011acc       0xc0 /opt/rtems/6/sparc-rtems6/gr740/lib/librtemscpu.a(threadrestart.c.60.o)
                0x00011acc                _Thread_Exit
 .text._Thread_Change_life
                0x00011b8c       0x9c /opt/rtems/6/sparc-rtems6/gr740/lib/librtemscpu.a(threadrestart.c.60.o)
                0x00011b8c                _Thread_Change_life
 .text._Thread_Set_life_protection
                0x00011c28       0x18 /opt/rtems/6/sparc-rtems6/gr740/lib/librtemscpu.a(threadrestart.c.60.o)
                0x00011c28                _Thread_Set_life_protection
 .text._Thread_Set_state_locked
                0x00011c40      0x15c /opt/rtems/6/sparc-rtems6/gr740/lib/librtemscpu.a(threadsetstate.c.60.o)
                0x00011c40                _Thread_Set_state_locked
 .text._Thread_Set_state
                0x00011d9c       0x4c /opt/rtems/6/sparc-rtems6/gr740/lib/librtemscpu.a(threadsetstate.c.60.o)
                0x00011d9c                _Thread_Set_state
 .text._Stack_Allocate
                0x00011de8       0x1c /opt/rtems/6/sparc-rtems6/gr740/lib/librtemscpu.a(threadstackallocate.c.60.o)
                0x00011de8                _Stack_Allocate
 .text._Stack_Free
                0x00011e04       0x1c /opt/rtems/6/sparc-rtems6/gr740/lib/librtemscpu.a(threadstackfree.c.60.o)
                0x00011e04                _Stack_Free
 .text._Thread_Start
                0x00011e20      0x100 /opt/rtems/6/sparc-rtems6/gr740/lib/librtemscpu.a(threadstart.c.60.o)
                0x00011e20                _Thread_Start
 .text._Per_CPU_Get
                0x00011f20       0x50 /opt/rtems/6/sparc-rtems6/gr740/lib/librtemscpu.a(threadstartmultitasking.c.60.o)
 .text._Thread_Start_multitasking
                0x00011f70       0x74 /opt/rtems/6/sparc-rtems6/gr740/lib/librtemscpu.a(threadstartmultitasking.c.60.o)
                0x00011f70                _Thread_Start_multitasking
 .text._Thread_Wait_acquire_default_critical.part.0
                0x00011fe4       0x28 /opt/rtems/6/sparc-rtems6/gr740/lib/librtemscpu.a(threadtimeout.c.60.o)
 .text._Thread_Continue
                0x0001200c      0x424 /opt/rtems/6/sparc-rtems6/gr740/lib/librtemscpu.a(threadtimeout.c.60.o)
                0x0001200c                _Thread_Continue
 .text._Thread_Timeout
                0x00012430       0x18 /opt/rtems/6/sparc-rtems6/gr740/lib/librtemscpu.a(threadtimeout.c.60.o)
                0x00012430                _Thread_Timeout
 .text._Thread_Yield
                0x00012448       0xfc /opt/rtems/6/sparc-rtems6/gr740/lib/librtemscpu.a(threadyield.c.60.o)
                0x00012448                _Thread_Yield
 .text._TLS_Get_allocation_size
                0x00012544       0xc8 /opt/rtems/6/sparc-rtems6/gr740/lib/librtemscpu.a(tlsallocsize.c.60.o)
                0x00012544                _TLS_Get_allocation_size
 .text._User_extensions_Handler_initialization
                0x0001260c       0x7c /opt/rtems/6/sparc-rtems6/gr740/lib/librtemscpu.a(userext.c.60.o)
                0x0001260c                _User_extensions_Handler_initialization
 .text._User_extensions_Thread_create_visitor
                0x00012688       0x40 /opt/rtems/6/sparc-rtems6/gr740/lib/librtemscpu.a(userextiterate.c.60.o)
                0x00012688                _User_extensions_Thread_create_visitor
 .text._User_extensions_Thread_delete_visitor
                0x000126c8       0x24 /opt/rtems/6/sparc-rtems6/gr740/lib/librtemscpu.a(userextiterate.c.60.o)
                0x000126c8                _User_extensions_Thread_delete_visitor
 .text._User_extensions_Thread_start_visitor
                0x000126ec       0x24 /opt/rtems/6/sparc-rtems6/gr740/lib/librtemscpu.a(userextiterate.c.60.o)
                0x000126ec                _User_extensions_Thread_start_visitor
 .text._User_extensions_Thread_restart_visitor
                0x00012710       0x24 /opt/rtems/6/sparc-rtems6/gr740/lib/librtemscpu.a(userextiterate.c.60.o)
                0x00012710                _User_extensions_Thread_restart_visitor
 .text._User_extensions_Thread_begin_visitor
                0x00012734       0x24 /opt/rtems/6/sparc-rtems6/gr740/lib/librtemscpu.a(userextiterate.c.60.o)
                0x00012734                _User_extensions_Thread_begin_visitor
 .text._User_extensions_Thread_exitted_visitor
                0x00012758       0x24 /opt/rtems/6/sparc-rtems6/gr740/lib/librtemscpu.a(userextiterate.c.60.o)
                0x00012758                _User_extensions_Thread_exitted_visitor
 .text._User_extensions_Fatal_visitor
                0x0001277c       0x2c /opt/rtems/6/sparc-rtems6/gr740/lib/librtemscpu.a(userextiterate.c.60.o)
                0x0001277c                _User_extensions_Fatal_visitor
 .text._User_extensions_Thread_terminate_visitor
                0x000127a8       0x24 /opt/rtems/6/sparc-rtems6/gr740/lib/librtemscpu.a(userextiterate.c.60.o)
                0x000127a8                _User_extensions_Thread_terminate_visitor
 .text._User_extensions_Iterate
                0x000127cc      0x1fc /opt/rtems/6/sparc-rtems6/gr740/lib/librtemscpu.a(userextiterate.c.60.o)
                0x000127cc                _User_extensions_Iterate
 .text._Watchdog_Insert
                0x000129c8       0xf8 /opt/rtems/6/sparc-rtems6/gr740/lib/librtemscpu.a(watchdoginsert.c.60.o)
                0x000129c8                _Watchdog_Insert
 .text._Watchdog_Remove
                0x00012ac0      0x114 /opt/rtems/6/sparc-rtems6/gr740/lib/librtemscpu.a(watchdogremove.c.60.o)
                0x00012ac0                _Watchdog_Remove
 .text._Watchdog_Ticks_from_timespec.part.0
                0x00012bd4       0x28 /opt/rtems/6/sparc-rtems6/gr740/lib/librtemscpu.a(watchdogtick.c.60.o)
 .text._Watchdog_Do_tickle
                0x00012bfc      0x174 /opt/rtems/6/sparc-rtems6/gr740/lib/librtemscpu.a(watchdogtick.c.60.o)
                0x00012bfc                _Watchdog_Do_tickle
 .text._Watchdog_Tick
                0x00012d70      0x228 /opt/rtems/6/sparc-rtems6/gr740/lib/librtemscpu.a(watchdogtick.c.60.o)
                0x00012d70                _Watchdog_Tick
 .text._Workspace_Allocate
                0x00012f98       0x20 /opt/rtems/6/sparc-rtems6/gr740/lib/librtemscpu.a(wkspaceallocate.c.60.o)
                0x00012f98                _Workspace_Allocate
 .text._Workspace_Free
                0x00012fb8       0x48 /opt/rtems/6/sparc-rtems6/gr740/lib/librtemscpu.a(wkspacefree.c.60.o)
                0x00012fb8                _Workspace_Free
 .text._Workspace_Malloc_initialize_unified
                0x00013000        0xc /opt/rtems/6/sparc-rtems6/gr740/lib/librtemscpu.a(wkspacemallocinitunified.c.60.o)
                0x00013000                _Workspace_Malloc_initialize_unified
 .text._CPU_Thread_Idle_body
                0x0001300c        0x4 /opt/rtems/6/sparc-rtems6/gr740/lib/librtemscpu.a(cpuidle.c.43.o)
                0x0001300c                _CPU_Thread_Idle_body
 .text._CPU_Initialize
                0x00013010        0x8 /opt/rtems/6/sparc-rtems6/gr740/lib/librtemscpu.a(cpu.c.43.o)
                0x00013010                _CPU_Initialize
 .text._CPU_ISR_Get_level
                0x00013018       0x14 /opt/rtems/6/sparc-rtems6/gr740/lib/librtemscpu.a(cpu.c.43.o)
                0x00013018                _CPU_ISR_Get_level
 .text._CPU_Context_Initialize
                0x0001302c      0x124 /opt/rtems/6/sparc-rtems6/gr740/lib/librtemscpu.a(cpu.c.43.o)
                0x0001302c                _CPU_Context_Initialize
 .text          0x00013150      0x430 /opt/rtems/6/sparc-rtems6/gr740/lib/librtemscpu.a(cpu_asm.S.43.o)
                0x00013150                _CPU_Context_switch
                0x00013150                _CPU_Context_switch_no_return
                0x00013188                _CPU_Context_restore_heir
                0x00013298                _CPU_Context_restore
                0x000132ac                _SPARC_Interrupt_trap
 .text          0x00013580      0x144 /opt/rtems/6/sparc-rtems6/gr740/lib/librtemscpu.a(sparc-bad-trap.S.43.o)
                0x00013580                _SPARC_Bad_trap
 .text._CPU_Exception_frame_print
                0x000136c4      0x1a4 /opt/rtems/6/sparc-rtems6/gr740/lib/librtemscpu.a(sparc-exception-frame-print.c.43.o)
                0x000136c4                _CPU_Exception_frame_print
 *fill*         0x00013868       0x18 
 .text          0x00013880       0xa0 /opt/rtems/6/sparc-rtems6/gr740/lib/librtemscpu.a(syscall.S.43.o)
                0x00013880                syscall
                0x00013884                bsp_reset
                0x00013884                sparc_syscall_exit
                0x000138a0                syscall_irqdis
                0x000138c0                syscall_irqen
                0x000138e0                syscall_irqdis_fp
 .text          0x00013920      0x144 /opt/rtems/6/sparc-rtems6/gr740/lib/librtemscpu.a(window.S.43.o)
                0x00013920                window_overflow_trap_handler
                0x0001395c                window_underflow_trap_handler
                0x000139ac                window_flush_trap_handler
 .text._Scheduler_default_Sticky_do_nothing
                0x00013a64        0x8 /opt/rtems/6/sparc-rtems6/gr740/lib/librtemscpu.a(schedulerdefaultmakecleansticky.c.57.o)
                0x00013a64                _Scheduler_default_Sticky_do_nothing
 .text._Scheduler_Ensure_exactly_one_processor
                0x00013a6c       0x2c /opt/rtems/6/sparc-rtems6/gr740/lib/librtemscpu.a(schedulerdefaultpinunpindonothing.c.57.o)
 .text._Scheduler_default_Pin_or_unpin_do_nothing
                0x00013a98        0x8 /opt/rtems/6/sparc-rtems6/gr740/lib/librtemscpu.a(schedulerdefaultpinunpindonothing.c.57.o)
                0x00013a98                _Scheduler_default_Pin_or_unpin_do_nothing
 .text._Scheduler_default_Set_affinity
                0x00013aa0       0x30 /opt/rtems/6/sparc-rtems6/gr740/lib/librtemscpu.a(schedulerdefaultsetaffinity.c.57.o)
                0x00013aa0                _Scheduler_default_Set_affinity
 .text._SMP_Fatal
                0x00013ad0       0x14 /opt/rtems/6/sparc-rtems6/gr740/lib/librtemscpu.a(smp.c.57.o)
 .text._Per_CPU_Get.part.0
                0x00013ae4       0x28 /opt/rtems/6/sparc-rtems6/gr740/lib/librtemscpu.a(smp.c.57.o)
 .text._Per_CPU_Set_state.part.0
                0x00013b0c       0x28 /opt/rtems/6/sparc-rtems6/gr740/lib/librtemscpu.a(smp.c.57.o)
 .text._SMP_Process_message.part.0
                0x00013b34       0x58 /opt/rtems/6/sparc-rtems6/gr740/lib/librtemscpu.a(smp.c.57.o)
 .text._SMP_Handler_initialize
                0x00013b8c      0x204 /opt/rtems/6/sparc-rtems6/gr740/lib/librtemscpu.a(smp.c.57.o)
                0x00013b8c                _SMP_Handler_initialize
 .text._SMP_Start_multitasking_on_secondary_processor
                0x00013d90      0x130 /opt/rtems/6/sparc-rtems6/gr740/lib/librtemscpu.a(smp.c.57.o)
                0x00013d90                _SMP_Start_multitasking_on_secondary_processor
 .text._SMP_Request_shutdown
                0x00013ec0      0x11c /opt/rtems/6/sparc-rtems6/gr740/lib/librtemscpu.a(smp.c.57.o)
                0x00013ec0                _SMP_Request_shutdown
 .text._SMP_Process_message
                0x00013fdc       0x44 /opt/rtems/6/sparc-rtems6/gr740/lib/librtemscpu.a(smp.c.57.o)
                0x00013fdc                _SMP_Process_message
 .text._SMP_Wait_for_ready_to_start_multitasking
                0x00014020       0xbc /opt/rtems/6/sparc-rtems6/gr740/lib/librtemscpu.a(smp.c.57.o)
                0x00014020                _SMP_Wait_for_ready_to_start_multitasking
 .text._SMP_Request_start_multitasking
                0x000140dc       0x20 /opt/rtems/6/sparc-rtems6/gr740/lib/librtemscpu.a(smp.c.57.o)
                0x000140dc                _SMP_Request_start_multitasking
 .text._SMP_Try_to_process_message
                0x000140fc       0x24 /opt/rtems/6/sparc-rtems6/gr740/lib/librtemscpu.a(smp.c.57.o)
                0x000140fc                _SMP_Try_to_process_message
 .text._SMP_lock_Release_inline.part.0
                0x00014120       0x28 /opt/rtems/6/sparc-rtems6/gr740/lib/librtemscpu.a(smplock.c.57.o)
 .text._SMP_lock_Initialize
                0x00014148       0x10 /opt/rtems/6/sparc-rtems6/gr740/lib/librtemscpu.a(smplock.c.57.o)
                0x00014148                _SMP_lock_Initialize
 .text._SMP_lock_Destroy
                0x00014158        0x8 /opt/rtems/6/sparc-rtems6/gr740/lib/librtemscpu.a(smplock.c.57.o)
                0x00014158                _SMP_lock_Destroy
 .text._SMP_lock_Acquire
                0x00014160       0x44 /opt/rtems/6/sparc-rtems6/gr740/lib/librtemscpu.a(smplock.c.57.o)
                0x00014160                _SMP_lock_Acquire
 .text._SMP_lock_Release
                0x000141a4       0x74 /opt/rtems/6/sparc-rtems6/gr740/lib/librtemscpu.a(smplock.c.57.o)
                0x000141a4                _SMP_lock_Release
 .text._SMP_lock_ISR_disable_and_acquire
                0x00014218       0x4c /opt/rtems/6/sparc-rtems6/gr740/lib/librtemscpu.a(smplock.c.57.o)
                0x00014218                _SMP_lock_ISR_disable_and_acquire
 .text._SMP_lock_Release_and_ISR_enable
                0x00014264       0x80 /opt/rtems/6/sparc-rtems6/gr740/lib/librtemscpu.a(smplock.c.57.o)
                0x00014264                _SMP_lock_Release_and_ISR_enable
 .text._IO_Vprintf
                0x000142e4      0xc74 /opt/rtems/6/sparc-rtems6/gr740/lib/librtemscpu.a(iovprintf.c.60.o)
                0x00014444                _IO_Vprintf
 .text.null_handler_open
                0x00014f58        0x8 /opt/rtems/6/sparc-rtems6/gr740/lib/librtemscpu.a(__usrenv.c.60.o)
 .text.null_handler_fstat
                0x00014f60        0x8 /opt/rtems/6/sparc-rtems6/gr740/lib/librtemscpu.a(__usrenv.c.60.o)
 .text.null_op_lock_or_unlock
                0x00014f68        0x8 /opt/rtems/6/sparc-rtems6/gr740/lib/librtemscpu.a(__usrenv.c.60.o)
 .text.null_op_mknod
                0x00014f70        0x8 /opt/rtems/6/sparc-rtems6/gr740/lib/librtemscpu.a(__usrenv.c.60.o)
 .text.null_op_link
                0x00014f78        0x8 /opt/rtems/6/sparc-rtems6/gr740/lib/librtemscpu.a(__usrenv.c.60.o)
 .text.null_op_fchmod
                0x00014f80        0x8 /opt/rtems/6/sparc-rtems6/gr740/lib/librtemscpu.a(__usrenv.c.60.o)
 .text.null_op_chown
                0x00014f88        0x8 /opt/rtems/6/sparc-rtems6/gr740/lib/librtemscpu.a(__usrenv.c.60.o)
 .text.null_op_clonenode
                0x00014f90        0x8 /opt/rtems/6/sparc-rtems6/gr740/lib/librtemscpu.a(__usrenv.c.60.o)
 .text.null_op_symlink
                0x00014f98        0x8 /opt/rtems/6/sparc-rtems6/gr740/lib/librtemscpu.a(__usrenv.c.60.o)
 .text.null_op_readlink
                0x00014fa0        0x8 /opt/rtems/6/sparc-rtems6/gr740/lib/librtemscpu.a(__usrenv.c.60.o)
 .text.null_op_rename
                0x00014fa8        0x8 /opt/rtems/6/sparc-rtems6/gr740/lib/librtemscpu.a(__usrenv.c.60.o)
 .text.null_op_utimens
                0x00014fb0        0x8 /opt/rtems/6/sparc-rtems6/gr740/lib/librtemscpu.a(__usrenv.c.60.o)
 .text.null_op_statvfs
                0x00014fb8        0x8 /opt/rtems/6/sparc-rtems6/gr740/lib/librtemscpu.a(__usrenv.c.60.o)
 .text.null_op_rmnod
                0x00014fc0        0x8 /opt/rtems/6/sparc-rtems6/gr740/lib/librtemscpu.a(__usrenv.c.60.o)
 .text.null_op_mount
                0x00014fc8        0x8 /opt/rtems/6/sparc-rtems6/gr740/lib/librtemscpu.a(__usrenv.c.60.o)
 .text.null_op_unmount
                0x00014fd0        0x8 /opt/rtems/6/sparc-rtems6/gr740/lib/librtemscpu.a(__usrenv.c.60.o)
 .text.null_op_fsunmount_me
                0x00014fd8        0x8 /opt/rtems/6/sparc-rtems6/gr740/lib/librtemscpu.a(__usrenv.c.60.o)
 .text.rtems_current_user_env_get
                0x00014fe0       0x24 /opt/rtems/6/sparc-rtems6/gr740/lib/librtemscpu.a(__usrenv.c.60.o)
                0x00014fe0                rtems_current_user_env_get
 .text.rtems_assoc_local_by_remote
                0x00015004       0x28 /opt/rtems/6/sparc-rtems6/gr740/lib/librtemscpu.a(assoclocalbyremote.c.60.o)
                0x00015004                rtems_assoc_local_by_remote
 .text.rtems_assoc_ptr_by_remote
                0x0001502c       0x78 /opt/rtems/6/sparc-rtems6/gr740/lib/librtemscpu.a(assocptrbyremote.c.60.o)
                0x0001502c                rtems_assoc_ptr_by_remote
 .text.calloc   0x000150a4       0x5c /opt/rtems/6/sparc-rtems6/gr740/lib/librtemscpu.a(calloc.c.60.o)
                0x000150a4                calloc
 .text.rtems_filesystem_location_clone
                0x00015100       0x48 /opt/rtems/6/sparc-rtems6/gr740/lib/librtemscpu.a(clonenode.c.60.o)
                0x00015100                rtems_filesystem_location_clone
 .text.rtems_filesystem_location_free
                0x00015148       0x48 /opt/rtems/6/sparc-rtems6/gr740/lib/librtemscpu.a(freenode.c.60.o)
                0x00015148                rtems_filesystem_location_free
 .text.getegid  0x00015190       0x18 /opt/rtems/6/sparc-rtems6/gr740/lib/librtemscpu.a(getegid.c.60.o)
                0x00015190                getegid
 .text.geteuid  0x000151a8       0x18 /opt/rtems/6/sparc-rtems6/gr740/lib/librtemscpu.a(geteuid.c.60.o)
                0x000151a8                geteuid
 .text.rtems_libio_exit
                0x000151c0       0x20 /opt/rtems/6/sparc-rtems6/gr740/lib/librtemscpu.a(libio_exit.c.60.o)
                0x000151c0                rtems_libio_exit
 .text.rtems_libio_init
                0x000151e0       0x74 /opt/rtems/6/sparc-rtems6/gr740/lib/librtemscpu.a(libio_init.c.60.o)
 .text.rtems_libio_lock
                0x00015254       0x14 /opt/rtems/6/sparc-rtems6/gr740/lib/librtemscpu.a(libio_init.c.60.o)
                0x00015254                rtems_libio_lock
 .text.rtems_libio_unlock
                0x00015268       0x14 /opt/rtems/6/sparc-rtems6/gr740/lib/librtemscpu.a(libio_init.c.60.o)
                0x00015268                rtems_libio_unlock
 .text.malloc   0x0001527c       0x40 /opt/rtems/6/sparc-rtems6/gr740/lib/librtemscpu.a(malloc.c.60.o)
                0x0001527c                malloc
 .text.rtems_filesystem_get_mount_handler
                0x000152bc       0xb8 /opt/rtems/6/sparc-rtems6/gr740/lib/librtemscpu.a(mount-mgr.c.60.o)
                0x000152bc                rtems_filesystem_get_mount_handler
 .text.open     0x00015374      0x308 /opt/rtems/6/sparc-rtems6/gr740/lib/librtemscpu.a(open.c.60.o)
                0x00015374                open
 .text.rtems_put_char
                0x0001567c       0x14 /opt/rtems/6/sparc-rtems6/gr740/lib/librtemscpu.a(rtems_put_char.c.60.o)
                0x0001567c                rtems_put_char
 .text.rtems_putc
                0x00015690       0x2c /opt/rtems/6/sparc-rtems6/gr740/lib/librtemscpu.a(rtems_putc.c.60.o)
                0x00015690                rtems_putc
 .text.rtems_filesystem_check_access
                0x000156bc       0xa4 /opt/rtems/6/sparc-rtems6/gr740/lib/librtemscpu.a(sup_fs_check_permissions.c.60.o)
                0x000156bc                rtems_filesystem_check_access
 .text.rtems_filesystem_eval_path_check_access
                0x00015760       0x38 /opt/rtems/6/sparc-rtems6/gr740/lib/librtemscpu.a(sup_fs_check_permissions.c.60.o)
                0x00015760                rtems_filesystem_eval_path_check_access
 .text.rtems_filesystem_eval_path_generic
                0x00015798      0x1f8 /opt/rtems/6/sparc-rtems6/gr740/lib/librtemscpu.a(sup_fs_eval_path_generic.c.60.o)
                0x00015798                rtems_filesystem_eval_path_generic
 .text.rtems_filesystem_eval_path_eat_delimiter
                0x00015990       0x64 /opt/rtems/6/sparc-rtems6/gr740/lib/librtemscpu.a(sup_fs_next_token.c.60.o)
                0x00015990                rtems_filesystem_eval_path_eat_delimiter
 .text.rtems_filesystem_eval_path_next_token
                0x000159f4       0xc0 /opt/rtems/6/sparc-rtems6/gr740/lib/librtemscpu.a(sup_fs_next_token.c.60.o)
                0x000159f4                rtems_filesystem_eval_path_next_token
 .text.rtems_filesystem_default_close
                0x00015ab4        0x8 /opt/rtems/6/sparc-rtems6/gr740/lib/librtemscpu.a(default_close.c.60.o)
                0x00015ab4                rtems_filesystem_default_close
 .text.rtems_filesystem_default_eval_path
                0x00015abc       0x14 /opt/rtems/6/sparc-rtems6/gr740/lib/librtemscpu.a(default_eval_path.c.60.o)
                0x00015abc                rtems_filesystem_default_eval_path
 .text.rtems_filesystem_default_freenode
                0x00015ad0        0x8 /opt/rtems/6/sparc-rtems6/gr740/lib/librtemscpu.a(default_freenode.c.60.o)
                0x00015ad0                rtems_filesystem_default_freenode
 .text.rtems_filesystem_default_fsync_or_fdatasync_success
                0x00015ad8        0x8 /opt/rtems/6/sparc-rtems6/gr740/lib/librtemscpu.a(default_fsync_success.c.60.o)
                0x00015ad8                rtems_filesystem_default_fsync_or_fdatasync_success
 .text.rtems_filesystem_default_ftruncate_directory
                0x00015ae0       0x18 /opt/rtems/6/sparc-rtems6/gr740/lib/librtemscpu.a(default_ftruncate_directory.c.60.o)
                0x00015ae0                rtems_filesystem_default_ftruncate_directory
 .text.rtems_filesystem_default_ioctl
                0x00015af8       0x18 /opt/rtems/6/sparc-rtems6/gr740/lib/librtemscpu.a(default_ioctl.c.60.o)
                0x00015af8                rtems_filesystem_default_ioctl
 .text.rtems_filesystem_default_lseek_directory
                0x00015b10       0x44 /opt/rtems/6/sparc-rtems6/gr740/lib/librtemscpu.a(default_lseek_directory.c.60.o)
                0x00015b10                rtems_filesystem_default_lseek_directory
 .text.rtems_filesystem_default_lseek_file
                0x00015b54      0x11c /opt/rtems/6/sparc-rtems6/gr740/lib/librtemscpu.a(default_lseek_file.c.60.o)
                0x00015b54                rtems_filesystem_default_lseek_file
 .text.rtems_filesystem_default_open
                0x00015c70        0x8 /opt/rtems/6/sparc-rtems6/gr740/lib/librtemscpu.a(default_open.c.60.o)
                0x00015c70                rtems_filesystem_default_open
 .text.rtems_filesystem_default_read
                0x00015c78       0x18 /opt/rtems/6/sparc-rtems6/gr740/lib/librtemscpu.a(default_read.c.60.o)
                0x00015c78                rtems_filesystem_default_read
 .text.rtems_filesystem_default_write
                0x00015c90       0x18 /opt/rtems/6/sparc-rtems6/gr740/lib/librtemscpu.a(default_write.c.60.o)
                0x00015c90                rtems_filesystem_default_write
 .text.device_open
                0x00015ca8       0x14 /opt/rtems/6/sparc-rtems6/gr740/lib/librtemscpu.a(deviceio.c.60.o)
                0x00015ca8                device_open
 .text.device_close
                0x00015cbc       0x18 /opt/rtems/6/sparc-rtems6/gr740/lib/librtemscpu.a(deviceio.c.60.o)
                0x00015cbc                device_close
 .text.device_read
                0x00015cd4       0x18 /opt/rtems/6/sparc-rtems6/gr740/lib/librtemscpu.a(deviceio.c.60.o)
                0x00015cd4                device_read
 .text.device_write
                0x00015cec       0x18 /opt/rtems/6/sparc-rtems6/gr740/lib/librtemscpu.a(deviceio.c.60.o)
                0x00015cec                device_write
 .text.device_ioctl
                0x00015d04       0x18 /opt/rtems/6/sparc-rtems6/gr740/lib/librtemscpu.a(deviceio.c.60.o)
                0x00015d04                device_ioctl
 .text.device_ftruncate
                0x00015d1c        0x8 /opt/rtems/6/sparc-rtems6/gr740/lib/librtemscpu.a(deviceio.c.60.o)
                0x00015d1c                device_ftruncate
 .text.IMFS_create_node
                0x00015d24       0xf8 /opt/rtems/6/sparc-rtems6/gr740/lib/librtemscpu.a(imfs_creat.c.60.o)
                0x00015d24                IMFS_create_node
 .text.IMFS_node_initialize_directory
                0x00015e1c       0x18 /opt/rtems/6/sparc-rtems6/gr740/lib/librtemscpu.a(imfs_dir.c.60.o)
                0x00015e1c                IMFS_node_initialize_directory
 .text.IMFS_node_remove_directory
                0x00015e34       0x50 /opt/rtems/6/sparc-rtems6/gr740/lib/librtemscpu.a(imfs_dir.c.60.o)
                0x00015e34                IMFS_node_remove_directory
 .text._RTEMS_tasks_Start_extension
                0x00015e84       0x10 /opt/rtems/6/sparc-rtems6/gr740/lib/librtemscpu.a(taskconstruct.c.60.o)
 .text._RTEMS_tasks_Manager_initialization
                0x00015e94       0x20 /opt/rtems/6/sparc-rtems6/gr740/lib/librtemscpu.a(taskconstruct.c.60.o)
 .text._RTEMS_tasks_Create
                0x00015eb4      0x24c /opt/rtems/6/sparc-rtems6/gr740/lib/librtemscpu.a(taskconstruct.c.60.o)
                0x00015eb4                _RTEMS_tasks_Create
 .text._Freechain_Extend
                0x00016100       0x38 /opt/rtems/6/sparc-rtems6/gr740/lib/librtemscpu.a(freechain.c.60.o)
                0x00016100                _Freechain_Extend
 .text._Heap_Protection_block_initialize_default
                0x00016138       0x44 /opt/rtems/6/sparc-rtems6/gr740/lib/librtemscpu.a(heap.c.60.o)
 .text._Heap_Protection_block_check_default
                0x0001617c       0x84 /opt/rtems/6/sparc-rtems6/gr740/lib/librtemscpu.a(heap.c.60.o)
 .text._Heap_Block_split
                0x00016200      0x16c /opt/rtems/6/sparc-rtems6/gr740/lib/librtemscpu.a(heap.c.60.o)
 .text._Heap_Protection_block_error_default
                0x0001636c       0x20 /opt/rtems/6/sparc-rtems6/gr740/lib/librtemscpu.a(heap.c.60.o)
 .text._Heap_Initialize
                0x0001638c      0x2b8 /opt/rtems/6/sparc-rtems6/gr740/lib/librtemscpu.a(heap.c.60.o)
                0x0001638c                _Heap_Initialize
 .text._Heap_Block_allocate
                0x00016644      0x1bc /opt/rtems/6/sparc-rtems6/gr740/lib/librtemscpu.a(heap.c.60.o)
                0x00016644                _Heap_Block_allocate
 .text._Objects_Close
                0x00016800      0x104 /opt/rtems/6/sparc-rtems6/gr740/lib/librtemscpu.a(objectclose.c.60.o)
                0x00016800                _Objects_Close
 .text._Objects_Free_nothing
                0x00016904        0x8 /opt/rtems/6/sparc-rtems6/gr740/lib/librtemscpu.a(objectfreenothing.c.60.o)
                0x00016904                _Objects_Free_nothing
 .text._Objects_Get
                0x0001690c       0x64 /opt/rtems/6/sparc-rtems6/gr740/lib/librtemscpu.a(objectgetlocal.c.60.o)
                0x0001690c                _Objects_Get
 .text._Objects_Name_to_string
                0x00016970       0xc0 /opt/rtems/6/sparc-rtems6/gr740/lib/librtemscpu.a(objectgetnameasstring.c.60.o)
                0x00016970                _Objects_Name_to_string
 .text._Objects_Initialize_information
                0x00016a30       0xf4 /opt/rtems/6/sparc-rtems6/gr740/lib/librtemscpu.a(objectinitializeinformation.c.60.o)
                0x00016a30                _Objects_Initialize_information
 .text._RBTree_Extract
                0x00016b24      0x44c /opt/rtems/6/sparc-rtems6/gr740/lib/librtemscpu.a(rbtreeextract.c.60.o)
                0x00016b24                _RBTree_Extract
 .text._RBTree_Insert_color