Archive member included to satisfy reference by file (symbol)

/opt/rtems/6/sparc-rtems6/gr740/lib/librtemsbsp.a(bootcard.c.2.o)
                              /opt/rtems/6/sparc-rtems6/gr740/lib/start.o (boot_card)
/opt/rtems/6/sparc-rtems6/gr740/lib/librtemsbsp.a(bspfatal-default.c.2.o)
                              b-gr740/init.o (bsp_fatal_extension)
/opt/rtems/6/sparc-rtems6/gr740/lib/librtemsbsp.a(bspgetworkarea.c.12.o)
                              /opt/rtems/6/sparc-rtems6/gr740/lib/start.o (_SPARC_Memory_initialize)
/opt/rtems/6/sparc-rtems6/gr740/lib/librtemsbsp.a(console-termios.c.15.o)
                              b-gr740/init.o (console_open)
/opt/rtems/6/sparc-rtems6/gr740/lib/librtemsbsp.a(ckinit.c.15.o)
                              b-gr740/init.o (_Clock_Initialize)
/opt/rtems/6/sparc-rtems6/gr740/lib/librtemsbsp.a(console.c.15.o)
                              b-gr740/init.o (console_initialize)
/opt/rtems/6/sparc-rtems6/gr740/lib/librtemsbsp.a(amba.c.15.o)
                              /opt/rtems/6/sparc-rtems6/gr740/lib/librtemsbsp.a(console.c.15.o) (ambapp_plb)
/opt/rtems/6/sparc-rtems6/gr740/lib/librtemsbsp.a(bspidle.S.15.o)
                              b-gr740/init.o (bsp_idle_thread)
/opt/rtems/6/sparc-rtems6/gr740/lib/librtemsbsp.a(bspstart.c.15.o)
                              /opt/rtems/6/sparc-rtems6/gr740/lib/librtemsbsp.a(bootcard.c.2.o) (bsp_start)
/opt/rtems/6/sparc-rtems6/gr740/lib/librtemsbsp.a(cpucounter.c.15.o)
                              /opt/rtems/6/sparc-rtems6/gr740/lib/librtemsbsp.a(ckinit.c.15.o) (leon3_timecounter_instance)
/opt/rtems/6/sparc-rtems6/gr740/lib/librtemsbsp.a(eirq.c.15.o)
                              /opt/rtems/6/sparc-rtems6/gr740/lib/librtemsbsp.a(ckinit.c.15.o) (bsp_interrupt_set_affinity)
/opt/rtems/6/sparc-rtems6/gr740/lib/librtemsbsp.a(bspsmp.c.19.o)
                              /opt/rtems/6/sparc-rtems6/gr740/lib/start.o (bsp_start_on_secondary_processor)
/opt/rtems/6/sparc-rtems6/gr740/lib/librtemsbsp.a(ambapp.c.9.o)
                              /opt/rtems/6/sparc-rtems6/gr740/lib/librtemsbsp.a(amba.c.15.o) (ambapp_scan)
/opt/rtems/6/sparc-rtems6/gr740/lib/librtemsbsp.a(ambapp_freq.c.9.o)
                              /opt/rtems/6/sparc-rtems6/gr740/lib/librtemsbsp.a(console.c.15.o) (ambapp_freq_get)
/opt/rtems/6/sparc-rtems6/gr740/lib/librtemsbsp.a(apbuart_termios.c.9.o)
                              /opt/rtems/6/sparc-rtems6/gr740/lib/librtemsbsp.a(console.c.15.o) (apbuart_handler_polled)
/opt/rtems/6/sparc-rtems6/gr740/lib/librtemsbsp.a(irq-generic.c.11.o)
                              /opt/rtems/6/sparc-rtems6/gr740/lib/librtemsbsp.a(bspstart.c.15.o) (bsp_interrupt_initialize)
/opt/rtems/6/sparc-rtems6/gr740/lib/librtemsbsp.a(irq-handler-install.c.11.o)
                              /opt/rtems/6/sparc-rtems6/gr740/lib/librtemsbsp.a(apbuart_termios.c.9.o) (rtems_interrupt_handler_install)
/opt/rtems/6/sparc-rtems6/gr740/lib/librtemsbsp.a(irq-handler-remove.c.11.o)
                              /opt/rtems/6/sparc-rtems6/gr740/lib/librtemsbsp.a(apbuart_termios.c.9.o) (rtems_interrupt_handler_remove)
/opt/rtems/6/sparc-rtems6/gr740/lib/librtemsbsp.a(irq-lock.c.11.o)
                              /opt/rtems/6/sparc-rtems6/gr740/lib/librtemsbsp.a(irq-generic.c.11.o) (bsp_interrupt_lock)
/opt/rtems/6/sparc-rtems6/gr740/lib/librtemsbsp.a(irq-default-handler.c.15.o)
                              /opt/rtems/6/sparc-rtems6/gr740/lib/librtemsbsp.a(irq-generic.c.11.o) (bsp_interrupt_handler_default)
/opt/rtems/6/sparc-rtems6/gr740/lib/librtemsbsp.a(apbuart_polled.c.9.o)
                              /opt/rtems/6/sparc-rtems6/gr740/lib/librtemsbsp.a(apbuart_termios.c.9.o) (apbuart_outbyte_polled)
/opt/rtems/6/sparc-rtems6/gr740/lib/librtemsbsp.a(irq-entry-remove.c.11.o)
                              /opt/rtems/6/sparc-rtems6/gr740/lib/librtemsbsp.a(irq-handler-remove.c.11.o) (bsp_interrupt_entry_remove)
/opt/rtems/6/sparc-rtems6/gr740/lib/librtemstest.a(testbeginend.c.84.o)
                              b-gr740/main.o (rtems_test_begin)
/opt/rtems/6/sparc-rtems6/gr740/lib/librtemstest.a(testprinter.c.84.o)
                              /opt/rtems/6/sparc-rtems6/gr740/lib/librtemstest.a(testbeginend.c.84.o) (rtems_test_printer)
/opt/rtems/6/sparc-rtems6/gr740/lib/librtemscpu.a(iorelax.c.60.o)
                              /opt/rtems/6/sparc-rtems6/gr740/lib/librtemsbsp.a(apbuart_polled.c.9.o) (_IO_Relax)
/opt/rtems/6/sparc-rtems6/gr740/lib/librtemscpu.a(__assert.c.60.o)
                              /opt/rtems/6/sparc-rtems6/gr740/lib/librtemsbsp.a(eirq.c.15.o) (__assert_func)
/opt/rtems/6/sparc-rtems6/gr740/lib/librtemscpu.a(base_fs.c.60.o)
                              b-gr740/init.o (rtems_filesystem_initialize)
/opt/rtems/6/sparc-rtems6/gr740/lib/librtemscpu.a(free.c.60.o)
                              /opt/rtems/6/sparc-rtems6/gr740/lib/librtemsbsp.a(irq-handler-install.c.11.o) (free)
[...]
Memory Configuration

Name             Origin             Length             Attributes
rom              0xc0000000         0x10000000
ram              0x00000000         0x80000000
sram             0xd0000000         0x10000000
*default*        0x00000000         0xffffffff

Linker script and memory map

LOAD /opt/rtems/6/sparc-rtems6/gr740/lib/start.o
LOAD /opt/rtems/6/lib/gcc/sparc-rtems6/13.3.0/leon3/crti.o
LOAD /opt/rtems/6/lib/gcc/sparc-rtems6/13.3.0/leon3/crtbegin.o
LOAD b-gr740/init.o
LOAD b-gr740/main.o
LOAD /opt/rtems/6/sparc-rtems6/gr740/lib/librtemsbsp.a
LOAD /opt/rtems/6/sparc-rtems6/gr740/lib/librtemstest.a
LOAD /opt/rtems/6/sparc-rtems6/gr740/lib/librtemscpu.a
LOAD /opt/rtems/6/lib/gcc/sparc-rtems6/13.3.0/../../../../sparc-rtems6/lib/leon3/libm.a
LOAD /opt/rtems/6/lib/gcc/sparc-rtems6/13.3.0/leon3/libgcc.a
START GROUP
LOAD /opt/rtems/6/sparc-rtems6/gr740/lib/librtemsbsp.a
LOAD /opt/rtems/6/sparc-rtems6/gr740/lib/librtemscpu.a
LOAD /opt/rtems/6/lib/gcc/sparc-rtems6/13.3.0/leon3/libatomic.a
LOAD /opt/rtems/6/lib/gcc/sparc-rtems6/13.3.0/../../../../sparc-rtems6/lib/leon3/libc.a
LOAD /opt/rtems/6/lib/gcc/sparc-rtems6/13.3.0/leon3/libgcc.a
END GROUP
LOAD /opt/rtems/6/lib/gcc/sparc-rtems6/13.3.0/leon3/libgcc.a
LOAD /opt/rtems/6/lib/gcc/sparc-rtems6/13.3.0/leon3/crtend.o
LOAD /opt/rtems/6/lib/gcc/sparc-rtems6/13.3.0/leon3/crtn.o
                0x00000000                        _PROM_SIZE = DEFINED (_PROM_SIZE)?_PROM_SIZE:0x0
                0x04000000                        _RAM_SIZE = DEFINED (_RAM_SIZE)?_RAM_SIZE:0x4000000
                0xc0000000                        _PROM_START = ORIGIN (rom)
                0x00000000                        _RAM_START = ORIGIN (ram)
                0x00000000                        __DYNAMIC = 0x0
                0x04000000                        _RAM_END = (_RAM_START + _RAM_SIZE)
                0xc0000000                        _PROM_END = (_PROM_START + _PROM_SIZE)
                0xc0000000                        PROM_START = _PROM_START
                0x00000000                        PROM_SIZE = _PROM_SIZE
                0xc0000000                        PROM_END = _PROM_END
                0x00000000                        RAM_START = _RAM_START
                0x04000000                        RAM_SIZE = _RAM_SIZE
                0x04000000                        RAM_END = _RAM_END

.text           0x00000000    0x22a60
 CREATE_OBJECT_SYMBOLS
                0x00000000                        text_start = .
                0x00000000                        _text_start = .
 *(.text*)
 .text          0x00000000     0x10d8 /opt/rtems/6/sparc-rtems6/gr740/lib/start.o
                0x00000000                trap_table
                0x00000000                start
                0x000007c0                _ERC32_MEC_Timer_Control_Mirror
                0x000007e0                CLOCK_SPEED
                0x00001000                hard_reset
 .text          0x000010d8      0x180 /opt/rtems/6/lib/gcc/sparc-rtems6/13.3.0/leon3/crtbegin.o
 .text.Func2    0x00001258       0x94 b-gr740/main.o
 .text.Init     0x000012ec       0x6c b-gr740/main.o
                0x000012ec                Init
 .text.boot_card
                0x00001358       0x18 /opt/rtems/6/sparc-rtems6/gr740/lib/librtemsbsp.a(bootcard.c.2.o)
                0x00001358                boot_card
 .text.bsp_fatal_extension
                0x00001370      0x2c0 /opt/rtems/6/sparc-rtems6/gr740/lib/librtemsbsp.a(bspfatal-default.c.2.o)
                0x00001370                bsp_fatal_extension
 .text._SPARC_Memory_initialize
                0x00001630       0x20 /opt/rtems/6/sparc-rtems6/gr740/lib/librtemsbsp.a(bspgetworkarea.c.12.o)
                0x00001630                _SPARC_Memory_initialize
 .text._Memory_Get
                0x00001650        0xc /opt/rtems/6/sparc-rtems6/gr740/lib/librtemsbsp.a(bspgetworkarea.c.12.o)
                0x00001650                _Memory_Get
 .text.console_open
                0x0000165c        0x8 /opt/rtems/6/sparc-rtems6/gr740/lib/librtemsbsp.a(console-termios.c.15.o)
                0x0000165c                console_open
 .text.console_close
                0x00001664        0x8 /opt/rtems/6/sparc-rtems6/gr740/lib/librtemsbsp.a(console-termios.c.15.o)
                0x00001664                console_close
 .text.console_read
                0x0000166c        0x8 /opt/rtems/6/sparc-rtems6/gr740/lib/librtemsbsp.a(console-termios.c.15.o)
                0x0000166c                console_read
 .text.console_write
                0x00001674        0x8 /opt/rtems/6/sparc-rtems6/gr740/lib/librtemsbsp.a(console-termios.c.15.o)
                0x00001674                console_write
 .text.console_control
                0x0000167c        0x8 /opt/rtems/6/sparc-rtems6/gr740/lib/librtemsbsp.a(console-termios.c.15.o)
                0x0000167c                console_control
 .text.Clock_isr
                0x00001684       0x1c /opt/rtems/6/sparc-rtems6/gr740/lib/librtemsbsp.a(ckinit.c.15.o)
                0x00001684                Clock_isr
 .text._Clock_Initialize
                0x000016a0       0xac /opt/rtems/6/sparc-rtems6/gr740/lib/librtemsbsp.a(ckinit.c.15.o)
                0x000016a0                _Clock_Initialize
 .text.find_matching_apbuart
                0x0000174c       0x7c /opt/rtems/6/sparc-rtems6/gr740/lib/librtemsbsp.a(console.c.15.o)
 .text.console_initialize
                0x000017c8      0x1ac /opt/rtems/6/sparc-rtems6/gr740/lib/librtemsbsp.a(console.c.15.o)
                0x000017c8                console_initialize
 .text.ambapp_plb_alloc
                0x00001974       0x18 /opt/rtems/6/sparc-rtems6/gr740/lib/librtemsbsp.a(amba.c.15.o)
 .text.amba_initialize
                0x0000198c       0x48 /opt/rtems/6/sparc-rtems6/gr740/lib/librtemsbsp.a(amba.c.15.o)
 .text.ambapp_plb
                0x000019d4       0x4c /opt/rtems/6/sparc-rtems6/gr740/lib/librtemsbsp.a(amba.c.15.o)
                0x000019d4                ambapp_plb
 .text          0x00001a20       0x60 /opt/rtems/6/sparc-rtems6/gr740/lib/librtemsbsp.a(bspidle.S.15.o)
                0x00001a20                bsp_idle_thread
                0x00001a20                leon3_power_down_loop
 .text.leon3_cpu_index_init
                0x00001a80       0x14 /opt/rtems/6/sparc-rtems6/gr740/lib/librtemsbsp.a(bspstart.c.15.o)
 .text.bsp_start
                0x00001a94       0x24 /opt/rtems/6/sparc-rtems6/gr740/lib/librtemsbsp.a(bspstart.c.15.o)
                0x00001a94                bsp_start
 .text.leon3_timecounter_get_asr_22_23_up_counter
                0x00001ab8        0xc /opt/rtems/6/sparc-rtems6/gr740/lib/librtemsbsp.a(cpucounter.c.15.o)
 .text.leon3_counter_initialize
                0x00001ac4       0x34 /opt/rtems/6/sparc-rtems6/gr740/lib/librtemsbsp.a(cpucounter.c.15.o)
 .text.leon3_interrupt_vector_enable
                0x00001af8       0xd8 /opt/rtems/6/sparc-rtems6/gr740/lib/librtemsbsp.a(eirq.c.15.o)
 .text.bsp_interrupt_is_valid_vector
                0x00001bd0       0x10 /opt/rtems/6/sparc-rtems6/gr740/lib/librtemsbsp.a(eirq.c.15.o)
                0x00001bd0                bsp_interrupt_is_valid_vector
 .text.bsp_interrupt_facility_initialize
                0x00001be0       0x5c /opt/rtems/6/sparc-rtems6/gr740/lib/librtemsbsp.a(eirq.c.15.o)
                0x00001be0                bsp_interrupt_facility_initialize
 .text.bsp_interrupt_vector_enable
                0x00001c3c       0x64 /opt/rtems/6/sparc-rtems6/gr740/lib/librtemsbsp.a(eirq.c.15.o)
                0x00001c3c                bsp_interrupt_vector_enable
 .text.bsp_interrupt_set_affinity
                0x00001ca0       0xa0 /opt/rtems/6/sparc-rtems6/gr740/lib/librtemsbsp.a(eirq.c.15.o)
                0x00001ca0                bsp_interrupt_set_affinity
 .text.bsp_inter_processor_interrupt
                0x00001d40       0x74 /opt/rtems/6/sparc-rtems6/gr740/lib/librtemsbsp.a(bspsmp.c.19.o)
 .text.bsp_start_on_secondary_processor
                0x00001db4       0x30 /opt/rtems/6/sparc-rtems6/gr740/lib/librtemsbsp.a(bspsmp.c.19.o)
                0x00001db4                bsp_start_on_secondary_processor
 .text._CPU_SMP_Initialize
                0x00001de4       0x3c /opt/rtems/6/sparc-rtems6/gr740/lib/librtemsbsp.a(bspsmp.c.19.o)
                0x00001de4                _CPU_SMP_Initialize
 .text._CPU_SMP_Start_processor
                0x00001e20       0x38 /opt/rtems/6/sparc-rtems6/gr740/lib/librtemsbsp.a(bspsmp.c.19.o)
                0x00001e20                _CPU_SMP_Start_processor
 .text._CPU_SMP_Finalize_initialization
                0x00001e58       0x64 /opt/rtems/6/sparc-rtems6/gr740/lib/librtemsbsp.a(bspsmp.c.19.o)
                0x00001e58                _CPU_SMP_Finalize_initialization
 .text._CPU_SMP_Prepare_start_multitasking
                0x00001ebc        0x8 /opt/rtems/6/sparc-rtems6/gr740/lib/librtemsbsp.a(bspsmp.c.19.o)
                0x00001ebc                _CPU_SMP_Prepare_start_multitasking
 .text._CPU_SMP_Send_interrupt
                0x00001ec4       0x28 /opt/rtems/6/sparc-rtems6/gr740/lib/librtemsbsp.a(bspsmp.c.19.o)
                0x00001ec4                _CPU_SMP_Send_interrupt
 .text.ambapp_dev_match_options
                0x00001eec       0xe0 /opt/rtems/6/sparc-rtems6/gr740/lib/librtemsbsp.a(ambapp.c.9.o)
 .text.ambapp_for_each_apb.isra.0
                0x00001fcc       0x78 /opt/rtems/6/sparc-rtems6/gr740/lib/librtemsbsp.a(ambapp.c.9.o)
 .text.ambapp_for_each_dev
                0x00002044      0x224 /opt/rtems/6/sparc-rtems6/gr740/lib/librtemsbsp.a(ambapp.c.9.o)
 .text.ambapp_ahb_dev_init
                0x00002268      0x158 /opt/rtems/6/sparc-rtems6/gr740/lib/librtemsbsp.a(ambapp.c.9.o)
 .text.ambapp_scan2
                0x000023c0      0x430 /opt/rtems/6/sparc-rtems6/gr740/lib/librtemsbsp.a(ambapp.c.9.o)
 .text.ambapp_scan
                0x000027f0       0x44 /opt/rtems/6/sparc-rtems6/gr740/lib/librtemsbsp.a(ambapp.c.9.o)
                0x000027f0                ambapp_scan
 .text.ambapp_for_each
                0x00002834       0x10 /opt/rtems/6/sparc-rtems6/gr740/lib/librtemsbsp.a(ambapp.c.9.o)
                0x00002834                ambapp_for_each
 .text.ambapp_freq_get
                0x00002844       0x14 /opt/rtems/6/sparc-rtems6/gr740/lib/librtemsbsp.a(ambapp_freq.c.9.o)
                0x00002844                ambapp_freq_get
 .text.apbuart_write_polled
                0x00002858       0x34 /opt/rtems/6/sparc-rtems6/gr740/lib/librtemsbsp.a(apbuart_termios.c.9.o)
 .text.apbuart_poll_read
                0x0000288c       0x10 /opt/rtems/6/sparc-rtems6/gr740/lib/librtemsbsp.a(apbuart_termios.c.9.o)
 .text.apbuart_set_attributes
                0x0000289c      0x130 /opt/rtems/6/sparc-rtems6/gr740/lib/librtemsbsp.a(apbuart_termios.c.9.o)
 .text.apbuart_first_open_polled
                0x000029cc       0x68 /opt/rtems/6/sparc-rtems6/gr740/lib/librtemsbsp.a(apbuart_termios.c.9.o)
 .text.bsp_interrupt_get_dispatch_table_slot
                0x00002a34       0x14 /opt/rtems/6/sparc-rtems6/gr740/lib/librtemsbsp.a(irq-generic.c.11.o)
                0x00002a34                bsp_interrupt_get_dispatch_table_slot
 .text.bsp_interrupt_spurious
                0x00002a48       0x58 /opt/rtems/6/sparc-rtems6/gr740/lib/librtemsbsp.a(irq-generic.c.11.o)
                0x00002a48                bsp_interrupt_spurious
 .text.bsp_interrupt_entry_find
                0x00002aa0       0xa0 /opt/rtems/6/sparc-rtems6/gr740/lib/librtemsbsp.a(irq-generic.c.11.o)
                0x00002aa0                bsp_interrupt_entry_find
 .text.bsp_interrupt_initialize
                0x00002b40       0x28 /opt/rtems/6/sparc-rtems6/gr740/lib/librtemsbsp.a(irq-generic.c.11.o)
                0x00002b40                bsp_interrupt_initialize
 .text.rtems_interrupt_entry_install
                0x00002b68      0x164 /opt/rtems/6/sparc-rtems6/gr740/lib/librtemsbsp.a(irq-generic.c.11.o)
                0x00002b68                rtems_interrupt_entry_install
 .text.bsp_interrupt_lock
                0x00002ccc       0x28 /opt/rtems/6/sparc-rtems6/gr740/lib/librtemsbsp.a(irq-lock.c.11.o)
                0x00002ccc                bsp_interrupt_lock
 .text.bsp_interrupt_unlock
                0x00002cf4       0x28 /opt/rtems/6/sparc-rtems6/gr740/lib/librtemsbsp.a(irq-lock.c.11.o)
                0x00002cf4                bsp_interrupt_unlock
 .text.bsp_interrupt_handler_default
                0x00002d1c       0x14 /opt/rtems/6/sparc-rtems6/gr740/lib/librtemsbsp.a(irq-default-handler.c.15.o)
                0x00002d1c                bsp_interrupt_handler_default
 .text.apbuart_outbyte_wait
                0x00002d30       0x34 /opt/rtems/6/sparc-rtems6/gr740/lib/librtemsbsp.a(apbuart_polled.c.9.o)
                0x00002d30                apbuart_outbyte_wait
 .text.apbuart_outbyte_polled
                0x00002d64       0x3c /opt/rtems/6/sparc-rtems6/gr740/lib/librtemsbsp.a(apbuart_polled.c.9.o)
                0x00002d64                apbuart_outbyte_polled
 .text.apbuart_inbyte_nonblocking
                0x00002da0       0x2c /opt/rtems/6/sparc-rtems6/gr740/lib/librtemsbsp.a(apbuart_polled.c.9.o)
                0x00002da0                apbuart_inbyte_nonblocking
 .text.rtems_test_begin
                0x00002dcc       0x34 /opt/rtems/6/sparc-rtems6/gr740/lib/librtemstest.a(testbeginend.c.84.o)
                0x00002dcc                rtems_test_begin
 .text.rtems_test_end
                0x00002e00       0x20 /opt/rtems/6/sparc-rtems6/gr740/lib/librtemstest.a(testbeginend.c.84.o)
                0x00002e00                rtems_test_end
 .text._IO_Relax
                0x00002e20       0x28 /opt/rtems/6/sparc-rtems6/gr740/lib/librtemscpu.a(iorelax.c.60.o)
                0x00002e20                _IO_Relax
 .text.__assert_func
                0x00002e48       0x58 /opt/rtems/6/sparc-rtems6/gr740/lib/librtemscpu.a(__assert.c.60.o)
                0x00002e48                __assert_func
 .text.rtems_filesystem_initialize
                0x00002ea0       0x68 /opt/rtems/6/sparc-rtems6/gr740/lib/librtemscpu.a(base_fs.c.60.o)
                0x00002ea0                rtems_filesystem_initialize
 .text.free     0x00002f08       0x98 /opt/rtems/6/sparc-rtems6/gr740/lib/librtemscpu.a(free.c.60.o)
                0x00002f08                free
 .text._Malloc_Process_deferred_frees
                0x00002fa0       0x6c /opt/rtems/6/sparc-rtems6/gr740/lib/librtemscpu.a(free.c.60.o)
                0x00002fa0                _Malloc_Process_deferred_frees
 .text._Malloc_System_state
                0x0000300c       0x94 /opt/rtems/6/sparc-rtems6/gr740/lib/librtemscpu.a(malloc_deferred.c.60.o)
                0x0000300c                _Malloc_System_state
 .text.rtems_heap_allocate_aligned_with_boundary
                0x000030a0       0xd4 /opt/rtems/6/sparc-rtems6/gr740/lib/librtemscpu.a(malloc_deferred.c.60.o)
                0x000030a0                rtems_heap_allocate_aligned_with_boundary
 .text.rtems_malloc
                0x00003174       0x24 /opt/rtems/6/sparc-rtems6/gr740/lib/librtemscpu.a(malloc_deferred.c.60.o)
                0x00003174                rtems_malloc
 .text._Malloc_Initialize
                0x00003198       0x24 /opt/rtems/6/sparc-rtems6/gr740/lib/librtemscpu.a(mallocheap.c.60.o)
                0x00003198                _Malloc_Initialize
 .text.mkdir    0x000031bc       0x1c /opt/rtems/6/sparc-rtems6/gr740/lib/librtemscpu.a(mkdir.c.60.o)
                0x000031bc                mkdir
 .text.rtems_filesystem_mknod
                0x000031d8       0xa0 /opt/rtems/6/sparc-rtems6/gr740/lib/librtemscpu.a(mknod.c.60.o)
                0x000031d8                rtems_filesystem_mknod
 .text.mknod    0x00003278       0x58 /opt/rtems/6/sparc-rtems6/gr740/lib/librtemscpu.a(mknod.c.60.o)
                0x00003278                mknod
 .text.mount    0x000032d0      0x364 /opt/rtems/6/sparc-rtems6/gr740/lib/librtemscpu.a(mount.c.60.o)
                0x000032d0                mount
 .text.newlib_terminate_hook
                0x00003634       0x10 /opt/rtems/6/sparc-rtems6/gr740/lib/librtemscpu.a(newlibc_reent.c.60.o)
                0x00003634                newlib_terminate_hook
 .text.rtems_libio_post_driver
                0x00003644       0x78 /opt/rtems/6/sparc-rtems6/gr740/lib/librtemscpu.a(open_dev_console.c.60.o)
                0x00003644                rtems_libio_post_driver
 .text.rtems_printf
                0x000036bc       0x48 /opt/rtems/6/sparc-rtems6/gr740/lib/librtemscpu.a(print_printf.c.60.o)
                0x000036bc                rtems_printf
 .text.printk   0x00003704       0x30 /opt/rtems/6/sparc-rtems6/gr740/lib/librtemscpu.a(printk.c.60.o)
                0x00003704                printk
 .text.rtems_printk_printer
                0x00003734       0x14 /opt/rtems/6/sparc-rtems6/gr740/lib/librtemscpu.a(printk_plugin.c.60.o)
                0x00003734                rtems_printk_printer
 .text.rtems_heap_null_extend
                0x00003748        0x8 /opt/rtems/6/sparc-rtems6/gr740/lib/librtemscpu.a(rtems_heap_null_extend.c.60.o)
                0x00003748                rtems_heap_null_extend
 .text.free_location
                0x00003750       0x80 /opt/rtems/6/sparc-rtems6/gr740/lib/librtemscpu.a(sup_fs_eval_path.c.60.o)
 .text.check_access
                0x000037d0      0x120 /opt/rtems/6/sparc-rtems6/gr740/lib/librtemscpu.a(sup_fs_eval_path.c.60.o)
 .text.rtems_filesystem_eval_path_continue
                0x000038f0       0xe4 /opt/rtems/6/sparc-rtems6/gr740/lib/librtemscpu.a(sup_fs_eval_path.c.60.o)
                0x000038f0                rtems_filesystem_eval_path_continue
 .text.rtems_filesystem_eval_path_start_with_root_and_current
                0x000039d4      0x154 /opt/rtems/6/sparc-rtems6/gr740/lib/librtemscpu.a(sup_fs_eval_path.c.60.o)
                0x000039d4                rtems_filesystem_eval_path_start_with_root_and_current
 .text.rtems_filesystem_eval_path_start
                0x00003b28       0x2c /opt/rtems/6/sparc-rtems6/gr740/lib/librtemscpu.a(sup_fs_eval_path.c.60.o)
                0x00003b28                rtems_filesystem_eval_path_start
 .text.rtems_filesystem_eval_path_error
                0x00003b54       0x50 /opt/rtems/6/sparc-rtems6/gr740/lib/librtemscpu.a(sup_fs_eval_path.c.60.o)
                0x00003b54                rtems_filesystem_eval_path_error
 .text.rtems_filesystem_eval_path_cleanup
                0x00003ba4       0x3c /opt/rtems/6/sparc-rtems6/gr740/lib/librtemscpu.a(sup_fs_eval_path.c.60.o)
                0x00003ba4                rtems_filesystem_eval_path_cleanup
 .text.rtems_filesystem_eval_path_restart
                0x00003be0       0x64 /opt/rtems/6/sparc-rtems6/gr740/lib/librtemscpu.a(sup_fs_eval_path.c.60.o)
                0x00003be0                rtems_filesystem_eval_path_restart
 .text.rtems_filesystem_eval_path_recursive
                0x00003c44      0x114 /opt/rtems/6/sparc-rtems6/gr740/lib/librtemscpu.a(sup_fs_eval_path.c.60.o)
                0x00003c44                rtems_filesystem_eval_path_recursive
 .text.rtems_filesystem_location_copy
                0x00003d58       0x9c /opt/rtems/6/sparc-rtems6/gr740/lib/librtemscpu.a(sup_fs_location.c.60.o)
                0x00003d58                rtems_filesystem_location_copy
 .text.rtems_filesystem_location_detach
                0x00003df4       0xac /opt/rtems/6/sparc-rtems6/gr740/lib/librtemscpu.a(sup_fs_location.c.60.o)
                0x00003df4                rtems_filesystem_location_detach
 .text.rtems_filesystem_global_location_assign
                0x00003ea0       0x74 /opt/rtems/6/sparc-rtems6/gr740/lib/librtemscpu.a(sup_fs_location.c.60.o)
                0x00003ea0                rtems_filesystem_global_location_assign
 .text.rtems_filesystem_do_unmount
                0x00003f14       0xa4 /opt/rtems/6/sparc-rtems6/gr740/lib/librtemscpu.a(sup_fs_location.c.60.o)
                0x00003f14                rtems_filesystem_do_unmount
 .text.release_with_count
                0x00003fb8       0xd4 /opt/rtems/6/sparc-rtems6/gr740/lib/librtemscpu.a(sup_fs_location.c.60.o)
 .text.rtems_filesystem_global_location_obtain
                0x0000408c       0xf8 /opt/rtems/6/sparc-rtems6/gr740/lib/librtemscpu.a(sup_fs_location.c.60.o)
                0x0000408c                rtems_filesystem_global_location_obtain
 .text.rtems_filesystem_global_location_release
                0x00004184       0x60 /opt/rtems/6/sparc-rtems6/gr740/lib/librtemscpu.a(sup_fs_location.c.60.o)
                0x00004184                rtems_filesystem_global_location_release
 .text.rtems_filesystem_location_remove_from_mt_entry
                0x000041e4       0xd0 /opt/rtems/6/sparc-rtems6/gr740/lib/librtemscpu.a(sup_fs_location.c.60.o)
                0x000041e4                rtems_filesystem_location_remove_from_mt_entry
 .text.rtems_filesystem_location_copy_and_detach
                0x000042b4       0xb8 /opt/rtems/6/sparc-rtems6/gr740/lib/librtemscpu.a(sup_fs_location.c.60.o)
                0x000042b4                rtems_filesystem_location_copy_and_detach
 .text.rtems_filesystem_location_transform_to_global
                0x0000436c       0x6c /opt/rtems/6/sparc-rtems6/gr740/lib/librtemscpu.a(sup_fs_location.c.60.o)
                0x0000436c                rtems_filesystem_location_transform_to_global
 .text.rtems_termios_callback_firstOpen
                0x000043d8       0x24 /opt/rtems/6/sparc-rtems6/gr740/lib/librtemscpu.a(termios.c.60.o)
 .text.rtems_termios_callback_lastClose
                0x000043fc       0x20 /opt/rtems/6/sparc-rtems6/gr740/lib/librtemscpu.a(termios.c.60.o)
 .text.rtems_termios_callback_pollRead
                0x0000441c       0x18 /opt/rtems/6/sparc-rtems6/gr740/lib/librtemscpu.a(termios.c.60.o)
 .text.rtems_termios_callback_write
                0x00004434       0x20 /opt/rtems/6/sparc-rtems6/gr740/lib/librtemscpu.a(termios.c.60.o)
 .text.rtems_termios_callback_setAttributes
                0x00004454       0x20 /opt/rtems/6/sparc-rtems6/gr740/lib/librtemscpu.a(termios.c.60.o)
 .text.rtems_termios_callback_stopRemoteTx
                0x00004474       0x18 /opt/rtems/6/sparc-rtems6/gr740/lib/librtemscpu.a(termios.c.60.o)
 .text.rtems_termios_callback_startRemoteTx
                0x0000448c       0x18 /opt/rtems/6/sparc-rtems6/gr740/lib/librtemscpu.a(termios.c.60.o)
 .text.iprocEarly
                0x000044a4       0x94 /opt/rtems/6/sparc-rtems6/gr740/lib/librtemscpu.a(termios.c.60.o)
 .text.rtems_termios_default_isig_handler
                0x00004538        0x8 /opt/rtems/6/sparc-rtems6/gr740/lib/librtemscpu.a(termios.c.60.o)
                0x00004538                rtems_termios_default_isig_handler
 .text.rtems_termios_imfs_node_destroy
                0x00004540       0x14 /opt/rtems/6/sparc-rtems6/gr740/lib/librtemscpu.a(termios.c.60.o)
 .text.rtems_termios_imfs_node_initialize
                0x00004554       0x2c /opt/rtems/6/sparc-rtems6/gr740/lib/librtemscpu.a(termios.c.60.o)
 .text.deviceAcquireMutex
                0x00004580        0xc /opt/rtems/6/sparc-rtems6/gr740/lib/librtemscpu.a(termios.c.60.o)
 .text.drainOutput
                0x0000458c       0x9c /opt/rtems/6/sparc-rtems6/gr740/lib/librtemscpu.a(termios.c.60.o)
 .text.deviceReleaseMutex
                0x00004628        0xc /opt/rtems/6/sparc-rtems6/gr740/lib/librtemscpu.a(termios.c.60.o)
 .text.rtems_termios_destroy_tty
                0x00004634      0x164 /opt/rtems/6/sparc-rtems6/gr740/lib/librtemscpu.a(termios.c.60.o)
 .text.rtems_termios_open_tty
                0x00004798      0x558 /opt/rtems/6/sparc-rtems6/gr740/lib/librtemscpu.a(termios.c.60.o)
 .text.rtems_termios_imfs_open
                0x00004cf0       0x84 /opt/rtems/6/sparc-rtems6/gr740/lib/librtemscpu.a(termios.c.60.o)
 .text.canTransmit
                0x00004d74       0x88 /opt/rtems/6/sparc-rtems6/gr740/lib/librtemscpu.a(termios.c.60.o)
 .text.rtems_termios_refill_transmitter
                0x00004dfc      0x208 /opt/rtems/6/sparc-rtems6/gr740/lib/librtemscpu.a(termios.c.60.o)
 .text.rtems_termios_txdaemon
                0x00005004       0xa0 /opt/rtems/6/sparc-rtems6/gr740/lib/librtemscpu.a(termios.c.60.o)
 .text.rtems_termios_imfs_close
                0x000050a4       0x6c /opt/rtems/6/sparc-rtems6/gr740/lib/librtemscpu.a(termios.c.60.o)
 .text.doTransmit
                0x00005110      0x25c /opt/rtems/6/sparc-rtems6/gr740/lib/librtemscpu.a(termios.c.60.o)
 .text.oproc    0x0000536c      0x260 /opt/rtems/6/sparc-rtems6/gr740/lib/librtemscpu.a(termios.c.60.o)
 .text.rtems_termios_write_tty
                0x000055cc       0x90 /opt/rtems/6/sparc-rtems6/gr740/lib/librtemscpu.a(termios.c.60.o)
 .text.rtems_termios_imfs_write
                0x0000565c       0xb8 /opt/rtems/6/sparc-rtems6/gr740/lib/librtemscpu.a(termios.c.60.o)
 .text.echo     0x00005714       0x74 /opt/rtems/6/sparc-rtems6/gr740/lib/librtemscpu.a(termios.c.60.o)
 .text.erase.part.0
                0x00005788      0x294 /opt/rtems/6/sparc-rtems6/gr740/lib/librtemscpu.a(termios.c.60.o)
 .text.iproc    0x00005a1c      0x1f8 /opt/rtems/6/sparc-rtems6/gr740/lib/librtemscpu.a(termios.c.60.o)
 .text.rtems_termios_read_tty
                0x00005c14      0x5fc /opt/rtems/6/sparc-rtems6/gr740/lib/librtemscpu.a(termios.c.60.o)
 .text.rtems_termios_imfs_read
                0x00006210       0xe4 /opt/rtems/6/sparc-rtems6/gr740/lib/librtemscpu.a(termios.c.60.o)
 .text.rtems_termios_device_install
                0x000062f4       0x6c /opt/rtems/6/sparc-rtems6/gr740/lib/librtemscpu.a(termios.c.60.o)
                0x000062f4                rtems_termios_device_install
 .text.rtems_termios_ioctl
                0x00006360      0x594 /opt/rtems/6/sparc-rtems6/gr740/lib/librtemscpu.a(termios.c.60.o)
                0x00006360                rtems_termios_ioctl
 .text.rtems_termios_imfs_ioctl
                0x000068f4       0x40 /opt/rtems/6/sparc-rtems6/gr740/lib/librtemscpu.a(termios.c.60.o)
 .text.rtems_termios_enqueue_raw_characters
                0x00006934      0x488 /opt/rtems/6/sparc-rtems6/gr740/lib/librtemscpu.a(termios.c.60.o)
                0x00006934                rtems_termios_enqueue_raw_characters
 .text.rtems_termios_rxdaemon
                0x00006dbc       0x64 /opt/rtems/6/sparc-rtems6/gr740/lib/librtemscpu.a(termios.c.60.o)
 .text.rtems_termios_baud_to_number
                0x00006e20       0x18 /opt/rtems/6/sparc-rtems6/gr740/lib/librtemscpu.a(termios_baud2num.c.60.o)
                0x00006e20                rtems_termios_baud_to_number
 .text.rtems_termios_set_best_baud
                0x00006e38       0x88 /opt/rtems/6/sparc-rtems6/gr740/lib/librtemscpu.a(termios_setbestbaud.c.60.o)
                0x00006e38                rtems_termios_set_best_baud
 .text.rtems_termios_device_lock_acquire_default
                0x00006ec0        0xc /opt/rtems/6/sparc-rtems6/gr740/lib/librtemscpu.a(termiosinitialize.c.60.o)
                0x00006ec0                rtems_termios_device_lock_acquire_default
 .text.rtems_termios_device_lock_release_default
                0x00006ecc        0xc /opt/rtems/6/sparc-rtems6/gr740/lib/librtemscpu.a(termiosinitialize.c.60.o)
                0x00006ecc                rtems_termios_device_lock_release_default
 .text.vprintk  0x00006ed8       0x20 /opt/rtems/6/sparc-rtems6/gr740/lib/librtemscpu.a(vprintk.c.60.o)
                0x00006ed8                vprintk
 .text.rtems_filesystem_default_are_nodes_equal
                0x00006ef8       0x18 /opt/rtems/6/sparc-rtems6/gr740/lib/librtemscpu.a(default_are_nodes_equal.c.60.o)
                0x00006ef8                rtems_filesystem_default_are_nodes_equal
 .text.rtems_filesystem_default_fcntl
                0x00006f10        0x8 /opt/rtems/6/sparc-rtems6/gr740/lib/librtemscpu.a(default_fcntl.c.60.o)
                0x00006f10                rtems_filesystem_default_fcntl
 .text.rtems_filesystem_default_fsunmount
                0x00006f18        0x8 /opt/rtems/6/sparc-rtems6/gr740/lib/librtemscpu.a(default_fsunmount.c.60.o)
                0x00006f18                rtems_filesystem_default_fsunmount
 .text.rtems_filesystem_default_fsync_or_fdatasync
                0x00006f20       0x18 /opt/rtems/6/sparc-rtems6/gr740/lib/librtemscpu.a(default_fsync.c.60.o)
                0x00006f20                rtems_filesystem_default_fsync_or_fdatasync
 .text.rtems_filesystem_default_ftruncate
                0x00006f38       0x18 /opt/rtems/6/sparc-rtems6/gr740/lib/librtemscpu.a(default_ftruncate.c.60.o)
                0x00006f38                rtems_filesystem_default_ftruncate
 .text.rtems_filesystem_default_kqfilter
                0x00006f50        0x8 /opt/rtems/6/sparc-rtems6/gr740/lib/librtemscpu.a(default_kqfilter.c.60.o)
                0x00006f50                rtems_termios_kqfilter
                0x00006f50                rtems_filesystem_default_kqfilter
 .text.rtems_filesystem_default_lock
                0x00006f58        0xc /opt/rtems/6/sparc-rtems6/gr740/lib/librtemscpu.a(default_lock_and_unlock.c.60.o)
                0x00006f58                rtems_filesystem_default_lock
 .text.rtems_filesystem_default_unlock
                0x00006f64        0xc /opt/rtems/6/sparc-rtems6/gr740/lib/librtemscpu.a(default_lock_and_unlock.c.60.o)
                0x00006f64                rtems_filesystem_default_unlock
 .text.rtems_filesystem_default_lseek
                0x00006f70       0x1c /opt/rtems/6/sparc-rtems6/gr740/lib/librtemscpu.a(default_lseek.c.60.o)
                0x00006f70                rtems_filesystem_default_lseek
 .text.rtems_filesystem_default_mmap
                0x00006f8c       0x18 /opt/rtems/6/sparc-rtems6/gr740/lib/librtemscpu.a(default_mmap.c.60.o)
                0x00006f8c                rtems_filesystem_default_mmap
                0x00006f8c                rtems_termios_mmap
 .text.rtems_filesystem_default_poll
                0x00006fa4        0x8 /opt/rtems/6/sparc-rtems6/gr740/lib/librtemscpu.a(default_poll.c.60.o)
                0x00006fa4                rtems_filesystem_default_poll
                0x00006fa4                rtems_termios_poll
 .text.rtems_filesystem_default_readv
                0x00006fac       0x7c /opt/rtems/6/sparc-rtems6/gr740/lib/librtemscpu.a(default_readv.c.60.o)
                0x00006fac                rtems_filesystem_default_readv
 .text.rtems_filesystem_default_statvfs
                0x00007028       0x18 /opt/rtems/6/sparc-rtems6/gr740/lib/librtemscpu.a(default_statvfs.c.60.o)
                0x00007028                rtems_filesystem_default_statvfs
 .text.rtems_filesystem_default_writev
                0x00007040       0x7c /opt/rtems/6/sparc-rtems6/gr740/lib/librtemscpu.a(default_writev.c.60.o)
                0x00007040                rtems_filesystem_default_writev
 .text.IMFS_chown
                0x000070bc       0x2c /opt/rtems/6/sparc-rtems6/gr740/lib/librtemscpu.a(imfs_chown.c.60.o)
                0x000070bc                IMFS_chown
 .text.IMFS_stat_directory
                0x000070e8       0x3c /opt/rtems/6/sparc-rtems6/gr740/lib/librtemscpu.a(imfs_dir_default.c.60.o)
 .text.IMFS_dir_read
                0x00007124      0x18c /opt/rtems/6/sparc-rtems6/gr740/lib/librtemscpu.a(imfs_dir_default.c.60.o)
 .text.IMFS_eval_is_directory
                0x000072b0       0x24 /opt/rtems/6/sparc-rtems6/gr740/lib/librtemscpu.a(imfs_eval.c.60.o)
 .text.IMFS_eval_token
                0x000072d4      0x1d8 /opt/rtems/6/sparc-rtems6/gr740/lib/librtemscpu.a(imfs_eval.c.60.o)
 .text.IMFS_eval_path
                0x000074ac       0x18 /opt/rtems/6/sparc-rtems6/gr740/lib/librtemscpu.a(imfs_eval.c.60.o)
                0x000074ac                IMFS_eval_path
 .text.IMFS_fchmod
                0x000074c4       0x24 /opt/rtems/6/sparc-rtems6/gr740/lib/librtemscpu.a(imfs_fchmod.c.60.o)
                0x000074c4                IMFS_fchmod
 .text.IMFS_node_initialize_device
                0x000074e8       0x14 /opt/rtems/6/sparc-rtems6/gr740/lib/librtemscpu.a(imfs_handlers_device.c.60.o)
 .text.IMFS_stat_device
                0x000074fc       0x20 /opt/rtems/6/sparc-rtems6/gr740/lib/librtemscpu.a(imfs_handlers_device.c.60.o)
 .text.IMFS_node_initialize_enosys
                0x0000751c       0x18 /opt/rtems/6/sparc-rtems6/gr740/lib/librtemscpu.a(imfs_initsupp.c.60.o)
 .text.IMFS_initialize_support
                0x00007534       0x90 /opt/rtems/6/sparc-rtems6/gr740/lib/librtemscpu.a(imfs_initsupp.c.60.o)
                0x00007534                IMFS_initialize_support
 .text.IMFS_node_initialize_default
                0x000075c4        0x8 /opt/rtems/6/sparc-rtems6/gr740/lib/librtemscpu.a(imfs_initsupp.c.60.o)
                0x000075c4                IMFS_node_initialize_default
 .text.IMFS_stat_hard_link
                0x000075cc       0x54 /opt/rtems/6/sparc-rtems6/gr740/lib/librtemscpu.a(imfs_link.c.60.o)
 .text.IMFS_node_initialize_hard_link
                0x00007620        0x8 /opt/rtems/6/sparc-rtems6/gr740/lib/librtemscpu.a(imfs_link.c.60.o)
 .text.IMFS_node_remove_hard_link
                0x00007628       0xd0 /opt/rtems/6/sparc-rtems6/gr740/lib/librtemscpu.a(imfs_link.c.60.o)
 .text.IMFS_link
                0x000076f8       0xa8 /opt/rtems/6/sparc-rtems6/gr740/lib/librtemscpu.a(imfs_link.c.60.o)
                0x000076f8                IMFS_link
 .text.IMFS_node_initialize_generic
                0x000077a0        0x8 /opt/rtems/6/sparc-rtems6/gr740/lib/librtemscpu.a(imfs_make_generic_node.c.60.o)
                0x000077a0                IMFS_node_initialize_generic
 .text.IMFS_make_node
                0x000077a8      0x118 /opt/rtems/6/sparc-rtems6/gr740/lib/librtemscpu.a(imfs_make_generic_node.c.60.o)
                0x000077a8                IMFS_make_node
 .text.IMFS_make_generic_node
                0x000078c0       0x14 /opt/rtems/6/sparc-rtems6/gr740/lib/librtemscpu.a(imfs_make_generic_node.c.60.o)
                0x000078c0                IMFS_make_generic_node
 .text.memfile_free_blocks_in_table
                0x000078d4       0xa8 /opt/rtems/6/sparc-rtems6/gr740/lib/librtemscpu.a(imfs_memfile.c.60.o)
 .text.IMFS_memfile_destroy
                0x0000797c      0x17c /opt/rtems/6/sparc-rtems6/gr740/lib/librtemscpu.a(imfs_memfile.c.60.o)
 .text.IMFS_memfile_get_block_pointer
                0x00007af8      0x2a4 /opt/rtems/6/sparc-rtems6/gr740/lib/librtemscpu.a(imfs_memfile.c.60.o)
 .text.memfile_read
                0x00007d9c      0x1f0 /opt/rtems/6/sparc-rtems6/gr740/lib/librtemscpu.a(imfs_memfile.c.60.o)
 .text.IMFS_memfile_extend
                0x00007f8c      0x240 /opt/rtems/6/sparc-rtems6/gr740/lib/librtemscpu.a(imfs_memfile.c.60.o)
 .text.memfile_ftruncate
                0x000081cc       0x58 /opt/rtems/6/sparc-rtems6/gr740/lib/librtemscpu.a(imfs_memfile.c.60.o)
 .text.IMFS_memfile_write
                0x00008224      0x224 /opt/rtems/6/sparc-rtems6/gr740/lib/librtemscpu.a(imfs_memfile.c.60.o)
                0x00008224                IMFS_memfile_write
 .text.memfile_write
                0x00008448       0x60 /opt/rtems/6/sparc-rtems6/gr740/lib/librtemscpu.a(imfs_memfile.c.60.o)
 .text.IMFS_mknod
                0x000084a8       0xe8 /opt/rtems/6/sparc-rtems6/gr740/lib/librtemscpu.a(imfs_mknod.c.60.o)
                0x000084a8                IMFS_mknod
 .text.IMFS_mount
                0x00008590       0x64 /opt/rtems/6/sparc-rtems6/gr740/lib/librtemscpu.a(imfs_mount.c.60.o)
                0x00008590                IMFS_mount
 .text.IMFS_node_destroy.part.0
                0x000085f4       0x28 /opt/rtems/6/sparc-rtems6/gr740/lib/librtemscpu.a(imfs_node.c.60.o)
 .text.IMFS_initialize_node
                0x0000861c       0x80 /opt/rtems/6/sparc-rtems6/gr740/lib/librtemscpu.a(imfs_node.c.60.o)
                0x0000861c                IMFS_initialize_node
 .text.IMFS_node_clone
                0x0000869c       0x18 /opt/rtems/6/sparc-rtems6/gr740/lib/librtemscpu.a(imfs_node.c.60.o)
                0x0000869c                IMFS_node_clone
 .text.IMFS_node_destroy
                0x000086b4       0x38 /opt/rtems/6/sparc-rtems6/gr740/lib/librtemscpu.a(imfs_node.c.60.o)
                0x000086b4                IMFS_node_destroy
 .text.IMFS_node_free
                0x000086ec       0x40 /opt/rtems/6/sparc-rtems6/gr740/lib/librtemscpu.a(imfs_node.c.60.o)
                0x000086ec                IMFS_node_free
 .text.IMFS_node_remove_default
                0x0000872c        0x8 /opt/rtems/6/sparc-rtems6/gr740/lib/librtemscpu.a(imfs_node.c.60.o)
                0x0000872c                IMFS_node_remove_default
 .text.IMFS_node_destroy_default
                0x00008734        0xc /opt/rtems/6/sparc-rtems6/gr740/lib/librtemscpu.a(imfs_node_destroy_default.c.60.o)
                0x00008734                IMFS_node_destroy_default
 .text.IMFS_renamed_destroy
                0x00008740       0x2c /opt/rtems/6/sparc-rtems6/gr740/lib/librtemscpu.a(imfs_rename.c.60.o)
 .text.IMFS_rename
                0x0000876c      0x184 /opt/rtems/6/sparc-rtems6/gr740/lib/librtemscpu.a(imfs_rename.c.60.o)
                0x0000876c                IMFS_rename
 .text.IMFS_rmnod
                0x000088f0       0xb0 /opt/rtems/6/sparc-rtems6/gr740/lib/librtemscpu.a(imfs_rmnod.c.60.o)
                0x000088f0                IMFS_rmnod
 .text.IMFS_stat
                0x000089a0       0x6c /opt/rtems/6/sparc-rtems6/gr740/lib/librtemscpu.a(imfs_stat.c.60.o)
                0x000089a0                IMFS_stat
 .text.IMFS_stat_file
                0x00008a0c       0x28 /opt/rtems/6/sparc-rtems6/gr740/lib/librtemscpu.a(imfs_stat_file.c.60.o)
                0x00008a0c                IMFS_stat_file
 .text.IMFS_node_initialize_sym_link
                0x00008a34       0x1c /opt/rtems/6/sparc-rtems6/gr740/lib/librtemscpu.a(imfs_symlink.c.60.o)
 .text.IMFS_stat_sym_link
                0x00008a50       0x20 /opt/rtems/6/sparc-rtems6/gr740/lib/librtemscpu.a(imfs_symlink.c.60.o)
 .text.IMFS_symlink
                0x00008a70       0x60 /opt/rtems/6/sparc-rtems6/gr740/lib/librtemscpu.a(imfs_symlink.c.60.o)
                0x00008a70                IMFS_symlink
 .text.IMFS_readlink
                0x00008ad0       0x50 /opt/rtems/6/sparc-rtems6/gr740/lib/librtemscpu.a(imfs_symlink.c.60.o)
                0x00008ad0                IMFS_readlink
 .text.IMFS_unmount
                0x00008b20       0x64 /opt/rtems/6/sparc-rtems6/gr740/lib/librtemscpu.a(imfs_unmount.c.60.o)
                0x00008b20                IMFS_unmount
 .text.IMFS_utimens
                0x00008b84       0x30 /opt/rtems/6/sparc-rtems6/gr740/lib/librtemscpu.a(imfs_utimens.c.60.o)
                0x00008b84                IMFS_utimens
 .text.rtems_event_receive
                0x00008bb4       0xd0 /opt/rtems/6/sparc-rtems6/gr740/lib/librtemscpu.a(eventreceive.c.60.o)
                0x00008bb4                rtems_event_receive
 .text._Watchdog_Per_CPU_acquire_critical.part.0
                0x00008c84       0x28 /opt/rtems/6/sparc-rtems6/gr740/lib/librtemscpu.a(eventseize.c.60.o)
 .text._Event_Seize
                0x00008cac      0x240 /opt/rtems/6/sparc-rtems6/gr740/lib/librtemscpu.a(eventseize.c.60.o)
                0x00008cac                _Event_Seize
 .text.rtems_event_send
                0x00008eec       0x3c /opt/rtems/6/sparc-rtems6/gr740/lib/librtemscpu.a(eventsend.c.60.o)
                0x00008eec                rtems_event_send
 .text._Event_Surrender
                0x00008f28      0x23c /opt/rtems/6/sparc-rtems6/gr740/lib/librtemscpu.a(eventsurrender.c.60.o)
                0x00008f28                _Event_Surrender
 .text.rtems_status_code_to_errno
                0x00009164       0x48 /opt/rtems/6/sparc-rtems6/gr740/lib/librtemscpu.a(statustoerrno.c.60.o)
                0x00009164                rtems_status_code_to_errno
 .text.rtems_event_system_send
                0x000091ac       0x40 /opt/rtems/6/sparc-rtems6/gr740/lib/librtemscpu.a(systemeventsend.c.60.o)
                0x000091ac                rtems_event_system_send
 .text._RTEMS_tasks_Allocate_and_prepare_stack
                0x000091ec       0x64 /opt/rtems/6/sparc-rtems6/gr740/lib/librtemscpu.a(taskcreate.c.60.o)
 .text.rtems_task_create
                0x00009250       0x40 /opt/rtems/6/sparc-rtems6/gr740/lib/librtemscpu.a(taskcreate.c.60.o)
                0x00009250                rtems_task_create
 .text.rtems_task_exit
                0x00009290       0x14 /opt/rtems/6/sparc-rtems6/gr740/lib/librtemscpu.a(taskexit.c.60.o)
                0x00009290                rtems_task_exit
 .text._RTEMS_tasks_Initialize_user_task
                0x000092a4       0xb8 /opt/rtems/6/sparc-rtems6/gr740/lib/librtemscpu.a(taskinitusers.c.60.o)
                0x000092a4                _RTEMS_tasks_Initialize_user_task
 .text.rtems_task_start
                0x0000935c       0x5c /opt/rtems/6/sparc-rtems6/gr740/lib/librtemscpu.a(taskstart.c.60.o)
                0x0000935c                rtems_task_start
 .text.rtems_task_wake_after
                0x000093b8      0x150 /opt/rtems/6/sparc-rtems6/gr740/lib/librtemscpu.a(taskwakeafter.c.60.o)
                0x000093b8                rtems_task_wake_after
 .text.rtems_initialize_data_structures
                0x00009508       0x7c /opt/rtems/6/sparc-rtems6/gr740/lib/librtemscpu.a(exinit.c.60.o)
 .text.rtems_initialize_executive
                0x00009584       0x54 /opt/rtems/6/sparc-rtems6/gr740/lib/librtemscpu.a(exinit.c.60.o)
                0x00009584                rtems_initialize_executive
 .text.rtems_fatal_error_occurred
                0x000095d8       0x14 /opt/rtems/6/sparc-rtems6/gr740/lib/librtemscpu.a(fatal.c.60.o)
                0x000095d8                rtems_fatal_error_occurred
 .text.rtems_fatal_source_text
                0x000095ec       0x28 /opt/rtems/6/sparc-rtems6/gr740/lib/librtemscpu.a(fatalsrctext.c.60.o)
                0x000095ec                rtems_fatal_source_text
 .text.rtems_get_version_string
                0x00009614        0xc /opt/rtems/6/sparc-rtems6/gr740/lib/librtemscpu.a(getversionstring.c.60.o)
                0x00009614                rtems_get_version_string
 .text.rtems_internal_error_text
                0x00009620       0x28 /opt/rtems/6/sparc-rtems6/gr740/lib/librtemscpu.a(interrtext.c.60.o)
                0x00009620                rtems_internal_error_text
 .text._IO_Initialize_all_drivers
                0x00009648       0x4c /opt/rtems/6/sparc-rtems6/gr740/lib/librtemscpu.a(io.c.60.o)
                0x00009648                _IO_Initialize_all_drivers
 .text.rtems_io_initialize
                0x00009694       0x58 /opt/rtems/6/sparc-rtems6/gr740/lib/librtemscpu.a(ioinitialize.c.60.o)
                0x00009694                rtems_io_initialize
 .text.rtems_version
                0x000096ec        0xc /opt/rtems/6/sparc-rtems6/gr740/lib/librtemscpu.a(version.c.60.o)
                0x000096ec                rtems_version
 .text._RTEMS_Lock_allocator
                0x000096f8       0x14 /opt/rtems/6/sparc-rtems6/gr740/lib/librtemscpu.a(allocatormutex.c.60.o)
                0x000096f8                _RTEMS_Lock_allocator
 .text._RTEMS_Unlock_allocator
                0x0000970c       0x14 /opt/rtems/6/sparc-rtems6/gr740/lib/librtemscpu.a(allocatormutex.c.60.o)
                0x0000970c                _RTEMS_Unlock_allocator
 .text._RTEMS_Allocator_is_owner
                0x00009720       0x14 /opt/rtems/6/sparc-rtems6/gr740/lib/librtemscpu.a(allocatormutex.c.60.o)
                0x00009720                _RTEMS_Allocator_is_owner
 .text._API_Mutex_Is_owner
                0x00009734       0x18 /opt/rtems/6/sparc-rtems6/gr740/lib/librtemscpu.a(apimutexisowner.c.60.o)
                0x00009734                _API_Mutex_Is_owner
 .text._API_Mutex_Lock
                0x0000974c       0x30 /opt/rtems/6/sparc-rtems6/gr740/lib/librtemscpu.a(apimutexlock.c.60.o)
                0x0000974c                _API_Mutex_Lock
 .text._API_Mutex_Unlock
                0x0000977c       0x30 /opt/rtems/6/sparc-rtems6/gr740/lib/librtemscpu.a(apimutexunlock.c.60.o)
                0x0000977c                _API_Mutex_Unlock
 .text._Chain_Initialize
                0x000097ac       0x84 /opt/rtems/6/sparc-rtems6/gr740/lib/librtemscpu.a(chain.c.60.o)
                0x000097ac                _Chain_Initialize
 .text._Heap_Protection_free_delayed_blocks
                0x00009830       0xc0 /opt/rtems/6/sparc-rtems6/gr740/lib/librtemscpu.a(heapallocate.c.60.o)
 .text._Heap_Protection_free_all_delayed_blocks
                0x000098f0       0x24 /opt/rtems/6/sparc-rtems6/gr740/lib/librtemscpu.a(heapallocate.c.60.o)
                0x000098f0                _Heap_Protection_free_all_delayed_blocks
 .text._Heap_Allocate_aligned_with_boundary
                0x00009914      0x4b4 /opt/rtems/6/sparc-rtems6/gr740/lib/librtemscpu.a(heapallocate.c.60.o)
                0x00009914                _Heap_Allocate_aligned_with_boundary
 .text._Heap_Free
                0x00009dc8      0x3a4 /opt/rtems/6/sparc-rtems6/gr740/lib/librtemscpu.a(heapfree.c.60.o)
                0x00009dc8                _Heap_Free
 .text._Terminate
                0x0000a16c       0x30 /opt/rtems/6/sparc-rtems6/gr740/lib/librtemscpu.a(interr.c.60.o)
                0x0000a16c                _Terminate
 .text._Internal_error
                0x0000a19c       0x14 /opt/rtems/6/sparc-rtems6/gr740/lib/librtemscpu.a(interr.c.60.o)
                0x0000a19c                _Internal_error
 .text._ISR_Handler_initialization
                0x0000a1b0       0x54 /opt/rtems/6/sparc-rtems6/gr740/lib/librtemscpu.a(isr.c.60.o)
                0x0000a1b0                _ISR_Handler_initialization
 .text._ISR_Is_in_progress
                0x0000a204       0x6c /opt/rtems/6/sparc-rtems6/gr740/lib/librtemscpu.a(isrisinprogress.c.60.o)
                0x0000a204                _ISR_Is_in_progress
 .text.dummy_get_timecount
                0x0000a270        0x8 /opt/rtems/6/sparc-rtems6/gr740/lib/librtemscpu.a(kern_tc.c.60.o)
 .text._Timecounter_Windup
                0x0000a278      0x418 /opt/rtems/6/sparc-rtems6/gr740/lib/librtemscpu.a(kern_tc.c.60.o)
 .text._Timecounter_Sbinuptime
                0x0000a690       0xd4 /opt/rtems/6/sparc-rtems6/gr740/lib/librtemscpu.a(kern_tc.c.60.o)
                0x0000a690                _Timecounter_Sbinuptime
                0x0000a690                rtems_clock_get_monotonic_sbintime
 .text._Timecounter_Microtime
                0x0000a764      0x12c /opt/rtems/6/sparc-rtems6/gr740/lib/librtemscpu.a(kern_tc.c.60.o)
                0x0000a764                _Timecounter_Microtime
                0x0000a764                rtems_clock_get_realtime_timeval
 .text._Timecounter_Getnanouptime
                0x0000a890       0x6c /opt/rtems/6/sparc-rtems6/gr740/lib/librtemscpu.a(kern_tc.c.60.o)
                0x0000a890                rtems_clock_get_monotonic_coarse
                0x0000a890                _Timecounter_Getnanouptime
 .text._Timecounter_Getbintime
                0x0000a8fc       0x50 /opt/rtems/6/sparc-rtems6/gr740/lib/librtemscpu.a(kern_tc.c.60.o)
                0x0000a8fc                rtems_clock_get_realtime_coarse_bintime
                0x0000a8fc                _Timecounter_Getbintime
 .text._Timecounter_Getnanotime
                0x0000a94c       0x50 /opt/rtems/6/sparc-rtems6/gr740/lib/librtemscpu.a(kern_tc.c.60.o)
                0x0000a94c                _Timecounter_Getnanotime
                0x0000a94c                rtems_clock_get_realtime_coarse
 .text._Timecounter_Install
                0x0000a99c       0x84 /opt/rtems/6/sparc-rtems6/gr740/lib/librtemscpu.a(kern_tc.c.60.o)
                0x0000a99c                _Timecounter_Install
 .text._Timecounter_Tick
                0x0000aa20       0x84 /opt/rtems/6/sparc-rtems6/gr740/lib/librtemscpu.a(kern_tc.c.60.o)
                0x0000aa20                _Timecounter_Tick
 .text._Memory_Allocate
                0x0000aaa4       0x70 /opt/rtems/6/sparc-rtems6/gr740/lib/librtemscpu.a(memoryallocate.c.60.o)
                0x0000aaa4                _Memory_Allocate
 .text._Mutex_Acquire
                0x0000ab14       0xd0 /opt/rtems/6/sparc-rtems6/gr740/lib/librtemscpu.a(mutex.c.60.o)
                0x0000ab14                _Mutex_Acquire
 .text._Mutex_Release
                0x0000abe4       0xe0 /opt/rtems/6/sparc-rtems6/gr740/lib/librtemscpu.a(mutex.c.60.o)
                0x0000abe4                _Mutex_Release
 .text._Mutex_recursive_Acquire
                0x0000acc4       0xe8 /opt/rtems/6/sparc-rtems6/gr740/lib/librtemscpu.a(mutex.c.60.o)
                0x0000acc4                _Mutex_recursive_Acquire
 .text._Mutex_recursive_Release
                0x0000adac       0xf8 /opt/rtems/6/sparc-rtems6/gr740/lib/librtemscpu.a(mutex.c.60.o)
                0x0000adac                _Mutex_recursive_Release
 .text._Objects_Allocate_static
                0x0000aea4       0x3c /opt/rtems/6/sparc-rtems6/gr740/lib/librtemscpu.a(objectallocatestatic.c.60.o)
                0x0000aea4                _Objects_Allocate_static
 .text._Objects_Extend_information
                0x0000aee0      0x2d8 /opt/rtems/6/sparc-rtems6/gr740/lib/librtemscpu.a(objectextendinformation.c.60.o)
                0x0000aee0                _Objects_Extend_information
 .text._Objects_Free_unlimited
                0x0000b1b8       0xdc /opt/rtems/6/sparc-rtems6/gr740/lib/librtemscpu.a(objectfree.c.60.o)
                0x0000b1b8                _Objects_Free_unlimited
 .text._Objects_Free_static
                0x0000b294       0x54 /opt/rtems/6/sparc-rtems6/gr740/lib/librtemscpu.a(objectfreestatic.c.60.o)
                0x0000b294                _Objects_Free_static
 .text._Objects_Free_objects_block
                0x0000b2e8      0x1b8 /opt/rtems/6/sparc-rtems6/gr740/lib/librtemscpu.a(objectshrinkinformation.c.60.o)
                0x0000b2e8                _Objects_Free_objects_block
 .text._Objects_Shrink_information
                0x0000b4a0       0xdc /opt/rtems/6/sparc-rtems6/gr740/lib/librtemscpu.a(objectshrinkinformation.c.60.o)
                0x0000b4a0                _Objects_Shrink_information
 .text._Protected_heap_Free
                0x0000b57c       0x28 /opt/rtems/6/sparc-rtems6/gr740/lib/librtemscpu.a(pheapfree.c.60.o)
                0x0000b57c                _Protected_heap_Free
 .text._Scheduler_Handler_initialization
                0x0000b5a4       0x58 /opt/rtems/6/sparc-rtems6/gr740/lib/librtemscpu.a(scheduler.c.60.o)
                0x0000b5a4                _Scheduler_Handler_initialization
 .text._Scheduler_default_Map_priority
                0x0000b5fc       0x14 /opt/rtems/6/sparc-rtems6/gr740/lib/librtemscpu.a(schedulerdefaultmappriority.c.60.o)
                0x0000b5fc                _Scheduler_default_Map_priority
 .text._Scheduler_default_Unmap_priority
                0x0000b610       0x14 /opt/rtems/6/sparc-rtems6/gr740/lib/librtemscpu.a(schedulerdefaultmappriority.c.60.o)
                0x0000b610                _Scheduler_default_Unmap_priority
 .text._Scheduler_default_Node_destroy
                0x0000b624       0x10 /opt/rtems/6/sparc-rtems6/gr740/lib/librtemscpu.a(schedulerdefaultnodedestroy.c.60.o)
                0x0000b624                _Scheduler_default_Node_destroy
 .text._Scheduler_default_Release_job
                0x0000b634        0x8 /opt/rtems/6/sparc-rtems6/gr740/lib/librtemscpu.a(schedulerdefaultreleasejob.c.60.o)
                0x0000b634                _Scheduler_default_Release_job
 .text._Scheduler_default_Cancel_job
                0x0000b63c        0x8 /opt/rtems/6/sparc-rtems6/gr740/lib/librtemscpu.a(schedulerdefaultreleasejob.c.60.o)
                0x0000b63c                _Scheduler_default_Cancel_job
 .text._Scheduler_default_Start_idle
                0x0000b644       0x78 /opt/rtems/6/sparc-rtems6/gr740/lib/librtemscpu.a(schedulerdefaultstartidle.c.60.o)
                0x0000b644                _Scheduler_default_Start_idle
 .text._Scheduler_priority_Initialize
                0x0000b6bc       0x58 /opt/rtems/6/sparc-rtems6/gr740/lib/librtemscpu.a(schedulerpriority.c.60.o)
                0x0000b6bc                _Scheduler_priority_Initialize
 .text._Scheduler_priority_Node_initialize
                0x0000b714       0xa8 /opt/rtems/6/sparc-rtems6/gr740/lib/librtemscpu.a(schedulerpriority.c.60.o)
                0x0000b714                _Scheduler_priority_Node_initialize
 .text._Per_CPU_Get.part.0
                0x0000b7bc       0x28 /opt/rtems/6/sparc-rtems6/gr740/lib/librtemscpu.a(schedulerpriorityblock.c.60.o)
 .text._Scheduler_priority_Block
                0x0000b7e4      0x268 /opt/rtems/6/sparc-rtems6/gr740/lib/librtemscpu.a(schedulerpriorityblock.c.60.o)
                0x0000b7e4                _Scheduler_priority_Block
 .text._Per_CPU_Get.part.0
                0x0000ba4c       0x28 /opt/rtems/6/sparc-rtems6/gr740/lib/librtemscpu.a(schedulerprioritychangepriority.c.60.o)
 .text._Scheduler_priority_Update_priority
                0x0000ba74      0x344 /opt/rtems/6/sparc-rtems6/gr740/lib/librtemscpu.a(schedulerprioritychangepriority.c.60.o)
                0x0000ba74                _Scheduler_priority_Update_priority
 .text._Per_CPU_Get.part.0
                0x0000bdb8       0x28 /opt/rtems/6/sparc-rtems6/gr740/lib/librtemscpu.a(schedulerpriorityschedule.c.60.o)
 .text._Scheduler_priority_Schedule
                0x0000bde0      0x174 /opt/rtems/6/sparc-rtems6/gr740/lib/librtemscpu.a(schedulerpriorityschedule.c.60.o)
                0x0000bde0                _Scheduler_priority_Schedule
 .text._Per_CPU_Get.part.0
                0x0000bf54       0x28 /opt/rtems/6/sparc-rtems6/gr740/lib/librtemscpu.a(schedulerpriorityunblock.c.60.o)
 .text._Scheduler_priority_Unblock
                0x0000bf7c      0x2a4 /opt/rtems/6/sparc-rtems6/gr740/lib/librtemscpu.a(schedulerpriorityunblock.c.60.o)
                0x0000bf7c                _Scheduler_priority_Unblock
 .text._Per_CPU_Get.part.0
                0x0000c220       0x28 /opt/rtems/6/sparc-rtems6/gr740/lib/librtemscpu.a(schedulerpriorityyield.c.60.o)
 .text._Scheduler_priority_Yield
                0x0000c248      0x1e0 /opt/rtems/6/sparc-rtems6/gr740/lib/librtemscpu.a(schedulerpriorityyield.c.60.o)
                0x0000c248                _Scheduler_priority_Yield
 .text._Semaphore_Wait
                0x0000c428       0xbc /opt/rtems/6/sparc-rtems6/gr740/lib/librtemscpu.a(semaphore.c.60.o)
                0x0000c428                _Semaphore_Wait
 .text._Semaphore_Wait_timed_ticks
                0x0000c4e4       0xd8 /opt/rtems/6/sparc-rtems6/gr740/lib/librtemscpu.a(semaphore.c.60.o)
                0x0000c4e4                _Semaphore_Wait_timed_ticks
 .text._Semaphore_Try_wait
                0x0000c5bc       0xac /opt/rtems/6/sparc-rtems6/gr740/lib/librtemscpu.a(semaphore.c.60.o)
                0x0000c5bc                _Semaphore_Try_wait
 .text._Semaphore_Post_binary
                0x0000c668       0xa4 /opt/rtems/6/sparc-rtems6/gr740/lib/librtemscpu.a(semaphore.c.60.o)
                0x0000c668                _Semaphore_Post_binary
 .text._Stack_Allocator_allocate_for_idle_workspace
                0x0000c70c       0x2c /opt/rtems/6/sparc-rtems6/gr740/lib/librtemscpu.a(stackallocatorforidlewkspace.c.60.o)
                0x0000c70c                _Stack_Allocator_allocate_for_idle_workspace
 .text._Thread_Initialize_information
                0x0000c738       0x24 /opt/rtems/6/sparc-rtems6/gr740/lib/librtemscpu.a(thread.c.60.o)
                0x0000c738                _Thread_Initialize_information
 .text._Thread_Handler_initialization
                0x0000c75c       0x2c /opt/rtems/6/sparc-rtems6/gr740/lib/librtemscpu.a(thread.c.60.o)
                0x0000c75c                _Thread_Handler_initialization
 .text._Thread_Allocate_unlimited
                0x0000c788      0x170 /opt/rtems/6/sparc-rtems6/gr740/lib/librtemscpu.a(threadallocateunlimited.c.60.o)
                0x0000c788                _Thread_Allocate_unlimited
 .text._Thread_Clear_state_locked
                0x0000c8f8      0x100 /opt/rtems/6/sparc-rtems6/gr740/lib/librtemscpu.a(threadclearstate.c.60.o)
                0x0000c8f8                _Thread_Clear_state_locked
 .text._Thread_Clear_state
                0x0000c9f8       0x4c /opt/rtems/6/sparc-rtems6/gr740/lib/librtemscpu.a(threadclearstate.c.60.o)
                0x0000c9f8                _Thread_Clear_state
 .text._Thread_Create_idle
                0x0000ca44      0x290 /opt/rtems/6/sparc-rtems6/gr740/lib/librtemscpu.a(threadcreateidle.c.60.o)
                0x0000ca44                _Thread_Create_idle
 .text._Scheduler_Acquire_critical.part.0
                0x0000ccd4       0x28 /opt/rtems/6/sparc-rtems6/gr740/lib/librtemscpu.a(threaddispatch.c.60.o)
 .text._Thread_Do_dispatch
                0x0000ccfc      0x744 /opt/rtems/6/sparc-rtems6/gr740/lib/librtemscpu.a(threaddispatch.c.60.o)
                0x0000ccfc                _Thread_Do_dispatch
 .text._Thread_Dispatch_direct
                0x0000d440       0x2c /opt/rtems/6/sparc-rtems6/gr740/lib/librtemscpu.a(threaddispatch.c.60.o)
                0x0000d440                _Thread_Dispatch_direct
                0x0000d440                _Thread_Dispatch_direct_no_return
 .text._Thread_Dispatch_enable
                0x0000d46c       0x88 /opt/rtems/6/sparc-rtems6/gr740/lib/librtemscpu.a(threaddispatch.c.60.o)
                0x0000d46c                _Thread_Dispatch_enable
 .text._Thread_Entry_adaptor_idle
                0x0000d4f4       0x18 /opt/rtems/6/sparc-rtems6/gr740/lib/librtemscpu.a(threadentryadaptoridle.c.60.o)
                0x0000d4f4                _Thread_Entry_adaptor_idle
 .text._Thread_Entry_adaptor_numeric
                0x0000d50c       0x18 /opt/rtems/6/sparc-rtems6/gr740/lib/librtemscpu.a(threadentryadaptornumeric.c.60.o)
                0x0000d50c                _Thread_Entry_adaptor_numeric
 .text._Thread_Get
                0x0000d524       0x68 /opt/rtems/6/sparc-rtems6/gr740/lib/librtemscpu.a(threadget.c.60.o)
                0x0000d524                _Thread_Get
 .text._Per_CPU_Get
                0x0000d58c       0x50 /opt/rtems/6/sparc-rtems6/gr740/lib/librtemscpu.a(threadhandler.c.60.o)
 .text._Thread_Handler
                0x0000d5dc      0x194 /opt/rtems/6/sparc-rtems6/gr740/lib/librtemscpu.a(threadhandler.c.60.o)
                0x0000d5dc                _Thread_Handler
 .text._Chain_Initialize_one.part.0
                0x0000d770       0x28 /opt/rtems/6/sparc-rtems6/gr740/lib/librtemscpu.a(threadinitialize.c.60.o)
 .text._Thread_Free
                0x0000d798      0x1a0 /opt/rtems/6/sparc-rtems6/gr740/lib/librtemscpu.a(threadinitialize.c.60.o)
                0x0000d798                _Thread_Free
 .text._Thread_Initialize
                0x0000d938      0x50c /opt/rtems/6/sparc-rtems6/gr740/lib/librtemscpu.a(threadinitialize.c.60.o)
                0x0000d938                _Thread_Initialize
 .text._Thread_Load_environment
                0x0000de44       0x58 /opt/rtems/6/sparc-rtems6/gr740/lib/librtemscpu.a(threadloadenv.c.60.o)
                0x0000de44                _Thread_Load_environment
 .text._Thread_Get_name
                0x0000de9c       0x4c /opt/rtems/6/sparc-rtems6/gr740/lib/librtemscpu.a(threadname.c.60.o)
                0x0000de9c                _Thread_Get_name
 .text._Thread_queue_Do_acquire_critical
                0x0000dee8       0x44 /opt/rtems/6/sparc-rtems6/gr740/lib/librtemscpu.a(threadq.c.60.o)
                0x0000dee8                _Thread_queue_Do_acquire_critical
 .text._Thread_queue_Acquire
                0x0000df2c       0x4c /opt/rtems/6/sparc-rtems6/gr740/lib/librtemscpu.a(threadq.c.60.o)
                0x0000df2c                _Thread_queue_Acquire
 .text._Thread_queue_Do_release_critical
                0x0000df78       0x58 /opt/rtems/6/sparc-rtems6/gr740/lib/librtemscpu.a(threadq.c.60.o)
                0x0000df78                _Thread_queue_Do_release_critical
 .text._Chain_Append_unprotected.part.0
                0x0000dfd0       0x28 /opt/rtems/6/sparc-rtems6/gr740/lib/librtemscpu.a(threadqenqueue.c.60.o)
 .text._Thread_Wait_acquire_default_critical.part.0
                0x0000dff8       0x28 /opt/rtems/6/sparc-rtems6/gr740/lib/librtemscpu.a(threadqenqueue.c.60.o)
 .text._Thread_Wait_claim.part.0
                0x0000e020       0x28 /opt/rtems/6/sparc-rtems6/gr740/lib/librtemscpu.a(threadqenqueue.c.60.o)
 .text._Thread_queue_Make_ready_again
                0x0000e048      0x158 /opt/rtems/6/sparc-rtems6/gr740/lib/librtemscpu.a(threadqenqueue.c.60.o)
 .text._Thread_queue_Path_release
                0x0000e1a0      0x198 /opt/rtems/6/sparc-rtems6/gr740/lib/librtemscpu.a(threadqenqueue.c.60.o)
                0x0000e1a0                _Thread_queue_Path_release
 .text._Thread_queue_Path_acquire
                0x0000e338      0x42c /opt/rtems/6/sparc-rtems6/gr740/lib/librtemscpu.a(threadqenqueue.c.60.o)
                0x0000e338                _Thread_queue_Path_acquire
 .text._Thread_queue_Enqueue_do_nothing_extra
                0x0000e764        0x8 /opt/rtems/6/sparc-rtems6/gr740/lib/librtemscpu.a(threadqenqueue.c.60.o)
                0x0000e764                _Thread_queue_Enqueue_do_nothing_extra
 .text._Thread_queue_Deadlock_fatal
                0x0000e76c       0x10 /opt/rtems/6/sparc-rtems6/gr740/lib/librtemscpu.a(threadqenqueue.c.60.o)
                0x0000e76c                _Thread_queue_Deadlock_fatal
 .text._Thread_queue_Enqueue
                0x0000e77c      0x344 /opt/rtems/6/sparc-rtems6/gr740/lib/librtemscpu.a(threadqenqueue.c.60.o)
                0x0000e77c                _Thread_queue_Enqueue
 .text._Thread_queue_Extract_locked
                0x0000eac0       0x24 /opt/rtems/6/sparc-rtems6/gr740/lib/librtemscpu.a(threadqenqueue.c.60.o)
                0x0000eac0                _Thread_queue_Extract_locked
 .text._Thread_queue_Resume
                0x0000eae4      0x144 /opt/rtems/6/sparc-rtems6/gr740/lib/librtemscpu.a(threadqenqueue.c.60.o)
                0x0000eae4                _Thread_queue_Resume
 .text._Thread_queue_Surrender
                0x0000ec28      0x18c /opt/rtems/6/sparc-rtems6/gr740/lib/librtemscpu.a(threadqenqueue.c.60.o)
                0x0000ec28                _Thread_queue_Surrender
 .text._Thread_queue_Surrender_no_priority
                0x0000edb4       0x7c /opt/rtems/6/sparc-rtems6/gr740/lib/librtemscpu.a(threadqenqueue.c.60.o)
                0x0000edb4                _Thread_queue_Surrender_no_priority
 .text._Thread_queue_Do_nothing_priority_actions
                0x0000ee30       0x2c /opt/rtems/6/sparc-rtems6/gr740/lib/librtemscpu.a(threadqops.c.60.o)
                0x0000ee30                _Thread_queue_Do_nothing_priority_actions
 .text._Thread_Scheduler_get_home_node.part.0
                0x0000ee5c       0x28 /opt/rtems/6/sparc-rtems6/gr740/lib/librtemscpu.a(threadqops.c.60.o)
 .text._Chain_Append_unprotected.part.0
                0x0000ee84       0x28 /opt/rtems/6/sparc-rtems6/gr740/lib/librtemscpu.a(threadqops.c.60.o)
 .text._Chain_Initialize_one.part.0
                0x0000eeac       0x28 /opt/rtems/6/sparc-rtems6/gr740/lib/librtemscpu.a(threadqops.c.60.o)
 .text._Chain_Extract_unprotected.part.0
                0x0000eed4       0x28 /opt/rtems/6/sparc-rtems6/gr740/lib/librtemscpu.a(threadqops.c.60.o)
 .text._Thread_queue_Priority_queue_by_index.part.0
                0x0000eefc       0x28 /opt/rtems/6/sparc-rtems6/gr740/lib/librtemscpu.a(threadqops.c.60.o)
 .text._Thread_queue_Priority_first
                0x0000ef24       0x78 /opt/rtems/6/sparc-rtems6/gr740/lib/librtemscpu.a(threadqops.c.60.o)
 .text._Thread_Scheduler_add_request.part.0
                0x0000ef9c       0x28 /opt/rtems/6/sparc-rtems6/gr740/lib/librtemscpu.a(threadqops.c.60.o)
 .text._Thread_queue_Queue_enqueue
                0x0000efc4      0x118 /opt/rtems/6/sparc-rtems6/gr740/lib/librtemscpu.a(threadqops.c.60.o)
 .text._Thread_queue_Priority_enqueue
                0x0000f0dc       0x1c /opt/rtems/6/sparc-rtems6/gr740/lib/librtemscpu.a(threadqops.c.60.o)
 .text._Thread_queue_Priority_inherit_enqueue
                0x0000f0f8       0x1c /opt/rtems/6/sparc-rtems6/gr740/lib/librtemscpu.a(threadqops.c.60.o)
 .text._Thread_queue_Priority_do_extract
                0x0000f114       0xf8 /opt/rtems/6/sparc-rtems6/gr740/lib/librtemscpu.a(threadqops.c.60.o)
 .text._Thread_queue_Priority_extract
                0x0000f20c       0xb8 /opt/rtems/6/sparc-rtems6/gr740/lib/librtemscpu.a(threadqops.c.60.o)
 .text._Thread_queue_Priority_surrender
                0x0000f2c4      0x100 /opt/rtems/6/sparc-rtems6/gr740/lib/librtemscpu.a(threadqops.c.60.o)
 .text._Thread_queue_Priority_do_enqueue
                0x0000f3c4      0x220 /opt/rtems/6/sparc-rtems6/gr740/lib/librtemscpu.a(threadqops.c.60.o)
 .text._Thread_queue_Priority_priority_actions
                0x0000f5e4      0x37c /opt/rtems/6/sparc-rtems6/gr740/lib/librtemscpu.a(threadqops.c.60.o)
 .text._Thread_queue_Priority_inherit_do_enqueue
                0x0000f960      0x308 /opt/rtems/6/sparc-rtems6/gr740/lib/librtemscpu.a(threadqops.c.60.o)
 .text._Thread_queue_Priority_inherit_extract
                0x0000fc68      0x2bc /opt/rtems/6/sparc-rtems6/gr740/lib/librtemscpu.a(threadqops.c.60.o)
 .text._Thread_queue_Priority_inherit_do_initialize
                0x0000ff24      0x290 /opt/rtems/6/sparc-rtems6/gr740/lib/librtemscpu.a(threadqops.c.60.o)
 .text._Thread_queue_Priority_do_initialize
                0x000101b4      0x214 /opt/rtems/6/sparc-rtems6/gr740/lib/librtemscpu.a(threadqops.c.60.o)
 .text._Thread_queue_Priority_inherit_priority_actions
                0x000103c8      0x628 /opt/rtems/6/sparc-rtems6/gr740/lib/librtemscpu.a(threadqops.c.60.o)
 .text._Thread_queue_Priority_inherit_surrender
                0x000109f0      0x818 /opt/rtems/6/sparc-rtems6/gr740/lib/librtemscpu.a(threadqops.c.60.o)
 .text._Watchdog_Per_CPU_acquire_critical.part.0
                0x00011208       0x28 /opt/rtems/6/sparc-rtems6/gr740/lib/librtemscpu.a(threadqtimeout.c.60.o)
 .text._Thread_queue_Add_timeout_ticks
                0x00011230       0xa0 /opt/rtems/6/sparc-rtems6/gr740/lib/librtemscpu.a(threadqtimeout.c.60.o)
                0x00011230                _Thread_queue_Add_timeout_ticks
 .text._Thread_Join_flush_filter
                0x000112d0        0xc /opt/rtems/6/sparc-rtems6/gr740/lib/librtemscpu.a(threadrestart.c.60.o)
 .text._Thread_State_release
                0x000112dc       0x24 /opt/rtems/6/sparc-rtems6/gr740/lib/librtemscpu.a(threadrestart.c.60.o)
 .text._Thread_Get_objects_information.part.0
                0x00011300       0x28 /opt/rtems/6/sparc-rtems6/gr740/lib/librtemscpu.a(threadrestart.c.60.o)
 .text._Chain_Extract_unprotected.part.0
                0x00011328       0x28 /opt/rtems/6/sparc-rtems6/gr740/lib/librtemscpu.a(threadrestart.c.60.o)
 .text._Chain_Append_unprotected.part.0
                0x00011350       0x28 /opt/rtems/6/sparc-rtems6/gr740/lib/librtemscpu.a(threadrestart.c.60.o)
 .text._Per_CPU_Get.part.0
                0x00011378       0x28 /opt/rtems/6/sparc-rtems6/gr740/lib/librtemscpu.a(threadrestart.c.60.o)
 .text._Per_CPU_Get
                0x000113a0       0x3c /opt/rtems/6/sparc-rtems6/gr740/lib/librtemscpu.a(threadrestart.c.60.o)
 .text._Thread_Dispatch_disable
                0x000113dc       0x38 /opt/rtems/6/sparc-rtems6/gr740/lib/librtemscpu.a(threadrestart.c.60.o)
 .text._Thread_Make_zombie
                0x00011414      0x1bc /opt/rtems/6/sparc-rtems6/gr740/lib/librtemscpu.a(threadrestart.c.60.o)
 .text._Thread_Change_life_locked
                0x000115d0      0x120 /opt/rtems/6/sparc-rtems6/gr740/lib/librtemscpu.a(threadrestart.c.60.o)
 .text._Thread_Life_action_handler
                0x000116f0      0x24c /opt/rtems/6/sparc-rtems6/gr740/lib/librtemscpu.a(threadrestart.c.60.o)
 .text._Thread_Kill_zombies
                0x0001193c      0x11c /opt/rtems/6/sparc-rtems6/gr740/lib/librtemscpu.a(threadrestart.c.60.o)
                0x0001193c                _Thread_Kill_zombies
 .text._Thread_Exit
                0x00011a58       0xc0 /opt/rtems/6/sparc-rtems6/gr740/lib/librtemscpu.a(threadrestart.c.60.o)
                0x00011a58                _Thread_Exit
 .text._Thread_Change_life
                0x00011b18       0x9c /opt/rtems/6/sparc-rtems6/gr740/lib/librtemscpu.a(threadrestart.c.60.o)
                0x00011b18                _Thread_Change_life
 .text._Thread_Set_life_protection
                0x00011bb4       0x18 /opt/rtems/6/sparc-rtems6/gr740/lib/librtemscpu.a(threadrestart.c.60.o)
                0x00011bb4                _Thread_Set_life_protection
 .text._Thread_Set_state_locked
                0x00011bcc      0x15c /opt/rtems/6/sparc-rtems6/gr740/lib/librtemscpu.a(threadsetstate.c.60.o)
                0x00011bcc                _Thread_Set_state_locked
 .text._Thread_Set_state
                0x00011d28       0x4c /opt/rtems/6/sparc-rtems6/gr740/lib/librtemscpu.a(threadsetstate.c.60.o)
                0x00011d28                _Thread_Set_state
 .text._Stack_Allocate
                0x00011d74       0x1c /opt/rtems/6/sparc-rtems6/gr740/lib/librtemscpu.a(threadstackallocate.c.60.o)
                0x00011d74                _Stack_Allocate
 .text._Stack_Free
                0x00011d90       0x1c /opt/rtems/6/sparc-rtems6/gr740/lib/librtemscpu.a(threadstackfree.c.60.o)
                0x00011d90                _Stack_Free
 .text._Thread_Start
                0x00011dac      0x100 /opt/rtems/6/sparc-rtems6/gr740/lib/librtemscpu.a(threadstart.c.60.o)
                0x00011dac                _Thread_Start
 .text._Per_CPU_Get
                0x00011eac       0x50 /opt/rtems/6/sparc-rtems6/gr740/lib/librtemscpu.a(threadstartmultitasking.c.60.o)
 .text._Thread_Start_multitasking
                0x00011efc       0x74 /opt/rtems/6/sparc-rtems6/gr740/lib/librtemscpu.a(threadstartmultitasking.c.60.o)
                0x00011efc                _Thread_Start_multitasking
 .text._Thread_Wait_acquire_default_critical.part.0
                0x00011f70       0x28 /opt/rtems/6/sparc-rtems6/gr740/lib/librtemscpu.a(threadtimeout.c.60.o)
 .text._Thread_Continue
                0x00011f98      0x424 /opt/rtems/6/sparc-rtems6/gr740/lib/librtemscpu.a(threadtimeout.c.60.o)
                0x00011f98                _Thread_Continue
 .text._Thread_Timeout
                0x000123bc       0x18 /opt/rtems/6/sparc-rtems6/gr740/lib/librtemscpu.a(threadtimeout.c.60.o)
                0x000123bc                _Thread_Timeout
 .text._Thread_Yield
                0x000123d4       0xfc /opt/rtems/6/sparc-rtems6/gr740/lib/librtemscpu.a(threadyield.c.60.o)
                0x000123d4                _Thread_Yield
 .text._TLS_Get_allocation_size
                0x000124d0       0xc8 /opt/rtems/6/sparc-rtems6/gr740/lib/librtemscpu.a(tlsallocsize.c.60.o)
                0x000124d0                _TLS_Get_allocation_size
 .text._User_extensions_Handler_initialization
                0x00012598       0x7c /opt/rtems/6/sparc-rtems6/gr740/lib/librtemscpu.a(userext.c.60.o)
                0x00012598                _User_extensions_Handler_initialization
 .text._User_extensions_Thread_create_visitor
                0x00012614       0x40 /opt/rtems/6/sparc-rtems6/gr740/lib/librtemscpu.a(userextiterate.c.60.o)
                0x00012614                _User_extensions_Thread_create_visitor
 .text._User_extensions_Thread_delete_visitor
                0x00012654       0x24 /opt/rtems/6/sparc-rtems6/gr740/lib/librtemscpu.a(userextiterate.c.60.o)
                0x00012654                _User_extensions_Thread_delete_visitor
 .text._User_extensions_Thread_start_visitor
                0x00012678       0x24 /opt/rtems/6/sparc-rtems6/gr740/lib/librtemscpu.a(userextiterate.c.60.o)
                0x00012678                _User_extensions_Thread_start_visitor
 .text._User_extensions_Thread_restart_visitor
                0x0001269c       0x24 /opt/rtems/6/sparc-rtems6/gr740/lib/librtemscpu.a(userextiterate.c.60.o)
                0x0001269c                _User_extensions_Thread_restart_visitor
 .text._User_extensions_Thread_begin_visitor
                0x000126c0       0x24 /opt/rtems/6/sparc-rtems6/gr740/lib/librtemscpu.a(userextiterate.c.60.o)
                0x000126c0                _User_extensions_Thread_begin_visitor
 .text._User_extensions_Thread_exitted_visitor
                0x000126e4       0x24 /opt/rtems/6/sparc-rtems6/gr740/lib/librtemscpu.a(userextiterate.c.60.o)
                0x000126e4                _User_extensions_Thread_exitted_visitor
 .text._User_extensions_Fatal_visitor
                0x00012708       0x2c /opt/rtems/6/sparc-rtems6/gr740/lib/librtemscpu.a(userextiterate.c.60.o)
                0x00012708                _User_extensions_Fatal_visitor
 .text._User_extensions_Thread_terminate_visitor
                0x00012734       0x24 /opt/rtems/6/sparc-rtems6/gr740/lib/librtemscpu.a(userextiterate.c.60.o)
                0x00012734                _User_extensions_Thread_terminate_visitor
 .text._User_extensions_Iterate
                0x00012758      0x1fc /opt/rtems/6/sparc-rtems6/gr740/lib/librtemscpu.a(userextiterate.c.60.o)
                0x00012758                _User_extensions_Iterate
 .text._Watchdog_Insert
                0x00012954       0xf8 /opt/rtems/6/sparc-rtems6/gr740/lib/librtemscpu.a(watchdoginsert.c.60.o)
                0x00012954                _Watchdog_Insert
 .text._Watchdog_Remove
                0x00012a4c      0x114 /opt/rtems/6/sparc-rtems6/gr740/lib/librtemscpu.a(watchdogremove.c.60.o)
                0x00012a4c                _Watchdog_Remove
 .text._Watchdog_Ticks_from_timespec.part.0
                0x00012b60       0x28 /opt/rtems/6/sparc-rtems6/gr740/lib/librtemscpu.a(watchdogtick.c.60.o)
 .text._Watchdog_Do_tickle
                0x00012b88      0x174 /opt/rtems/6/sparc-rtems6/gr740/lib/librtemscpu.a(watchdogtick.c.60.o)
                0x00012b88                _Watchdog_Do_tickle
 .text._Watchdog_Tick
                0x00012cfc      0x228 /opt/rtems/6/sparc-rtems6/gr740/lib/librtemscpu.a(watchdogtick.c.60.o)
                0x00012cfc                _Watchdog_Tick
 .text._Workspace_Allocate
                0x00012f24       0x20 /opt/rtems/6/sparc-rtems6/gr740/lib/librtemscpu.a(wkspaceallocate.c.60.o)
                0x00012f24                _Workspace_Allocate
 .text._Workspace_Free
                0x00012f44       0x48 /opt/rtems/6/sparc-rtems6/gr740/lib/librtemscpu.a(wkspacefree.c.60.o)
                0x00012f44                _Workspace_Free
 .text._Workspace_Malloc_initialize_unified
                0x00012f8c        0xc /opt/rtems/6/sparc-rtems6/gr740/lib/librtemscpu.a(wkspacemallocinitunified.c.60.o)
                0x00012f8c                _Workspace_Malloc_initialize_unified
 .text._CPU_Thread_Idle_body
                0x00012f98        0x4 /opt/rtems/6/sparc-rtems6/gr740/lib/librtemscpu.a(cpuidle.c.43.o)
                0x00012f98                _CPU_Thread_Idle_body
 .text._CPU_Initialize
                0x00012f9c        0x8 /opt/rtems/6/sparc-rtems6/gr740/lib/librtemscpu.a(cpu.c.43.o)
                0x00012f9c                _CPU_Initialize
 .text._CPU_ISR_Get_level
                0x00012fa4       0x14 /opt/rtems/6/sparc-rtems6/gr740/lib/librtemscpu.a(cpu.c.43.o)
                0x00012fa4                _CPU_ISR_Get_level
 .text._CPU_Context_Initialize
                0x00012fb8      0x124 /opt/rtems/6/sparc-rtems6/gr740/lib/librtemscpu.a(cpu.c.43.o)
                0x00012fb8                _CPU_Context_Initialize
 .text          0x000130dc      0x430 /opt/rtems/6/sparc-rtems6/gr740/lib/librtemscpu.a(cpu_asm.S.43.o)
                0x000130dc                _CPU_Context_switch
                0x000130dc                _CPU_Context_switch_no_return
                0x00013114                _CPU_Context_restore_heir
                0x00013224                _CPU_Context_restore
                0x00013238                _SPARC_Interrupt_trap
 .text          0x0001350c      0x144 /opt/rtems/6/sparc-rtems6/gr740/lib/librtemscpu.a(sparc-bad-trap.S.43.o)
                0x0001350c                _SPARC_Bad_trap
 .text._CPU_Exception_frame_print
                0x00013650      0x1a4 /opt/rtems/6/sparc-rtems6/gr740/lib/librtemscpu.a(sparc-exception-frame-print.c.43.o)
                0x00013650                _CPU_Exception_frame_print
 *fill*         0x000137f4        0xc 
 .text          0x00013800       0xa0 /opt/rtems/6/sparc-rtems6/gr740/lib/librtemscpu.a(syscall.S.43.o)
                0x00013800                syscall
                0x00013804                bsp_reset
                0x00013804                sparc_syscall_exit
                0x00013820                syscall_irqdis
                0x00013840                syscall_irqen
                0x00013860                syscall_irqdis_fp
 .text          0x000138a0      0x144 /opt/rtems/6/sparc-rtems6/gr740/lib/librtemscpu.a(window.S.43.o)
                0x000138a0                window_overflow_trap_handler
                0x000138dc                window_underflow_trap_handler
                0x0001392c                window_flush_trap_handler
 .text._Scheduler_default_Sticky_do_nothing
                0x000139e4        0x8 /opt/rtems/6/sparc-rtems6/gr740/lib/librtemscpu.a(schedulerdefaultmakecleansticky.c.57.o)
                0x000139e4                _Scheduler_default_Sticky_do_nothing
 .text._Scheduler_Ensure_exactly_one_processor
                0x000139ec       0x2c /opt/rtems/6/sparc-rtems6/gr740/lib/librtemscpu.a(schedulerdefaultpinunpindonothing.c.57.o)
 .text._Scheduler_default_Pin_or_unpin_do_nothing
                0x00013a18        0x8 /opt/rtems/6/sparc-rtems6/gr740/lib/librtemscpu.a(schedulerdefaultpinunpindonothing.c.57.o)
                0x00013a18                _Scheduler_default_Pin_or_unpin_do_nothing
 .text._Scheduler_default_Set_affinity
                0x00013a20       0x30 /opt/rtems/6/sparc-rtems6/gr740/lib/librtemscpu.a(schedulerdefaultsetaffinity.c.57.o)
                0x00013a20                _Scheduler_default_Set_affinity
 .text._SMP_Fatal
                0x00013a50       0x14 /opt/rtems/6/sparc-rtems6/gr740/lib/librtemscpu.a(smp.c.57.o)
 .text._Per_CPU_Get.part.0
                0x00013a64       0x28 /opt/rtems/6/sparc-rtems6/gr740/lib/librtemscpu.a(smp.c.57.o)
 .text._Per_CPU_Set_state.part.0
                0x00013a8c       0x28 /opt/rtems/6/sparc-rtems6/gr740/lib/librtemscpu.a(smp.c.57.o)
 .text._SMP_Process_message.part.0
                0x00013ab4       0x58 /opt/rtems/6/sparc-rtems6/gr740/lib/librtemscpu.a(smp.c.57.o)
 .text._SMP_Handler_initialize
                0x00013b0c      0x204 /opt/rtems/6/sparc-rtems6/gr740/lib/librtemscpu.a(smp.c.57.o)
                0x00013b0c                _SMP_Handler_initialize
 .text._SMP_Start_multitasking_on_secondary_processor
                0x00013d10      0x130 /opt/rtems/6/sparc-rtems6/gr740/lib/librtemscpu.a(smp.c.57.o)
                0x00013d10                _SMP_Start_multitasking_on_secondary_processor
 .text._SMP_Request_shutdown
                0x00013e40      0x11c /opt/rtems/6/sparc-rtems6/gr740/lib/librtemscpu.a(smp.c.57.o)
                0x00013e40                _SMP_Request_shutdown
 .text._SMP_Process_message
                0x00013f5c       0x44 /opt/rtems/6/sparc-rtems6/gr740/lib/librtemscpu.a(smp.c.57.o)
                0x00013f5c                _SMP_Process_message
 .text._SMP_Wait_for_ready_to_start_multitasking
                0x00013fa0       0xbc /opt/rtems/6/sparc-rtems6/gr740/lib/librtemscpu.a(smp.c.57.o)
                0x00013fa0                _SMP_Wait_for_ready_to_start_multitasking
 .text._SMP_Request_start_multitasking
                0x0001405c       0x20 /opt/rtems/6/sparc-rtems6/gr740/lib/librtemscpu.a(smp.c.57.o)
                0x0001405c                _SMP_Request_start_multitasking
 .text._SMP_Try_to_process_message
                0x0001407c       0x24 /opt/rtems/6/sparc-rtems6/gr740/lib/librtemscpu.a(smp.c.57.o)
                0x0001407c                _SMP_Try_to_process_message
 .text._SMP_lock_Release_inline.part.0
                0x000140a0       0x28 /opt/rtems/6/sparc-rtems6/gr740/lib/librtemscpu.a(smplock.c.57.o)
 .text._SMP_lock_Initialize
                0x000140c8       0x10 /opt/rtems/6/sparc-rtems6/gr740/lib/librtemscpu.a(smplock.c.57.o)
                0x000140c8                _SMP_lock_Initialize
 .text._SMP_lock_Destroy
                0x000140d8        0x8 /opt/rtems/6/sparc-rtems6/gr740/lib/librtemscpu.a(smplock.c.57.o)
                0x000140d8                _SMP_lock_Destroy
 .text._SMP_lock_Acquire
                0x000140e0       0x44 /opt/rtems/6/sparc-rtems6/gr740/lib/librtemscpu.a(smplock.c.57.o)
                0x000140e0                _SMP_lock_Acquire
 .text._SMP_lock_Release
                0x00014124       0x74 /opt/rtems/6/sparc-rtems6/gr740/lib/librtemscpu.a(smplock.c.57.o)
                0x00014124                _SMP_lock_Release
 .text._SMP_lock_ISR_disable_and_acquire
                0x00014198       0x4c /opt/rtems/6/sparc-rtems6/gr740/lib/librtemscpu.a(smplock.c.57.o)
                0x00014198                _SMP_lock_ISR_disable_and_acquire
 .text._SMP_lock_Release_and_ISR_enable
                0x000141e4       0x80 /opt/rtems/6/sparc-rtems6/gr740/lib/librtemscpu.a(smplock.c.57.o)
                0x000141e4                _SMP_lock_Release_and_ISR_enable
 .text._IO_Vprintf
                0x00014264      0xc74 /opt/rtems/6/sparc-rtems6/gr740/lib/librtemscpu.a(iovprintf.c.60.o)
                0x000143c4                _IO_Vprintf
 .text.null_handler_open
                0x00014ed8        0x8 /opt/rtems/6/sparc-rtems6/gr740/lib/librtemscpu.a(__usrenv.c.60.o)
 .text.null_handler_fstat
                0x00014ee0        0x8 /opt/rtems/6/sparc-rtems6/gr740/lib/librtemscpu.a(__usrenv.c.60.o)
 .text.null_op_lock_or_unlock
                0x00014ee8        0x8 /opt/rtems/6/sparc-rtems6/gr740/lib/librtemscpu.a(__usrenv.c.60.o)
 .text.null_op_mknod
                0x00014ef0        0x8 /opt/rtems/6/sparc-rtems6/gr740/lib/librtemscpu.a(__usrenv.c.60.o)
 .text.null_op_link
                0x00014ef8        0x8 /opt/rtems/6/sparc-rtems6/gr740/lib/librtemscpu.a(__usrenv.c.60.o)
 .text.null_op_fchmod
                0x00014f00        0x8 /opt/rtems/6/sparc-rtems6/gr740/lib/librtemscpu.a(__usrenv.c.60.o)
 .text.null_op_chown
                0x00014f08        0x8 /opt/rtems/6/sparc-rtems6/gr740/lib/librtemscpu.a(__usrenv.c.60.o)
 .text.null_op_clonenode
                0x00014f10        0x8 /opt/rtems/6/sparc-rtems6/gr740/lib/librtemscpu.a(__usrenv.c.60.o)
 .text.null_op_symlink
                0x00014f18        0x8 /opt/rtems/6/sparc-rtems6/gr740/lib/librtemscpu.a(__usrenv.c.60.o)
 .text.null_op_readlink
                0x00014f20        0x8 /opt/rtems/6/sparc-rtems6/gr740/lib/librtemscpu.a(__usrenv.c.60.o)
 .text.null_op_rename
                0x00014f28        0x8 /opt/rtems/6/sparc-rtems6/gr740/lib/librtemscpu.a(__usrenv.c.60.o)
 .text.null_op_utimens
                0x00014f30        0x8 /opt/rtems/6/sparc-rtems6/gr740/lib/librtemscpu.a(__usrenv.c.60.o)
 .text.null_op_statvfs
                0x00014f38        0x8 /opt/rtems/6/sparc-rtems6/gr740/lib/librtemscpu.a(__usrenv.c.60.o)
 .text.null_op_rmnod
                0x00014f40        0x8 /opt/rtems/6/sparc-rtems6/gr740/lib/librtemscpu.a(__usrenv.c.60.o)
 .text.null_op_mount
                0x00014f48        0x8 /opt/rtems/6/sparc-rtems6/gr740/lib/librtemscpu.a(__usrenv.c.60.o)
 .text.null_op_unmount
                0x00014f50        0x8 /opt/rtems/6/sparc-rtems6/gr740/lib/librtemscpu.a(__usrenv.c.60.o)
 .text.null_op_fsunmount_me
                0x00014f58        0x8 /opt/rtems/6/sparc-rtems6/gr740/lib/librtemscpu.a(__usrenv.c.60.o)
 .text.rtems_current_user_env_get
                0x00014f60       0x24 /opt/rtems/6/sparc-rtems6/gr740/lib/librtemscpu.a(__usrenv.c.60.o)
                0x00014f60                rtems_current_user_env_get
 .text.rtems_assoc_local_by_remote
                0x00014f84       0x28 /opt/rtems/6/sparc-rtems6/gr740/lib/librtemscpu.a(assoclocalbyremote.c.60.o)
                0x00014f84                rtems_assoc_local_by_remote
 .text.rtems_assoc_ptr_by_remote
                0x00014fac       0x78 /opt/rtems/6/sparc-rtems6/gr740/lib/librtemscpu.a(assocptrbyremote.c.60.o)
                0x00014fac                rtems_assoc_ptr_by_remote
 .text.calloc   0x00015024       0x5c /opt/rtems/6/sparc-rtems6/gr740/lib/librtemscpu.a(calloc.c.60.o)
                0x00015024                calloc
 .text.rtems_filesystem_location_clone
                0x00015080       0x48 /opt/rtems/6/sparc-rtems6/gr740/lib/librtemscpu.a(clonenode.c.60.o)
                0x00015080                rtems_filesystem_location_clone
 .text.rtems_filesystem_location_free
                0x000150c8       0x48 /opt/rtems/6/sparc-rtems6/gr740/lib/librtemscpu.a(freenode.c.60.o)
                0x000150c8                rtems_filesystem_location_free
 .text.getegid  0x00015110       0x18 /opt/rtems/6/sparc-rtems6/gr740/lib/librtemscpu.a(getegid.c.60.o)
                0x00015110                getegid
 .text.geteuid  0x00015128       0x18 /opt/rtems/6/sparc-rtems6/gr740/lib/librtemscpu.a(geteuid.c.60.o)
                0x00015128                geteuid
 .text.rtems_libio_exit
                0x00015140       0x20 /opt/rtems/6/sparc-rtems6/gr740/lib/librtemscpu.a(libio_exit.c.60.o)
                0x00015140                rtems_libio_exit
 .text.rtems_libio_init
                0x00015160       0x74 /opt/rtems/6/sparc-rtems6/gr740/lib/librtemscpu.a(libio_init.c.60.o)
 .text.rtems_libio_lock
                0x000151d4       0x14 /opt/rtems/6/sparc-rtems6/gr740/lib/librtemscpu.a(libio_init.c.60.o)
                0x000151d4                rtems_libio_lock
 .text.rtems_libio_unlock
                0x000151e8       0x14 /opt/rtems/6/sparc-rtems6/gr740/lib/librtemscpu.a(libio_init.c.60.o)
                0x000151e8                rtems_libio_unlock
 .text.malloc   0x000151fc       0x40 /opt/rtems/6/sparc-rtems6/gr740/lib/librtemscpu.a(malloc.c.60.o)
                0x000151fc                malloc
 .text.rtems_filesystem_get_mount_handler
                0x0001523c       0xb8 /opt/rtems/6/sparc-rtems6/gr740/lib/librtemscpu.a(mount-mgr.c.60.o)
                0x0001523c                rtems_filesystem_get_mount_handler
 .text.open     0x000152f4      0x308 /opt/rtems/6/sparc-rtems6/gr740/lib/librtemscpu.a(open.c.60.o)
                0x000152f4                open
 .text.rtems_put_char
                0x000155fc       0x14 /opt/rtems/6/sparc-rtems6/gr740/lib/librtemscpu.a(rtems_put_char.c.60.o)
                0x000155fc                rtems_put_char
 .text.rtems_putc
                0x00015610       0x2c /opt/rtems/6/sparc-rtems6/gr740/lib/librtemscpu.a(rtems_putc.c.60.o)
                0x00015610                rtems_putc
 .text.rtems_filesystem_check_access
                0x0001563c       0xa4 /opt/rtems/6/sparc-rtems6/gr740/lib/librtemscpu.a(sup_fs_check_permissions.c.60.o)
                0x0001563c                rtems_filesystem_check_access
 .text.rtems_filesystem_eval_path_check_access
                0x000156e0       0x38 /opt/rtems/6/sparc-rtems6/gr740/lib/librtemscpu.a(sup_fs_check_permissions.c.60.o)
                0x000156e0                rtems_filesystem_eval_path_check_access
 .text.rtems_filesystem_eval_path_generic
                0x00015718      0x1f8 /opt/rtems/6/sparc-rtems6/gr740/lib/librtemscpu.a(sup_fs_eval_path_generic.c.60.o)
                0x00015718                rtems_filesystem_eval_path_generic
 .text.rtems_filesystem_eval_path_eat_delimiter
                0x00015910       0x64 /opt/rtems/6/sparc-rtems6/gr740/lib/librtemscpu.a(sup_fs_next_token.c.60.o)
                0x00015910                rtems_filesystem_eval_path_eat_delimiter
 .text.rtems_filesystem_eval_path_next_token
                0x00015974       0xc0 /opt/rtems/6/sparc-rtems6/gr740/lib/librtemscpu.a(sup_fs_next_token.c.60.o)
                0x00015974                rtems_filesystem_eval_path_next_token
 .text.rtems_filesystem_default_close
                0x00015a34        0x8 /opt/rtems/6/sparc-rtems6/gr740/lib/librtemscpu.a(default_close.c.60.o)
                0x00015a34                rtems_filesystem_default_close
 .text.rtems_filesystem_default_eval_path
                0x00015a3c       0x14 /opt/rtems/6/sparc-rtems6/gr740/lib/librtemscpu.a(default_eval_path.c.60.o)
                0x00015a3c                rtems_filesystem_default_eval_path
 .text.rtems_filesystem_default_freenode
                0x00015a50        0x8 /opt/rtems/6/sparc-rtems6/gr740/lib/librtemscpu.a(default_freenode.c.60.o)
                0x00015a50                rtems_filesystem_default_freenode
 .text.rtems_filesystem_default_fsync_or_fdatasync_success
                0x00015a58        0x8 /opt/rtems/6/sparc-rtems6/gr740/lib/librtemscpu.a(default_fsync_success.c.60.o)
                0x00015a58                rtems_filesystem_default_fsync_or_fdatasync_success
 .text.rtems_filesystem_default_ftruncate_directory
                0x00015a60       0x18 /opt/rtems/6/sparc-rtems6/gr740/lib/librtemscpu.a(default_ftruncate_directory.c.60.o)
                0x00015a60                rtems_filesystem_default_ftruncate_directory
 .text.rtems_filesystem_default_ioctl
                0x00015a78       0x18 /opt/rtems/6/sparc-rtems6/gr740/lib/librtemscpu.a(default_ioctl.c.60.o)
                0x00015a78                rtems_filesystem_default_ioctl
 .text.rtems_filesystem_default_lseek_directory
                0x00015a90       0x44 /opt/rtems/6/sparc-rtems6/gr740/lib/librtemscpu.a(default_lseek_directory.c.60.o)
                0x00015a90                rtems_filesystem_default_lseek_directory
 .text.rtems_filesystem_default_lseek_file
                0x00015ad4      0x11c /opt/rtems/6/sparc-rtems6/gr740/lib/librtemscpu.a(default_lseek_file.c.60.o)
                0x00015ad4                rtems_filesystem_default_lseek_file
 .text.rtems_filesystem_default_open
                0x00015bf0        0x8 /opt/rtems/6/sparc-rtems6/gr740/lib/librtemscpu.a(default_open.c.60.o)
                0x00015bf0                rtems_filesystem_default_open
 .text.rtems_filesystem_default_read
                0x00015bf8       0x18 /opt/rtems/6/sparc-rtems6/gr740/lib/librtemscpu.a(default_read.c.60.o)
                0x00015bf8                rtems_filesystem_default_read
 .text.rtems_filesystem_default_write
                0x00015c10       0x18 /opt/rtems/6/sparc-rtems6/gr740/lib/librtemscpu.a(default_write.c.60.o)
                0x00015c10                rtems_filesystem_default_write
 .text.device_open
                0x00015c28       0x14 /opt/rtems/6/sparc-rtems6/gr740/lib/librtemscpu.a(deviceio.c.60.o)
                0x00015c28                device_open
 .text.device_close
                0x00015c3c       0x18 /opt/rtems/6/sparc-rtems6/gr740/lib/librtemscpu.a(deviceio.c.60.o)
                0x00015c3c                device_close
 .text.device_read
                0x00015c54       0x18 /opt/rtems/6/sparc-rtems6/gr740/lib/librtemscpu.a(deviceio.c.60.o)
                0x00015c54                device_read
 .text.device_write
                0x00015c6c       0x18 /opt/rtems/6/sparc-rtems6/gr740/lib/librtemscpu.a(deviceio.c.60.o)
                0x00015c6c                device_write
 .text.device_ioctl
                0x00015c84       0x18 /opt/rtems/6/sparc-rtems6/gr740/lib/librtemscpu.a(deviceio.c.60.o)
                0x00015c84                device_ioctl
 .text.device_ftruncate
                0x00015c9c        0x8 /opt/rtems/6/sparc-rtems6/gr740/lib/librtemscpu.a(deviceio.c.60.o)
                0x00015c9c                device_ftruncate
 .text.IMFS_create_node
                0x00015ca4       0xf8 /opt/rtems/6/sparc-rtems6/gr740/lib/librtemscpu.a(imfs_creat.c.60.o)
                0x00015ca4                IMFS_create_node
 .text.IMFS_node_initialize_directory
                0x00015d9c       0x18 /opt/rtems/6/sparc-rtems6/gr740/lib/librtemscpu.a(imfs_dir.c.60.o)
                0x00015d9c                IMFS_node_initialize_directory
 .text.IMFS_node_remove_directory
                0x00015db4       0x50 /opt/rtems/6/sparc-rtems6/gr740/lib/librtemscpu.a(imfs_dir.c.60.o)
                0x00015db4                IMFS_node_remove_directory
 .text._RTEMS_tasks_Start_extension
                0x00015e04       0x10 /opt/rtems/6/sparc-rtems6/gr740/lib/librtemscpu.a(taskconstruct.c.60.o)
 .text._RTEMS_tasks_Manager_initialization
                0x00015e14       0x20 /opt/rtems/6/sparc-rtems6/gr740/lib/librtemscpu.a(taskconstruct.c.60.o)
 .text._RTEMS_tasks_Create
                0x00015e34      0x24c /opt/rtems/6/sparc-rtems6/gr740/lib/librtemscpu.a(taskconstruct.c.60.o)
                0x00015e34                _RTEMS_tasks_Create
 .text._Freechain_Extend
                0x00016080       0x38 /opt/rtems/6/sparc-rtems6/gr740/lib/librtemscpu.a(freechain.c.60.o)
                0x00016080                _Freechain_Extend
 .text._Heap_Protection_block_initialize_default
                0x000160b8       0x44 /opt/rtems/6/sparc-rtems6/gr740/lib/librtemscpu.a(heap.c.60.o)
 .text._Heap_Protection_block_check_default
                0x000160fc       0x84 /opt/rtems/6/sparc-rtems6/gr740/lib/librtemscpu.a(heap.c.60.o)
 .text._Heap_Block_split
                0x00016180      0x16c /opt/rtems/6/sparc-rtems6/gr740/lib/librtemscpu.a(heap.c.60.o)
 .text._Heap_Protection_block_error_default
                0x000162ec       0x20 /opt/rtems/6/sparc-rtems6/gr740/lib/librtemscpu.a(heap.c.60.o)
 .text._Heap_Initialize
                0x0001630c      0x2b8 /opt/rtems/6/sparc-rtems6/gr740/lib/librtemscpu.a(heap.c.60.o)
                0x0001630c                _Heap_Initialize
 .text._Heap_Block_allocate
                0x000165c4      0x1bc /opt/rtems/6/sparc-rtems6/gr740/lib/librtemscpu.a(heap.c.60.o)
                0x000165c4                _Heap_Block_allocate
 .text._Objects_Close
                0x00016780      0x104 /opt/rtems/6/sparc-rtems6/gr740/lib/librtemscpu.a(objectclose.c.60.o)
                0x00016780                _Objects_Close
 .text._Objects_Free_nothing
                0x00016884        0x8 /opt/rtems/6/sparc-rtems6/gr740/lib/librtemscpu.a(objectfreenothing.c.60.o)
                0x00016884                _Objects_Free_nothing
 .text._Objects_Get
                0x0001688c       0x64 /opt/rtems/6/sparc-rtems6/gr740/lib/librtemscpu.a(objectgetlocal.c.60.o)
                0x0001688c                _Objects_Get
 .text._Objects_Name_to_string