Archive member included to satisfy reference by file (symbol)

/opt/rtems/6/sparc-rtems6/gr740/lib/librtemsbsp.a(bootcard.c.2.o)
                              /opt/rtems/6/sparc-rtems6/gr740/lib/start.o (boot_card)
/opt/rtems/6/sparc-rtems6/gr740/lib/librtemsbsp.a(bspfatal-default.c.2.o)
                              b-gr740/init.o (bsp_fatal_extension)
/opt/rtems/6/sparc-rtems6/gr740/lib/librtemsbsp.a(bspgetworkarea.c.12.o)
                              /opt/rtems/6/sparc-rtems6/gr740/lib/start.o (_SPARC_Memory_initialize)
/opt/rtems/6/sparc-rtems6/gr740/lib/librtemsbsp.a(console-termios.c.15.o)
                              b-gr740/init.o (console_open)
/opt/rtems/6/sparc-rtems6/gr740/lib/librtemsbsp.a(ckinit.c.15.o)
                              b-gr740/init.o (_Clock_Initialize)
/opt/rtems/6/sparc-rtems6/gr740/lib/librtemsbsp.a(console.c.15.o)
                              b-gr740/init.o (console_initialize)
/opt/rtems/6/sparc-rtems6/gr740/lib/librtemsbsp.a(amba.c.15.o)
                              /opt/rtems/6/sparc-rtems6/gr740/lib/librtemsbsp.a(console.c.15.o) (ambapp_plb)
/opt/rtems/6/sparc-rtems6/gr740/lib/librtemsbsp.a(bspidle.S.15.o)
                              b-gr740/init.o (bsp_idle_thread)
/opt/rtems/6/sparc-rtems6/gr740/lib/librtemsbsp.a(bspstart.c.15.o)
                              /opt/rtems/6/sparc-rtems6/gr740/lib/librtemsbsp.a(bootcard.c.2.o) (bsp_start)
/opt/rtems/6/sparc-rtems6/gr740/lib/librtemsbsp.a(cpucounter.c.15.o)
                              /opt/rtems/6/sparc-rtems6/gr740/lib/librtemsbsp.a(ckinit.c.15.o) (leon3_timecounter_instance)
/opt/rtems/6/sparc-rtems6/gr740/lib/librtemsbsp.a(eirq.c.15.o)
                              /opt/rtems/6/sparc-rtems6/gr740/lib/librtemsbsp.a(ckinit.c.15.o) (bsp_interrupt_set_affinity)
/opt/rtems/6/sparc-rtems6/gr740/lib/librtemsbsp.a(bspsmp.c.19.o)
                              /opt/rtems/6/sparc-rtems6/gr740/lib/start.o (bsp_start_on_secondary_processor)
/opt/rtems/6/sparc-rtems6/gr740/lib/librtemsbsp.a(ambapp.c.9.o)
                              /opt/rtems/6/sparc-rtems6/gr740/lib/librtemsbsp.a(amba.c.15.o) (ambapp_scan)
/opt/rtems/6/sparc-rtems6/gr740/lib/librtemsbsp.a(ambapp_freq.c.9.o)
                              /opt/rtems/6/sparc-rtems6/gr740/lib/librtemsbsp.a(console.c.15.o) (ambapp_freq_get)
/opt/rtems/6/sparc-rtems6/gr740/lib/librtemsbsp.a(apbuart_termios.c.9.o)
                              /opt/rtems/6/sparc-rtems6/gr740/lib/librtemsbsp.a(console.c.15.o) (apbuart_handler_polled)
/opt/rtems/6/sparc-rtems6/gr740/lib/librtemsbsp.a(irq-generic.c.11.o)
                              /opt/rtems/6/sparc-rtems6/gr740/lib/librtemsbsp.a(bspstart.c.15.o) (bsp_interrupt_initialize)
/opt/rtems/6/sparc-rtems6/gr740/lib/librtemsbsp.a(irq-handler-install.c.11.o)
                              /opt/rtems/6/sparc-rtems6/gr740/lib/librtemsbsp.a(apbuart_termios.c.9.o) (rtems_interrupt_handler_install)
/opt/rtems/6/sparc-rtems6/gr740/lib/librtemsbsp.a(irq-handler-remove.c.11.o)
                              /opt/rtems/6/sparc-rtems6/gr740/lib/librtemsbsp.a(apbuart_termios.c.9.o) (rtems_interrupt_handler_remove)
/opt/rtems/6/sparc-rtems6/gr740/lib/librtemsbsp.a(irq-lock.c.11.o)
                              /opt/rtems/6/sparc-rtems6/gr740/lib/librtemsbsp.a(irq-generic.c.11.o) (bsp_interrupt_lock)
/opt/rtems/6/sparc-rtems6/gr740/lib/librtemsbsp.a(irq-default-handler.c.15.o)
                              /opt/rtems/6/sparc-rtems6/gr740/lib/librtemsbsp.a(irq-generic.c.11.o) (bsp_interrupt_handler_default)
/opt/rtems/6/sparc-rtems6/gr740/lib/librtemsbsp.a(apbuart_polled.c.9.o)
                              /opt/rtems/6/sparc-rtems6/gr740/lib/librtemsbsp.a(apbuart_termios.c.9.o) (apbuart_outbyte_polled)
/opt/rtems/6/sparc-rtems6/gr740/lib/librtemsbsp.a(irq-entry-remove.c.11.o)
                              /opt/rtems/6/sparc-rtems6/gr740/lib/librtemsbsp.a(irq-handler-remove.c.11.o) (bsp_interrupt_entry_remove)
/opt/rtems/6/sparc-rtems6/gr740/lib/librtemstest.a(testbeginend.c.84.o)
                              b-gr740/hello.o (rtems_test_begin)
/opt/rtems/6/sparc-rtems6/gr740/lib/librtemstest.a(testprinter.c.84.o)
                              /opt/rtems/6/sparc-rtems6/gr740/lib/librtemstest.a(testbeginend.c.84.o) (rtems_test_printer)
/opt/rtems/6/sparc-rtems6/gr740/lib/librtemscpu.a(iorelax.c.60.o)
                              /opt/rtems/6/sparc-rtems6/gr740/lib/librtemsbsp.a(apbuart_polled.c.9.o) (_IO_Relax)
/opt/rtems/6/sparc-rtems6/gr740/lib/librtemscpu.a(__assert.c.60.o)
                              /opt/rtems/6/sparc-rtems6/gr740/lib/librtemsbsp.a(eirq.c.15.o) (__assert_func)
/opt/rtems/6/sparc-rtems6/gr740/lib/librtemscpu.a(base_fs.c.60.o)
                              b-gr740/init.o (rtems_filesystem_initialize)
/opt/rtems/6/sparc-rtems6/gr740/lib/librtemscpu.a(free.c.60.o)
                              /opt/rtems/6/sparc-rtems6/gr740/lib/librtemsbsp.a(irq-handler-install.c.11.o) (free)
[...]
Memory Configuration

Name             Origin             Length             Attributes
rom              0xc0000000         0x10000000
ram              0x00000000         0x80000000
sram             0xd0000000         0x10000000
*default*        0x00000000         0xffffffff

Linker script and memory map

LOAD /opt/rtems/6/sparc-rtems6/gr740/lib/start.o
LOAD /opt/rtems/6/lib/gcc/sparc-rtems6/13.3.0/leon3/crti.o
LOAD /opt/rtems/6/lib/gcc/sparc-rtems6/13.3.0/leon3/crtbegin.o
LOAD b-gr740/init.o
LOAD b-gr740/hello.o
LOAD /opt/rtems/6/sparc-rtems6/gr740/lib/librtemsbsp.a
LOAD /opt/rtems/6/sparc-rtems6/gr740/lib/librtemstest.a
LOAD /opt/rtems/6/sparc-rtems6/gr740/lib/librtemscpu.a
LOAD /opt/rtems/6/lib/gcc/sparc-rtems6/13.3.0/../../../../sparc-rtems6/lib/leon3/libm.a
LOAD /opt/rtems/6/lib/gcc/sparc-rtems6/13.3.0/leon3/libgcc.a
START GROUP
LOAD /opt/rtems/6/sparc-rtems6/gr740/lib/librtemsbsp.a
LOAD /opt/rtems/6/sparc-rtems6/gr740/lib/librtemscpu.a
LOAD /opt/rtems/6/lib/gcc/sparc-rtems6/13.3.0/leon3/libatomic.a
LOAD /opt/rtems/6/lib/gcc/sparc-rtems6/13.3.0/../../../../sparc-rtems6/lib/leon3/libc.a
LOAD /opt/rtems/6/lib/gcc/sparc-rtems6/13.3.0/leon3/libgcc.a
END GROUP
LOAD /opt/rtems/6/lib/gcc/sparc-rtems6/13.3.0/leon3/libgcc.a
LOAD /opt/rtems/6/lib/gcc/sparc-rtems6/13.3.0/leon3/crtend.o
LOAD /opt/rtems/6/lib/gcc/sparc-rtems6/13.3.0/leon3/crtn.o
                0x00000000                        _PROM_SIZE = DEFINED (_PROM_SIZE)?_PROM_SIZE:0x0
                0x04000000                        _RAM_SIZE = DEFINED (_RAM_SIZE)?_RAM_SIZE:0x4000000
                0xc0000000                        _PROM_START = ORIGIN (rom)
                0x00000000                        _RAM_START = ORIGIN (ram)
                0x00000000                        __DYNAMIC = 0x0
                0x04000000                        _RAM_END = (_RAM_START + _RAM_SIZE)
                0xc0000000                        _PROM_END = (_PROM_START + _PROM_SIZE)
                0xc0000000                        PROM_START = _PROM_START
                0x00000000                        PROM_SIZE = _PROM_SIZE
                0xc0000000                        PROM_END = _PROM_END
                0x00000000                        RAM_START = _RAM_START
                0x04000000                        RAM_SIZE = _RAM_SIZE
                0x04000000                        RAM_END = _RAM_END

.text           0x00000000    0x1f300
 CREATE_OBJECT_SYMBOLS
                0x00000000                        text_start = .
                0x00000000                        _text_start = .
 *(.text*)
 .text          0x00000000     0x10d8 /opt/rtems/6/sparc-rtems6/gr740/lib/start.o
                0x00000000                trap_table
                0x00000000                start
                0x000007c0                _ERC32_MEC_Timer_Control_Mirror
                0x000007e0                CLOCK_SPEED
                0x00001000                hard_reset
 .text          0x000010d8      0x180 /opt/rtems/6/lib/gcc/sparc-rtems6/13.3.0/leon3/crtbegin.o
 .text.Init     0x00001258       0x58 b-gr740/hello.o
                0x00001258                Init
 .text.boot_card
                0x000012b0       0x18 /opt/rtems/6/sparc-rtems6/gr740/lib/librtemsbsp.a(bootcard.c.2.o)
                0x000012b0                boot_card
 .text.bsp_fatal_extension
                0x000012c8      0x2c0 /opt/rtems/6/sparc-rtems6/gr740/lib/librtemsbsp.a(bspfatal-default.c.2.o)
                0x000012c8                bsp_fatal_extension
 .text._SPARC_Memory_initialize
                0x00001588       0x20 /opt/rtems/6/sparc-rtems6/gr740/lib/librtemsbsp.a(bspgetworkarea.c.12.o)
                0x00001588                _SPARC_Memory_initialize
 .text._Memory_Get
                0x000015a8        0xc /opt/rtems/6/sparc-rtems6/gr740/lib/librtemsbsp.a(bspgetworkarea.c.12.o)
                0x000015a8                _Memory_Get
 .text.console_open
                0x000015b4        0x8 /opt/rtems/6/sparc-rtems6/gr740/lib/librtemsbsp.a(console-termios.c.15.o)
                0x000015b4                console_open
 .text.console_close
                0x000015bc        0x8 /opt/rtems/6/sparc-rtems6/gr740/lib/librtemsbsp.a(console-termios.c.15.o)
                0x000015bc                console_close
 .text.console_read
                0x000015c4        0x8 /opt/rtems/6/sparc-rtems6/gr740/lib/librtemsbsp.a(console-termios.c.15.o)
                0x000015c4                console_read
 .text.console_write
                0x000015cc        0x8 /opt/rtems/6/sparc-rtems6/gr740/lib/librtemsbsp.a(console-termios.c.15.o)
                0x000015cc                console_write
 .text.console_control
                0x000015d4        0x8 /opt/rtems/6/sparc-rtems6/gr740/lib/librtemsbsp.a(console-termios.c.15.o)
                0x000015d4                console_control
 .text.Clock_isr
                0x000015dc       0x1c /opt/rtems/6/sparc-rtems6/gr740/lib/librtemsbsp.a(ckinit.c.15.o)
                0x000015dc                Clock_isr
 .text._Clock_Initialize
                0x000015f8       0xac /opt/rtems/6/sparc-rtems6/gr740/lib/librtemsbsp.a(ckinit.c.15.o)
                0x000015f8                _Clock_Initialize
 .text.find_matching_apbuart
                0x000016a4       0x7c /opt/rtems/6/sparc-rtems6/gr740/lib/librtemsbsp.a(console.c.15.o)
 .text.console_initialize
                0x00001720      0x1ac /opt/rtems/6/sparc-rtems6/gr740/lib/librtemsbsp.a(console.c.15.o)
                0x00001720                console_initialize
 .text.ambapp_plb_alloc
                0x000018cc       0x18 /opt/rtems/6/sparc-rtems6/gr740/lib/librtemsbsp.a(amba.c.15.o)
 .text.amba_initialize
                0x000018e4       0x48 /opt/rtems/6/sparc-rtems6/gr740/lib/librtemsbsp.a(amba.c.15.o)
 .text.ambapp_plb
                0x0000192c       0x4c /opt/rtems/6/sparc-rtems6/gr740/lib/librtemsbsp.a(amba.c.15.o)
                0x0000192c                ambapp_plb
 *fill*         0x00001978        0x8 
 .text          0x00001980       0x60 /opt/rtems/6/sparc-rtems6/gr740/lib/librtemsbsp.a(bspidle.S.15.o)
                0x00001980                bsp_idle_thread
                0x00001980                leon3_power_down_loop
 .text.leon3_cpu_index_init
                0x000019e0       0x14 /opt/rtems/6/sparc-rtems6/gr740/lib/librtemsbsp.a(bspstart.c.15.o)
 .text.bsp_start
                0x000019f4       0x24 /opt/rtems/6/sparc-rtems6/gr740/lib/librtemsbsp.a(bspstart.c.15.o)
                0x000019f4                bsp_start
 .text.leon3_timecounter_get_asr_22_23_up_counter
                0x00001a18        0xc /opt/rtems/6/sparc-rtems6/gr740/lib/librtemsbsp.a(cpucounter.c.15.o)
 .text.leon3_counter_initialize
                0x00001a24       0x34 /opt/rtems/6/sparc-rtems6/gr740/lib/librtemsbsp.a(cpucounter.c.15.o)
 .text.leon3_interrupt_vector_enable
                0x00001a58       0xd8 /opt/rtems/6/sparc-rtems6/gr740/lib/librtemsbsp.a(eirq.c.15.o)
 .text.bsp_interrupt_is_valid_vector
                0x00001b30       0x10 /opt/rtems/6/sparc-rtems6/gr740/lib/librtemsbsp.a(eirq.c.15.o)
                0x00001b30                bsp_interrupt_is_valid_vector
 .text.bsp_interrupt_facility_initialize
                0x00001b40       0x5c /opt/rtems/6/sparc-rtems6/gr740/lib/librtemsbsp.a(eirq.c.15.o)
                0x00001b40                bsp_interrupt_facility_initialize
 .text.bsp_interrupt_vector_enable
                0x00001b9c       0x64 /opt/rtems/6/sparc-rtems6/gr740/lib/librtemsbsp.a(eirq.c.15.o)
                0x00001b9c                bsp_interrupt_vector_enable
 .text.bsp_interrupt_set_affinity
                0x00001c00       0xa0 /opt/rtems/6/sparc-rtems6/gr740/lib/librtemsbsp.a(eirq.c.15.o)
                0x00001c00                bsp_interrupt_set_affinity
 .text.bsp_inter_processor_interrupt
                0x00001ca0       0x74 /opt/rtems/6/sparc-rtems6/gr740/lib/librtemsbsp.a(bspsmp.c.19.o)
 .text.bsp_start_on_secondary_processor
                0x00001d14       0x30 /opt/rtems/6/sparc-rtems6/gr740/lib/librtemsbsp.a(bspsmp.c.19.o)
                0x00001d14                bsp_start_on_secondary_processor
 .text._CPU_SMP_Initialize
                0x00001d44       0x3c /opt/rtems/6/sparc-rtems6/gr740/lib/librtemsbsp.a(bspsmp.c.19.o)
                0x00001d44                _CPU_SMP_Initialize
 .text._CPU_SMP_Start_processor
                0x00001d80       0x38 /opt/rtems/6/sparc-rtems6/gr740/lib/librtemsbsp.a(bspsmp.c.19.o)
                0x00001d80                _CPU_SMP_Start_processor
 .text._CPU_SMP_Finalize_initialization
                0x00001db8       0x64 /opt/rtems/6/sparc-rtems6/gr740/lib/librtemsbsp.a(bspsmp.c.19.o)
                0x00001db8                _CPU_SMP_Finalize_initialization
 .text._CPU_SMP_Prepare_start_multitasking
                0x00001e1c        0x8 /opt/rtems/6/sparc-rtems6/gr740/lib/librtemsbsp.a(bspsmp.c.19.o)
                0x00001e1c                _CPU_SMP_Prepare_start_multitasking
 .text._CPU_SMP_Send_interrupt
                0x00001e24       0x28 /opt/rtems/6/sparc-rtems6/gr740/lib/librtemsbsp.a(bspsmp.c.19.o)
                0x00001e24                _CPU_SMP_Send_interrupt
 .text.ambapp_dev_match_options
                0x00001e4c       0xe0 /opt/rtems/6/sparc-rtems6/gr740/lib/librtemsbsp.a(ambapp.c.9.o)
 .text.ambapp_for_each_apb.isra.0
                0x00001f2c       0x78 /opt/rtems/6/sparc-rtems6/gr740/lib/librtemsbsp.a(ambapp.c.9.o)
 .text.ambapp_for_each_dev
                0x00001fa4      0x224 /opt/rtems/6/sparc-rtems6/gr740/lib/librtemsbsp.a(ambapp.c.9.o)
 .text.ambapp_ahb_dev_init
                0x000021c8      0x158 /opt/rtems/6/sparc-rtems6/gr740/lib/librtemsbsp.a(ambapp.c.9.o)
 .text.ambapp_scan2
                0x00002320      0x430 /opt/rtems/6/sparc-rtems6/gr740/lib/librtemsbsp.a(ambapp.c.9.o)
 .text.ambapp_scan
                0x00002750       0x44 /opt/rtems/6/sparc-rtems6/gr740/lib/librtemsbsp.a(ambapp.c.9.o)
                0x00002750                ambapp_scan
 .text.ambapp_for_each
                0x00002794       0x10 /opt/rtems/6/sparc-rtems6/gr740/lib/librtemsbsp.a(ambapp.c.9.o)
                0x00002794                ambapp_for_each
 .text.ambapp_freq_get
                0x000027a4       0x14 /opt/rtems/6/sparc-rtems6/gr740/lib/librtemsbsp.a(ambapp_freq.c.9.o)
                0x000027a4                ambapp_freq_get
 .text.apbuart_write_polled
                0x000027b8       0x34 /opt/rtems/6/sparc-rtems6/gr740/lib/librtemsbsp.a(apbuart_termios.c.9.o)
 .text.apbuart_poll_read
                0x000027ec       0x10 /opt/rtems/6/sparc-rtems6/gr740/lib/librtemsbsp.a(apbuart_termios.c.9.o)
 .text.apbuart_set_attributes
                0x000027fc      0x130 /opt/rtems/6/sparc-rtems6/gr740/lib/librtemsbsp.a(apbuart_termios.c.9.o)
 .text.apbuart_first_open_polled
                0x0000292c       0x68 /opt/rtems/6/sparc-rtems6/gr740/lib/librtemsbsp.a(apbuart_termios.c.9.o)
 .text.bsp_interrupt_get_dispatch_table_slot
                0x00002994       0x14 /opt/rtems/6/sparc-rtems6/gr740/lib/librtemsbsp.a(irq-generic.c.11.o)
                0x00002994                bsp_interrupt_get_dispatch_table_slot
 .text.bsp_interrupt_spurious
                0x000029a8       0x58 /opt/rtems/6/sparc-rtems6/gr740/lib/librtemsbsp.a(irq-generic.c.11.o)
                0x000029a8                bsp_interrupt_spurious
 .text.bsp_interrupt_entry_find
                0x00002a00       0xa0 /opt/rtems/6/sparc-rtems6/gr740/lib/librtemsbsp.a(irq-generic.c.11.o)
                0x00002a00                bsp_interrupt_entry_find
 .text.bsp_interrupt_initialize
                0x00002aa0       0x28 /opt/rtems/6/sparc-rtems6/gr740/lib/librtemsbsp.a(irq-generic.c.11.o)
                0x00002aa0                bsp_interrupt_initialize
 .text.rtems_interrupt_entry_install
                0x00002ac8      0x164 /opt/rtems/6/sparc-rtems6/gr740/lib/librtemsbsp.a(irq-generic.c.11.o)
                0x00002ac8                rtems_interrupt_entry_install
 .text.bsp_interrupt_lock
                0x00002c2c       0x28 /opt/rtems/6/sparc-rtems6/gr740/lib/librtemsbsp.a(irq-lock.c.11.o)
                0x00002c2c                bsp_interrupt_lock
 .text.bsp_interrupt_unlock
                0x00002c54       0x28 /opt/rtems/6/sparc-rtems6/gr740/lib/librtemsbsp.a(irq-lock.c.11.o)
                0x00002c54                bsp_interrupt_unlock
 .text.bsp_interrupt_handler_default
                0x00002c7c       0x14 /opt/rtems/6/sparc-rtems6/gr740/lib/librtemsbsp.a(irq-default-handler.c.15.o)
                0x00002c7c                bsp_interrupt_handler_default
 .text.apbuart_outbyte_wait
                0x00002c90       0x34 /opt/rtems/6/sparc-rtems6/gr740/lib/librtemsbsp.a(apbuart_polled.c.9.o)
                0x00002c90                apbuart_outbyte_wait
 .text.apbuart_outbyte_polled
                0x00002cc4       0x3c /opt/rtems/6/sparc-rtems6/gr740/lib/librtemsbsp.a(apbuart_polled.c.9.o)
                0x00002cc4                apbuart_outbyte_polled
 .text.apbuart_inbyte_nonblocking
                0x00002d00       0x2c /opt/rtems/6/sparc-rtems6/gr740/lib/librtemsbsp.a(apbuart_polled.c.9.o)
                0x00002d00                apbuart_inbyte_nonblocking
 .text.rtems_test_begin
                0x00002d2c       0x34 /opt/rtems/6/sparc-rtems6/gr740/lib/librtemstest.a(testbeginend.c.84.o)
                0x00002d2c                rtems_test_begin
 .text.rtems_test_end
                0x00002d60       0x20 /opt/rtems/6/sparc-rtems6/gr740/lib/librtemstest.a(testbeginend.c.84.o)
                0x00002d60                rtems_test_end
 .text._IO_Relax
                0x00002d80       0x28 /opt/rtems/6/sparc-rtems6/gr740/lib/librtemscpu.a(iorelax.c.60.o)
                0x00002d80                _IO_Relax
 .text.__assert_func
                0x00002da8       0x58 /opt/rtems/6/sparc-rtems6/gr740/lib/librtemscpu.a(__assert.c.60.o)
                0x00002da8                __assert_func
 .text.rtems_filesystem_initialize
                0x00002e00       0x68 /opt/rtems/6/sparc-rtems6/gr740/lib/librtemscpu.a(base_fs.c.60.o)
                0x00002e00                rtems_filesystem_initialize
 .text.free     0x00002e68       0x98 /opt/rtems/6/sparc-rtems6/gr740/lib/librtemscpu.a(free.c.60.o)
                0x00002e68                free
 .text._Malloc_Process_deferred_frees
                0x00002f00       0x6c /opt/rtems/6/sparc-rtems6/gr740/lib/librtemscpu.a(free.c.60.o)
                0x00002f00                _Malloc_Process_deferred_frees
 .text._Malloc_System_state
                0x00002f6c       0x94 /opt/rtems/6/sparc-rtems6/gr740/lib/librtemscpu.a(malloc_deferred.c.60.o)
                0x00002f6c                _Malloc_System_state
 .text.rtems_heap_allocate_aligned_with_boundary
                0x00003000       0xd4 /opt/rtems/6/sparc-rtems6/gr740/lib/librtemscpu.a(malloc_deferred.c.60.o)
                0x00003000                rtems_heap_allocate_aligned_with_boundary
 .text.rtems_malloc
                0x000030d4       0x24 /opt/rtems/6/sparc-rtems6/gr740/lib/librtemscpu.a(malloc_deferred.c.60.o)
                0x000030d4                rtems_malloc
 .text._Malloc_Initialize
                0x000030f8       0x24 /opt/rtems/6/sparc-rtems6/gr740/lib/librtemscpu.a(mallocheap.c.60.o)
                0x000030f8                _Malloc_Initialize
 .text.mkdir    0x0000311c       0x1c /opt/rtems/6/sparc-rtems6/gr740/lib/librtemscpu.a(mkdir.c.60.o)
                0x0000311c                mkdir
 .text.rtems_filesystem_mknod
                0x00003138       0xa0 /opt/rtems/6/sparc-rtems6/gr740/lib/librtemscpu.a(mknod.c.60.o)
                0x00003138                rtems_filesystem_mknod
 .text.mknod    0x000031d8       0x58 /opt/rtems/6/sparc-rtems6/gr740/lib/librtemscpu.a(mknod.c.60.o)
                0x000031d8                mknod
 .text.mount    0x00003230      0x364 /opt/rtems/6/sparc-rtems6/gr740/lib/librtemscpu.a(mount.c.60.o)
                0x00003230                mount
 .text.newlib_terminate_hook
                0x00003594       0x10 /opt/rtems/6/sparc-rtems6/gr740/lib/librtemscpu.a(newlibc_reent.c.60.o)
                0x00003594                newlib_terminate_hook
 .text.rtems_libio_post_driver
                0x000035a4       0x78 /opt/rtems/6/sparc-rtems6/gr740/lib/librtemscpu.a(open_dev_console.c.60.o)
                0x000035a4                rtems_libio_post_driver
 .text.rtems_printf
                0x0000361c       0x48 /opt/rtems/6/sparc-rtems6/gr740/lib/librtemscpu.a(print_printf.c.60.o)
                0x0000361c                rtems_printf
 .text.printk   0x00003664       0x30 /opt/rtems/6/sparc-rtems6/gr740/lib/librtemscpu.a(printk.c.60.o)
                0x00003664                printk
 .text.rtems_printk_printer
                0x00003694       0x14 /opt/rtems/6/sparc-rtems6/gr740/lib/librtemscpu.a(printk_plugin.c.60.o)
                0x00003694                rtems_printk_printer
 .text.rtems_heap_null_extend
                0x000036a8        0x8 /opt/rtems/6/sparc-rtems6/gr740/lib/librtemscpu.a(rtems_heap_null_extend.c.60.o)
                0x000036a8                rtems_heap_null_extend
 .text.free_location
                0x000036b0       0x80 /opt/rtems/6/sparc-rtems6/gr740/lib/librtemscpu.a(sup_fs_eval_path.c.60.o)
 .text.check_access
                0x00003730      0x120 /opt/rtems/6/sparc-rtems6/gr740/lib/librtemscpu.a(sup_fs_eval_path.c.60.o)
 .text.rtems_filesystem_eval_path_continue
                0x00003850       0xe4 /opt/rtems/6/sparc-rtems6/gr740/lib/librtemscpu.a(sup_fs_eval_path.c.60.o)
                0x00003850                rtems_filesystem_eval_path_continue
 .text.rtems_filesystem_eval_path_start_with_root_and_current
                0x00003934      0x154 /opt/rtems/6/sparc-rtems6/gr740/lib/librtemscpu.a(sup_fs_eval_path.c.60.o)
                0x00003934                rtems_filesystem_eval_path_start_with_root_and_current
 .text.rtems_filesystem_eval_path_start
                0x00003a88       0x2c /opt/rtems/6/sparc-rtems6/gr740/lib/librtemscpu.a(sup_fs_eval_path.c.60.o)
                0x00003a88                rtems_filesystem_eval_path_start
 .text.rtems_filesystem_eval_path_error
                0x00003ab4       0x50 /opt/rtems/6/sparc-rtems6/gr740/lib/librtemscpu.a(sup_fs_eval_path.c.60.o)
                0x00003ab4                rtems_filesystem_eval_path_error
 .text.rtems_filesystem_eval_path_cleanup
                0x00003b04       0x3c /opt/rtems/6/sparc-rtems6/gr740/lib/librtemscpu.a(sup_fs_eval_path.c.60.o)
                0x00003b04                rtems_filesystem_eval_path_cleanup
 .text.rtems_filesystem_eval_path_restart
                0x00003b40       0x64 /opt/rtems/6/sparc-rtems6/gr740/lib/librtemscpu.a(sup_fs_eval_path.c.60.o)
                0x00003b40                rtems_filesystem_eval_path_restart
 .text.rtems_filesystem_eval_path_recursive
                0x00003ba4      0x114 /opt/rtems/6/sparc-rtems6/gr740/lib/librtemscpu.a(sup_fs_eval_path.c.60.o)
                0x00003ba4                rtems_filesystem_eval_path_recursive
 .text.rtems_filesystem_location_copy
                0x00003cb8       0x9c /opt/rtems/6/sparc-rtems6/gr740/lib/librtemscpu.a(sup_fs_location.c.60.o)
                0x00003cb8                rtems_filesystem_location_copy
 .text.rtems_filesystem_location_detach
                0x00003d54       0xac /opt/rtems/6/sparc-rtems6/gr740/lib/librtemscpu.a(sup_fs_location.c.60.o)
                0x00003d54                rtems_filesystem_location_detach
 .text.rtems_filesystem_global_location_assign
                0x00003e00       0x74 /opt/rtems/6/sparc-rtems6/gr740/lib/librtemscpu.a(sup_fs_location.c.60.o)
                0x00003e00                rtems_filesystem_global_location_assign
 .text.rtems_filesystem_do_unmount
                0x00003e74       0xa4 /opt/rtems/6/sparc-rtems6/gr740/lib/librtemscpu.a(sup_fs_location.c.60.o)
                0x00003e74                rtems_filesystem_do_unmount
 .text.release_with_count
                0x00003f18       0xd4 /opt/rtems/6/sparc-rtems6/gr740/lib/librtemscpu.a(sup_fs_location.c.60.o)
 .text.rtems_filesystem_global_location_obtain
                0x00003fec       0xf8 /opt/rtems/6/sparc-rtems6/gr740/lib/librtemscpu.a(sup_fs_location.c.60.o)
                0x00003fec                rtems_filesystem_global_location_obtain
 .text.rtems_filesystem_global_location_release
                0x000040e4       0x60 /opt/rtems/6/sparc-rtems6/gr740/lib/librtemscpu.a(sup_fs_location.c.60.o)
                0x000040e4                rtems_filesystem_global_location_release
 .text.rtems_filesystem_location_remove_from_mt_entry
                0x00004144       0xd0 /opt/rtems/6/sparc-rtems6/gr740/lib/librtemscpu.a(sup_fs_location.c.60.o)
                0x00004144                rtems_filesystem_location_remove_from_mt_entry
 .text.rtems_filesystem_location_copy_and_detach
                0x00004214       0xb8 /opt/rtems/6/sparc-rtems6/gr740/lib/librtemscpu.a(sup_fs_location.c.60.o)
                0x00004214                rtems_filesystem_location_copy_and_detach
 .text.rtems_filesystem_location_transform_to_global
                0x000042cc       0x6c /opt/rtems/6/sparc-rtems6/gr740/lib/librtemscpu.a(sup_fs_location.c.60.o)
                0x000042cc                rtems_filesystem_location_transform_to_global
 .text.rtems_termios_callback_firstOpen
                0x00004338       0x24 /opt/rtems/6/sparc-rtems6/gr740/lib/librtemscpu.a(termios.c.60.o)
 .text.rtems_termios_callback_lastClose
                0x0000435c       0x20 /opt/rtems/6/sparc-rtems6/gr740/lib/librtemscpu.a(termios.c.60.o)
 .text.rtems_termios_callback_pollRead
                0x0000437c       0x18 /opt/rtems/6/sparc-rtems6/gr740/lib/librtemscpu.a(termios.c.60.o)
 .text.rtems_termios_callback_write
                0x00004394       0x20 /opt/rtems/6/sparc-rtems6/gr740/lib/librtemscpu.a(termios.c.60.o)
 .text.rtems_termios_callback_setAttributes
                0x000043b4       0x20 /opt/rtems/6/sparc-rtems6/gr740/lib/librtemscpu.a(termios.c.60.o)
 .text.rtems_termios_callback_stopRemoteTx
                0x000043d4       0x18 /opt/rtems/6/sparc-rtems6/gr740/lib/librtemscpu.a(termios.c.60.o)
 .text.rtems_termios_callback_startRemoteTx
                0x000043ec       0x18 /opt/rtems/6/sparc-rtems6/gr740/lib/librtemscpu.a(termios.c.60.o)
 .text.iprocEarly
                0x00004404       0x94 /opt/rtems/6/sparc-rtems6/gr740/lib/librtemscpu.a(termios.c.60.o)
 .text.rtems_termios_default_isig_handler
                0x00004498        0x8 /opt/rtems/6/sparc-rtems6/gr740/lib/librtemscpu.a(termios.c.60.o)
                0x00004498                rtems_termios_default_isig_handler
 .text.rtems_termios_imfs_node_destroy
                0x000044a0       0x14 /opt/rtems/6/sparc-rtems6/gr740/lib/librtemscpu.a(termios.c.60.o)
 .text.rtems_termios_imfs_node_initialize
                0x000044b4       0x2c /opt/rtems/6/sparc-rtems6/gr740/lib/librtemscpu.a(termios.c.60.o)
 .text.deviceAcquireMutex
                0x000044e0        0xc /opt/rtems/6/sparc-rtems6/gr740/lib/librtemscpu.a(termios.c.60.o)
 .text.drainOutput
                0x000044ec       0x9c /opt/rtems/6/sparc-rtems6/gr740/lib/librtemscpu.a(termios.c.60.o)
 .text.deviceReleaseMutex
                0x00004588        0xc /opt/rtems/6/sparc-rtems6/gr740/lib/librtemscpu.a(termios.c.60.o)
 .text.rtems_termios_destroy_tty
                0x00004594      0x164 /opt/rtems/6/sparc-rtems6/gr740/lib/librtemscpu.a(termios.c.60.o)
 .text.rtems_termios_open_tty
                0x000046f8      0x558 /opt/rtems/6/sparc-rtems6/gr740/lib/librtemscpu.a(termios.c.60.o)
 .text.rtems_termios_imfs_open
                0x00004c50       0x84 /opt/rtems/6/sparc-rtems6/gr740/lib/librtemscpu.a(termios.c.60.o)
 .text.canTransmit
                0x00004cd4       0x88 /opt/rtems/6/sparc-rtems6/gr740/lib/librtemscpu.a(termios.c.60.o)
 .text.rtems_termios_refill_transmitter
                0x00004d5c      0x208 /opt/rtems/6/sparc-rtems6/gr740/lib/librtemscpu.a(termios.c.60.o)
 .text.rtems_termios_txdaemon
                0x00004f64       0xa0 /opt/rtems/6/sparc-rtems6/gr740/lib/librtemscpu.a(termios.c.60.o)
 .text.rtems_termios_imfs_close
                0x00005004       0x6c /opt/rtems/6/sparc-rtems6/gr740/lib/librtemscpu.a(termios.c.60.o)
 .text.doTransmit
                0x00005070      0x25c /opt/rtems/6/sparc-rtems6/gr740/lib/librtemscpu.a(termios.c.60.o)
 .text.oproc    0x000052cc      0x260 /opt/rtems/6/sparc-rtems6/gr740/lib/librtemscpu.a(termios.c.60.o)
 .text.rtems_termios_write_tty
                0x0000552c       0x90 /opt/rtems/6/sparc-rtems6/gr740/lib/librtemscpu.a(termios.c.60.o)
 .text.rtems_termios_imfs_write
                0x000055bc       0xb8 /opt/rtems/6/sparc-rtems6/gr740/lib/librtemscpu.a(termios.c.60.o)
 .text.echo     0x00005674       0x74 /opt/rtems/6/sparc-rtems6/gr740/lib/librtemscpu.a(termios.c.60.o)
 .text.erase.part.0
                0x000056e8      0x294 /opt/rtems/6/sparc-rtems6/gr740/lib/librtemscpu.a(termios.c.60.o)
 .text.iproc    0x0000597c      0x1f8 /opt/rtems/6/sparc-rtems6/gr740/lib/librtemscpu.a(termios.c.60.o)
 .text.rtems_termios_read_tty
                0x00005b74      0x5fc /opt/rtems/6/sparc-rtems6/gr740/lib/librtemscpu.a(termios.c.60.o)
 .text.rtems_termios_imfs_read
                0x00006170       0xe4 /opt/rtems/6/sparc-rtems6/gr740/lib/librtemscpu.a(termios.c.60.o)
 .text.rtems_termios_device_install
                0x00006254       0x6c /opt/rtems/6/sparc-rtems6/gr740/lib/librtemscpu.a(termios.c.60.o)
                0x00006254                rtems_termios_device_install
 .text.rtems_termios_ioctl
                0x000062c0      0x594 /opt/rtems/6/sparc-rtems6/gr740/lib/librtemscpu.a(termios.c.60.o)
                0x000062c0                rtems_termios_ioctl
 .text.rtems_termios_imfs_ioctl
                0x00006854       0x40 /opt/rtems/6/sparc-rtems6/gr740/lib/librtemscpu.a(termios.c.60.o)
 .text.rtems_termios_enqueue_raw_characters
                0x00006894      0x488 /opt/rtems/6/sparc-rtems6/gr740/lib/librtemscpu.a(termios.c.60.o)
                0x00006894                rtems_termios_enqueue_raw_characters
 .text.rtems_termios_rxdaemon
                0x00006d1c       0x64 /opt/rtems/6/sparc-rtems6/gr740/lib/librtemscpu.a(termios.c.60.o)
 .text.rtems_termios_baud_to_number
                0x00006d80       0x18 /opt/rtems/6/sparc-rtems6/gr740/lib/librtemscpu.a(termios_baud2num.c.60.o)
                0x00006d80                rtems_termios_baud_to_number
 .text.rtems_termios_set_best_baud
                0x00006d98       0x88 /opt/rtems/6/sparc-rtems6/gr740/lib/librtemscpu.a(termios_setbestbaud.c.60.o)
                0x00006d98                rtems_termios_set_best_baud
 .text.rtems_termios_device_lock_acquire_default
                0x00006e20        0xc /opt/rtems/6/sparc-rtems6/gr740/lib/librtemscpu.a(termiosinitialize.c.60.o)
                0x00006e20                rtems_termios_device_lock_acquire_default
 .text.rtems_termios_device_lock_release_default
                0x00006e2c        0xc /opt/rtems/6/sparc-rtems6/gr740/lib/librtemscpu.a(termiosinitialize.c.60.o)
                0x00006e2c                rtems_termios_device_lock_release_default
 .text.vprintk  0x00006e38       0x20 /opt/rtems/6/sparc-rtems6/gr740/lib/librtemscpu.a(vprintk.c.60.o)
                0x00006e38                vprintk
 .text.rtems_filesystem_default_are_nodes_equal
                0x00006e58       0x18 /opt/rtems/6/sparc-rtems6/gr740/lib/librtemscpu.a(default_are_nodes_equal.c.60.o)
                0x00006e58                rtems_filesystem_default_are_nodes_equal
 .text.rtems_filesystem_default_fcntl
                0x00006e70        0x8 /opt/rtems/6/sparc-rtems6/gr740/lib/librtemscpu.a(default_fcntl.c.60.o)
                0x00006e70                rtems_filesystem_default_fcntl
 .text.rtems_filesystem_default_fsunmount
                0x00006e78        0x8 /opt/rtems/6/sparc-rtems6/gr740/lib/librtemscpu.a(default_fsunmount.c.60.o)
                0x00006e78                rtems_filesystem_default_fsunmount
 .text.rtems_filesystem_default_fsync_or_fdatasync
                0x00006e80       0x18 /opt/rtems/6/sparc-rtems6/gr740/lib/librtemscpu.a(default_fsync.c.60.o)
                0x00006e80                rtems_filesystem_default_fsync_or_fdatasync
 .text.rtems_filesystem_default_ftruncate
                0x00006e98       0x18 /opt/rtems/6/sparc-rtems6/gr740/lib/librtemscpu.a(default_ftruncate.c.60.o)
                0x00006e98                rtems_filesystem_default_ftruncate
 .text.rtems_filesystem_default_kqfilter
                0x00006eb0        0x8 /opt/rtems/6/sparc-rtems6/gr740/lib/librtemscpu.a(default_kqfilter.c.60.o)
                0x00006eb0                rtems_termios_kqfilter
                0x00006eb0                rtems_filesystem_default_kqfilter
 .text.rtems_filesystem_default_lock
                0x00006eb8        0xc /opt/rtems/6/sparc-rtems6/gr740/lib/librtemscpu.a(default_lock_and_unlock.c.60.o)
                0x00006eb8                rtems_filesystem_default_lock
 .text.rtems_filesystem_default_unlock
                0x00006ec4        0xc /opt/rtems/6/sparc-rtems6/gr740/lib/librtemscpu.a(default_lock_and_unlock.c.60.o)
                0x00006ec4                rtems_filesystem_default_unlock
 .text.rtems_filesystem_default_lseek
                0x00006ed0       0x1c /opt/rtems/6/sparc-rtems6/gr740/lib/librtemscpu.a(default_lseek.c.60.o)
                0x00006ed0                rtems_filesystem_default_lseek
 .text.rtems_filesystem_default_mmap
                0x00006eec       0x18 /opt/rtems/6/sparc-rtems6/gr740/lib/librtemscpu.a(default_mmap.c.60.o)
                0x00006eec                rtems_filesystem_default_mmap
                0x00006eec                rtems_termios_mmap
 .text.rtems_filesystem_default_poll
                0x00006f04        0x8 /opt/rtems/6/sparc-rtems6/gr740/lib/librtemscpu.a(default_poll.c.60.o)
                0x00006f04                rtems_filesystem_default_poll
                0x00006f04                rtems_termios_poll
 .text.rtems_filesystem_default_readv
                0x00006f0c       0x7c /opt/rtems/6/sparc-rtems6/gr740/lib/librtemscpu.a(default_readv.c.60.o)
                0x00006f0c                rtems_filesystem_default_readv
 .text.rtems_filesystem_default_statvfs
                0x00006f88       0x18 /opt/rtems/6/sparc-rtems6/gr740/lib/librtemscpu.a(default_statvfs.c.60.o)
                0x00006f88                rtems_filesystem_default_statvfs
 .text.rtems_filesystem_default_writev
                0x00006fa0       0x7c /opt/rtems/6/sparc-rtems6/gr740/lib/librtemscpu.a(default_writev.c.60.o)
                0x00006fa0                rtems_filesystem_default_writev
 .text.IMFS_chown
                0x0000701c       0x2c /opt/rtems/6/sparc-rtems6/gr740/lib/librtemscpu.a(imfs_chown.c.60.o)
                0x0000701c                IMFS_chown
 .text.IMFS_stat_directory
                0x00007048       0x3c /opt/rtems/6/sparc-rtems6/gr740/lib/librtemscpu.a(imfs_dir_default.c.60.o)
 .text.IMFS_dir_read
                0x00007084      0x18c /opt/rtems/6/sparc-rtems6/gr740/lib/librtemscpu.a(imfs_dir_default.c.60.o)
 .text.IMFS_eval_is_directory
                0x00007210       0x24 /opt/rtems/6/sparc-rtems6/gr740/lib/librtemscpu.a(imfs_eval.c.60.o)
 .text.IMFS_eval_token
                0x00007234      0x1d8 /opt/rtems/6/sparc-rtems6/gr740/lib/librtemscpu.a(imfs_eval.c.60.o)
 .text.IMFS_eval_path
                0x0000740c       0x18 /opt/rtems/6/sparc-rtems6/gr740/lib/librtemscpu.a(imfs_eval.c.60.o)
                0x0000740c                IMFS_eval_path
 .text.IMFS_fchmod
                0x00007424       0x24 /opt/rtems/6/sparc-rtems6/gr740/lib/librtemscpu.a(imfs_fchmod.c.60.o)
                0x00007424                IMFS_fchmod
 .text.IMFS_node_initialize_device
                0x00007448       0x14 /opt/rtems/6/sparc-rtems6/gr740/lib/librtemscpu.a(imfs_handlers_device.c.60.o)
 .text.IMFS_stat_device
                0x0000745c       0x20 /opt/rtems/6/sparc-rtems6/gr740/lib/librtemscpu.a(imfs_handlers_device.c.60.o)
 .text.IMFS_node_initialize_enosys
                0x0000747c       0x18 /opt/rtems/6/sparc-rtems6/gr740/lib/librtemscpu.a(imfs_initsupp.c.60.o)
 .text.IMFS_initialize_support
                0x00007494       0x90 /opt/rtems/6/sparc-rtems6/gr740/lib/librtemscpu.a(imfs_initsupp.c.60.o)
                0x00007494                IMFS_initialize_support
 .text.IMFS_node_initialize_default
                0x00007524        0x8 /opt/rtems/6/sparc-rtems6/gr740/lib/librtemscpu.a(imfs_initsupp.c.60.o)
                0x00007524                IMFS_node_initialize_default
 .text.IMFS_stat_hard_link
                0x0000752c       0x54 /opt/rtems/6/sparc-rtems6/gr740/lib/librtemscpu.a(imfs_link.c.60.o)
 .text.IMFS_node_initialize_hard_link
                0x00007580        0x8 /opt/rtems/6/sparc-rtems6/gr740/lib/librtemscpu.a(imfs_link.c.60.o)
 .text.IMFS_node_remove_hard_link
                0x00007588       0xd0 /opt/rtems/6/sparc-rtems6/gr740/lib/librtemscpu.a(imfs_link.c.60.o)
 .text.IMFS_link
                0x00007658       0xa8 /opt/rtems/6/sparc-rtems6/gr740/lib/librtemscpu.a(imfs_link.c.60.o)
                0x00007658                IMFS_link
 .text.IMFS_node_initialize_generic
                0x00007700        0x8 /opt/rtems/6/sparc-rtems6/gr740/lib/librtemscpu.a(imfs_make_generic_node.c.60.o)
                0x00007700                IMFS_node_initialize_generic
 .text.IMFS_make_node
                0x00007708      0x118 /opt/rtems/6/sparc-rtems6/gr740/lib/librtemscpu.a(imfs_make_generic_node.c.60.o)
                0x00007708                IMFS_make_node
 .text.IMFS_make_generic_node
                0x00007820       0x14 /opt/rtems/6/sparc-rtems6/gr740/lib/librtemscpu.a(imfs_make_generic_node.c.60.o)
                0x00007820                IMFS_make_generic_node
 .text.memfile_free_blocks_in_table
                0x00007834       0xa8 /opt/rtems/6/sparc-rtems6/gr740/lib/librtemscpu.a(imfs_memfile.c.60.o)
 .text.IMFS_memfile_destroy
                0x000078dc      0x17c /opt/rtems/6/sparc-rtems6/gr740/lib/librtemscpu.a(imfs_memfile.c.60.o)
 .text.IMFS_memfile_get_block_pointer
                0x00007a58      0x2a4 /opt/rtems/6/sparc-rtems6/gr740/lib/librtemscpu.a(imfs_memfile.c.60.o)
 .text.memfile_read
                0x00007cfc      0x1f0 /opt/rtems/6/sparc-rtems6/gr740/lib/librtemscpu.a(imfs_memfile.c.60.o)
 .text.IMFS_memfile_extend
                0x00007eec      0x240 /opt/rtems/6/sparc-rtems6/gr740/lib/librtemscpu.a(imfs_memfile.c.60.o)
 .text.memfile_ftruncate
                0x0000812c       0x58 /opt/rtems/6/sparc-rtems6/gr740/lib/librtemscpu.a(imfs_memfile.c.60.o)
 .text.IMFS_memfile_write
                0x00008184      0x224 /opt/rtems/6/sparc-rtems6/gr740/lib/librtemscpu.a(imfs_memfile.c.60.o)
                0x00008184                IMFS_memfile_write
 .text.memfile_write
                0x000083a8       0x60 /opt/rtems/6/sparc-rtems6/gr740/lib/librtemscpu.a(imfs_memfile.c.60.o)
 .text.IMFS_mknod
                0x00008408       0xe8 /opt/rtems/6/sparc-rtems6/gr740/lib/librtemscpu.a(imfs_mknod.c.60.o)
                0x00008408                IMFS_mknod
 .text.IMFS_mount
                0x000084f0       0x64 /opt/rtems/6/sparc-rtems6/gr740/lib/librtemscpu.a(imfs_mount.c.60.o)
                0x000084f0                IMFS_mount
 .text.IMFS_node_destroy.part.0
                0x00008554       0x28 /opt/rtems/6/sparc-rtems6/gr740/lib/librtemscpu.a(imfs_node.c.60.o)
 .text.IMFS_initialize_node
                0x0000857c       0x80 /opt/rtems/6/sparc-rtems6/gr740/lib/librtemscpu.a(imfs_node.c.60.o)
                0x0000857c                IMFS_initialize_node
 .text.IMFS_node_clone
                0x000085fc       0x18 /opt/rtems/6/sparc-rtems6/gr740/lib/librtemscpu.a(imfs_node.c.60.o)
                0x000085fc                IMFS_node_clone
 .text.IMFS_node_destroy
                0x00008614       0x38 /opt/rtems/6/sparc-rtems6/gr740/lib/librtemscpu.a(imfs_node.c.60.o)
                0x00008614                IMFS_node_destroy
 .text.IMFS_node_free
                0x0000864c       0x40 /opt/rtems/6/sparc-rtems6/gr740/lib/librtemscpu.a(imfs_node.c.60.o)
                0x0000864c                IMFS_node_free
 .text.IMFS_node_remove_default
                0x0000868c        0x8 /opt/rtems/6/sparc-rtems6/gr740/lib/librtemscpu.a(imfs_node.c.60.o)
                0x0000868c                IMFS_node_remove_default
 .text.IMFS_node_destroy_default
                0x00008694        0xc /opt/rtems/6/sparc-rtems6/gr740/lib/librtemscpu.a(imfs_node_destroy_default.c.60.o)
                0x00008694                IMFS_node_destroy_default
 .text.IMFS_renamed_destroy
                0x000086a0       0x2c /opt/rtems/6/sparc-rtems6/gr740/lib/librtemscpu.a(imfs_rename.c.60.o)
 .text.IMFS_rename
                0x000086cc      0x184 /opt/rtems/6/sparc-rtems6/gr740/lib/librtemscpu.a(imfs_rename.c.60.o)
                0x000086cc                IMFS_rename
 .text.IMFS_rmnod
                0x00008850       0xb0 /opt/rtems/6/sparc-rtems6/gr740/lib/librtemscpu.a(imfs_rmnod.c.60.o)
                0x00008850                IMFS_rmnod
 .text.IMFS_stat
                0x00008900       0x6c /opt/rtems/6/sparc-rtems6/gr740/lib/librtemscpu.a(imfs_stat.c.60.o)
                0x00008900                IMFS_stat
 .text.IMFS_stat_file
                0x0000896c       0x28 /opt/rtems/6/sparc-rtems6/gr740/lib/librtemscpu.a(imfs_stat_file.c.60.o)
                0x0000896c                IMFS_stat_file
 .text.IMFS_node_initialize_sym_link
                0x00008994       0x1c /opt/rtems/6/sparc-rtems6/gr740/lib/librtemscpu.a(imfs_symlink.c.60.o)
 .text.IMFS_stat_sym_link
                0x000089b0       0x20 /opt/rtems/6/sparc-rtems6/gr740/lib/librtemscpu.a(imfs_symlink.c.60.o)
 .text.IMFS_symlink
                0x000089d0       0x60 /opt/rtems/6/sparc-rtems6/gr740/lib/librtemscpu.a(imfs_symlink.c.60.o)
                0x000089d0                IMFS_symlink
 .text.IMFS_readlink
                0x00008a30       0x50 /opt/rtems/6/sparc-rtems6/gr740/lib/librtemscpu.a(imfs_symlink.c.60.o)
                0x00008a30                IMFS_readlink
 .text.IMFS_unmount
                0x00008a80       0x64 /opt/rtems/6/sparc-rtems6/gr740/lib/librtemscpu.a(imfs_unmount.c.60.o)
                0x00008a80                IMFS_unmount
 .text.IMFS_utimens
                0x00008ae4       0x30 /opt/rtems/6/sparc-rtems6/gr740/lib/librtemscpu.a(imfs_utimens.c.60.o)
                0x00008ae4                IMFS_utimens
 .text.rtems_event_receive
                0x00008b14       0xd0 /opt/rtems/6/sparc-rtems6/gr740/lib/librtemscpu.a(eventreceive.c.60.o)
                0x00008b14                rtems_event_receive
 .text._Watchdog_Per_CPU_acquire_critical.part.0
                0x00008be4       0x28 /opt/rtems/6/sparc-rtems6/gr740/lib/librtemscpu.a(eventseize.c.60.o)
 .text._Event_Seize
                0x00008c0c      0x240 /opt/rtems/6/sparc-rtems6/gr740/lib/librtemscpu.a(eventseize.c.60.o)
                0x00008c0c                _Event_Seize
 .text.rtems_event_send
                0x00008e4c       0x3c /opt/rtems/6/sparc-rtems6/gr740/lib/librtemscpu.a(eventsend.c.60.o)
                0x00008e4c                rtems_event_send
 .text._Event_Surrender
                0x00008e88      0x23c /opt/rtems/6/sparc-rtems6/gr740/lib/librtemscpu.a(eventsurrender.c.60.o)
                0x00008e88                _Event_Surrender
 .text.rtems_status_code_to_errno
                0x000090c4       0x48 /opt/rtems/6/sparc-rtems6/gr740/lib/librtemscpu.a(statustoerrno.c.60.o)
                0x000090c4                rtems_status_code_to_errno
 .text.rtems_event_system_send
                0x0000910c       0x40 /opt/rtems/6/sparc-rtems6/gr740/lib/librtemscpu.a(systemeventsend.c.60.o)
                0x0000910c                rtems_event_system_send
 .text._RTEMS_tasks_Allocate_and_prepare_stack
                0x0000914c       0x64 /opt/rtems/6/sparc-rtems6/gr740/lib/librtemscpu.a(taskcreate.c.60.o)
 .text.rtems_task_create
                0x000091b0       0x40 /opt/rtems/6/sparc-rtems6/gr740/lib/librtemscpu.a(taskcreate.c.60.o)
                0x000091b0                rtems_task_create
 .text.rtems_task_exit
                0x000091f0       0x14 /opt/rtems/6/sparc-rtems6/gr740/lib/librtemscpu.a(taskexit.c.60.o)
                0x000091f0                rtems_task_exit
 .text._RTEMS_tasks_Initialize_user_task
                0x00009204       0xb8 /opt/rtems/6/sparc-rtems6/gr740/lib/librtemscpu.a(taskinitusers.c.60.o)
                0x00009204                _RTEMS_tasks_Initialize_user_task
 .text.rtems_task_start
                0x000092bc       0x5c /opt/rtems/6/sparc-rtems6/gr740/lib/librtemscpu.a(taskstart.c.60.o)
                0x000092bc                rtems_task_start
 .text.rtems_task_wake_after
                0x00009318      0x150 /opt/rtems/6/sparc-rtems6/gr740/lib/librtemscpu.a(taskwakeafter.c.60.o)
                0x00009318                rtems_task_wake_after
 .text.rtems_initialize_data_structures
                0x00009468       0x7c /opt/rtems/6/sparc-rtems6/gr740/lib/librtemscpu.a(exinit.c.60.o)
 .text.rtems_initialize_executive
                0x000094e4       0x54 /opt/rtems/6/sparc-rtems6/gr740/lib/librtemscpu.a(exinit.c.60.o)
                0x000094e4                rtems_initialize_executive
 .text.rtems_fatal_error_occurred
                0x00009538       0x14 /opt/rtems/6/sparc-rtems6/gr740/lib/librtemscpu.a(fatal.c.60.o)
                0x00009538                rtems_fatal_error_occurred
 .text.rtems_fatal_source_text
                0x0000954c       0x28 /opt/rtems/6/sparc-rtems6/gr740/lib/librtemscpu.a(fatalsrctext.c.60.o)
                0x0000954c                rtems_fatal_source_text
 .text.rtems_get_version_string
                0x00009574        0xc /opt/rtems/6/sparc-rtems6/gr740/lib/librtemscpu.a(getversionstring.c.60.o)
                0x00009574                rtems_get_version_string
 .text.rtems_internal_error_text
                0x00009580       0x28 /opt/rtems/6/sparc-rtems6/gr740/lib/librtemscpu.a(interrtext.c.60.o)
                0x00009580                rtems_internal_error_text
 .text._IO_Initialize_all_drivers
                0x000095a8       0x4c /opt/rtems/6/sparc-rtems6/gr740/lib/librtemscpu.a(io.c.60.o)
                0x000095a8                _IO_Initialize_all_drivers
 .text.rtems_io_initialize
                0x000095f4       0x58 /opt/rtems/6/sparc-rtems6/gr740/lib/librtemscpu.a(ioinitialize.c.60.o)
                0x000095f4                rtems_io_initialize
 .text.rtems_version
                0x0000964c        0xc /opt/rtems/6/sparc-rtems6/gr740/lib/librtemscpu.a(version.c.60.o)
                0x0000964c                rtems_version
 .text._RTEMS_Lock_allocator
                0x00009658       0x14 /opt/rtems/6/sparc-rtems6/gr740/lib/librtemscpu.a(allocatormutex.c.60.o)
                0x00009658                _RTEMS_Lock_allocator
 .text._RTEMS_Unlock_allocator
                0x0000966c       0x14 /opt/rtems/6/sparc-rtems6/gr740/lib/librtemscpu.a(allocatormutex.c.60.o)
                0x0000966c                _RTEMS_Unlock_allocator
 .text._RTEMS_Allocator_is_owner
                0x00009680       0x14 /opt/rtems/6/sparc-rtems6/gr740/lib/librtemscpu.a(allocatormutex.c.60.o)
                0x00009680                _RTEMS_Allocator_is_owner
 .text._API_Mutex_Is_owner
                0x00009694       0x18 /opt/rtems/6/sparc-rtems6/gr740/lib/librtemscpu.a(apimutexisowner.c.60.o)
                0x00009694                _API_Mutex_Is_owner
 .text._API_Mutex_Lock
                0x000096ac       0x30 /opt/rtems/6/sparc-rtems6/gr740/lib/librtemscpu.a(apimutexlock.c.60.o)
                0x000096ac                _API_Mutex_Lock
 .text._API_Mutex_Unlock
                0x000096dc       0x30 /opt/rtems/6/sparc-rtems6/gr740/lib/librtemscpu.a(apimutexunlock.c.60.o)
                0x000096dc                _API_Mutex_Unlock
 .text._Chain_Initialize
                0x0000970c       0x84 /opt/rtems/6/sparc-rtems6/gr740/lib/librtemscpu.a(chain.c.60.o)
                0x0000970c                _Chain_Initialize
 .text._Heap_Protection_free_delayed_blocks
                0x00009790       0xc0 /opt/rtems/6/sparc-rtems6/gr740/lib/librtemscpu.a(heapallocate.c.60.o)
 .text._Heap_Allocate_aligned_with_boundary
                0x00009850      0x4b4 /opt/rtems/6/sparc-rtems6/gr740/lib/librtemscpu.a(heapallocate.c.60.o)
                0x00009850                _Heap_Allocate_aligned_with_boundary
 .text._Heap_Free
                0x00009d04      0x3a4 /opt/rtems/6/sparc-rtems6/gr740/lib/librtemscpu.a(heapfree.c.60.o)
                0x00009d04                _Heap_Free
 .text._Terminate
                0x0000a0a8       0x30 /opt/rtems/6/sparc-rtems6/gr740/lib/librtemscpu.a(interr.c.60.o)
                0x0000a0a8                _Terminate
 .text._Internal_error
                0x0000a0d8       0x14 /opt/rtems/6/sparc-rtems6/gr740/lib/librtemscpu.a(interr.c.60.o)
                0x0000a0d8                _Internal_error
 .text._ISR_Handler_initialization
                0x0000a0ec       0x54 /opt/rtems/6/sparc-rtems6/gr740/lib/librtemscpu.a(isr.c.60.o)
                0x0000a0ec                _ISR_Handler_initialization
 .text._ISR_Is_in_progress
                0x0000a140       0x6c /opt/rtems/6/sparc-rtems6/gr740/lib/librtemscpu.a(isrisinprogress.c.60.o)
                0x0000a140                _ISR_Is_in_progress
 .text.dummy_get_timecount
                0x0000a1ac        0x8 /opt/rtems/6/sparc-rtems6/gr740/lib/librtemscpu.a(kern_tc.c.60.o)
 .text._Timecounter_Windup
                0x0000a1b4      0x418 /opt/rtems/6/sparc-rtems6/gr740/lib/librtemscpu.a(kern_tc.c.60.o)
 .text._Timecounter_Sbinuptime
                0x0000a5cc       0xd4 /opt/rtems/6/sparc-rtems6/gr740/lib/librtemscpu.a(kern_tc.c.60.o)
                0x0000a5cc                _Timecounter_Sbinuptime
                0x0000a5cc                rtems_clock_get_monotonic_sbintime
 .text._Timecounter_Microtime
                0x0000a6a0      0x12c /opt/rtems/6/sparc-rtems6/gr740/lib/librtemscpu.a(kern_tc.c.60.o)
                0x0000a6a0                _Timecounter_Microtime
                0x0000a6a0                rtems_clock_get_realtime_timeval
 .text._Timecounter_Getnanouptime
                0x0000a7cc       0x6c /opt/rtems/6/sparc-rtems6/gr740/lib/librtemscpu.a(kern_tc.c.60.o)
                0x0000a7cc                rtems_clock_get_monotonic_coarse
                0x0000a7cc                _Timecounter_Getnanouptime
 .text._Timecounter_Getbintime
                0x0000a838       0x50 /opt/rtems/6/sparc-rtems6/gr740/lib/librtemscpu.a(kern_tc.c.60.o)
                0x0000a838                rtems_clock_get_realtime_coarse_bintime
                0x0000a838                _Timecounter_Getbintime
 .text._Timecounter_Getnanotime
                0x0000a888       0x50 /opt/rtems/6/sparc-rtems6/gr740/lib/librtemscpu.a(kern_tc.c.60.o)
                0x0000a888                _Timecounter_Getnanotime
                0x0000a888                rtems_clock_get_realtime_coarse
 .text._Timecounter_Install
                0x0000a8d8       0x84 /opt/rtems/6/sparc-rtems6/gr740/lib/librtemscpu.a(kern_tc.c.60.o)
                0x0000a8d8                _Timecounter_Install
 .text._Timecounter_Tick
                0x0000a95c       0x84 /opt/rtems/6/sparc-rtems6/gr740/lib/librtemscpu.a(kern_tc.c.60.o)
                0x0000a95c                _Timecounter_Tick
 .text._Memory_Allocate
                0x0000a9e0       0x70 /opt/rtems/6/sparc-rtems6/gr740/lib/librtemscpu.a(memoryallocate.c.60.o)
                0x0000a9e0                _Memory_Allocate
 .text._Mutex_Acquire
                0x0000aa50       0xd0 /opt/rtems/6/sparc-rtems6/gr740/lib/librtemscpu.a(mutex.c.60.o)
                0x0000aa50                _Mutex_Acquire
 .text._Mutex_Release
                0x0000ab20       0xe0 /opt/rtems/6/sparc-rtems6/gr740/lib/librtemscpu.a(mutex.c.60.o)
                0x0000ab20                _Mutex_Release
 .text._Mutex_recursive_Acquire
                0x0000ac00       0xe8 /opt/rtems/6/sparc-rtems6/gr740/lib/librtemscpu.a(mutex.c.60.o)
                0x0000ac00                _Mutex_recursive_Acquire
 .text._Mutex_recursive_Release
                0x0000ace8       0xf8 /opt/rtems/6/sparc-rtems6/gr740/lib/librtemscpu.a(mutex.c.60.o)
                0x0000ace8                _Mutex_recursive_Release
 .text._Objects_Allocate_static
                0x0000ade0       0x3c /opt/rtems/6/sparc-rtems6/gr740/lib/librtemscpu.a(objectallocatestatic.c.60.o)
                0x0000ade0                _Objects_Allocate_static
 .text._Objects_Extend_information
                0x0000ae1c      0x2d8 /opt/rtems/6/sparc-rtems6/gr740/lib/librtemscpu.a(objectextendinformation.c.60.o)
                0x0000ae1c                _Objects_Extend_information
 .text._Objects_Free_unlimited
                0x0000b0f4       0xdc /opt/rtems/6/sparc-rtems6/gr740/lib/librtemscpu.a(objectfree.c.60.o)
                0x0000b0f4                _Objects_Free_unlimited
 .text._Objects_Free_static
                0x0000b1d0       0x54 /opt/rtems/6/sparc-rtems6/gr740/lib/librtemscpu.a(objectfreestatic.c.60.o)
                0x0000b1d0                _Objects_Free_static
 .text._Objects_Free_objects_block
                0x0000b224      0x1b8 /opt/rtems/6/sparc-rtems6/gr740/lib/librtemscpu.a(objectshrinkinformation.c.60.o)
                0x0000b224                _Objects_Free_objects_block
 .text._Objects_Shrink_information
                0x0000b3dc       0xdc /opt/rtems/6/sparc-rtems6/gr740/lib/librtemscpu.a(objectshrinkinformation.c.60.o)
                0x0000b3dc                _Objects_Shrink_information
 .text._Protected_heap_Free
                0x0000b4b8       0x28 /opt/rtems/6/sparc-rtems6/gr740/lib/librtemscpu.a(pheapfree.c.60.o)
                0x0000b4b8                _Protected_heap_Free
 .text._Scheduler_Handler_initialization
                0x0000b4e0       0x58 /opt/rtems/6/sparc-rtems6/gr740/lib/librtemscpu.a(scheduler.c.60.o)
                0x0000b4e0                _Scheduler_Handler_initialization
 .text._Scheduler_default_Map_priority
                0x0000b538       0x14 /opt/rtems/6/sparc-rtems6/gr740/lib/librtemscpu.a(schedulerdefaultmappriority.c.60.o)
                0x0000b538                _Scheduler_default_Map_priority
 .text._Scheduler_default_Unmap_priority
                0x0000b54c       0x14 /opt/rtems/6/sparc-rtems6/gr740/lib/librtemscpu.a(schedulerdefaultmappriority.c.60.o)
                0x0000b54c                _Scheduler_default_Unmap_priority
 .text._Scheduler_default_Node_destroy
                0x0000b560       0x10 /opt/rtems/6/sparc-rtems6/gr740/lib/librtemscpu.a(schedulerdefaultnodedestroy.c.60.o)
                0x0000b560                _Scheduler_default_Node_destroy
 .text._Scheduler_default_Release_job
                0x0000b570        0x8 /opt/rtems/6/sparc-rtems6/gr740/lib/librtemscpu.a(schedulerdefaultreleasejob.c.60.o)
                0x0000b570                _Scheduler_default_Release_job
 .text._Scheduler_default_Cancel_job
                0x0000b578        0x8 /opt/rtems/6/sparc-rtems6/gr740/lib/librtemscpu.a(schedulerdefaultreleasejob.c.60.o)
                0x0000b578                _Scheduler_default_Cancel_job
 .text._Scheduler_default_Start_idle
                0x0000b580       0x78 /opt/rtems/6/sparc-rtems6/gr740/lib/librtemscpu.a(schedulerdefaultstartidle.c.60.o)
                0x0000b580                _Scheduler_default_Start_idle
 .text._Scheduler_priority_Initialize
                0x0000b5f8       0x58 /opt/rtems/6/sparc-rtems6/gr740/lib/librtemscpu.a(schedulerpriority.c.60.o)
                0x0000b5f8                _Scheduler_priority_Initialize
 .text._Scheduler_priority_Node_initialize
                0x0000b650       0xa8 /opt/rtems/6/sparc-rtems6/gr740/lib/librtemscpu.a(schedulerpriority.c.60.o)
                0x0000b650                _Scheduler_priority_Node_initialize
 .text._Per_CPU_Get.part.0
                0x0000b6f8       0x28 /opt/rtems/6/sparc-rtems6/gr740/lib/librtemscpu.a(schedulerpriorityblock.c.60.o)
 .text._Scheduler_priority_Block
                0x0000b720      0x268 /opt/rtems/6/sparc-rtems6/gr740/lib/librtemscpu.a(schedulerpriorityblock.c.60.o)
                0x0000b720                _Scheduler_priority_Block
 .text._Per_CPU_Get.part.0
                0x0000b988       0x28 /opt/rtems/6/sparc-rtems6/gr740/lib/librtemscpu.a(schedulerprioritychangepriority.c.60.o)
 .text._Scheduler_priority_Update_priority
                0x0000b9b0      0x344 /opt/rtems/6/sparc-rtems6/gr740/lib/librtemscpu.a(schedulerprioritychangepriority.c.60.o)
                0x0000b9b0                _Scheduler_priority_Update_priority
 .text._Per_CPU_Get.part.0
                0x0000bcf4       0x28 /opt/rtems/6/sparc-rtems6/gr740/lib/librtemscpu.a(schedulerpriorityschedule.c.60.o)
 .text._Scheduler_priority_Schedule
                0x0000bd1c      0x174 /opt/rtems/6/sparc-rtems6/gr740/lib/librtemscpu.a(schedulerpriorityschedule.c.60.o)
                0x0000bd1c                _Scheduler_priority_Schedule
 .text._Per_CPU_Get.part.0
                0x0000be90       0x28 /opt/rtems/6/sparc-rtems6/gr740/lib/librtemscpu.a(schedulerpriorityunblock.c.60.o)
 .text._Scheduler_priority_Unblock
                0x0000beb8      0x2a4 /opt/rtems/6/sparc-rtems6/gr740/lib/librtemscpu.a(schedulerpriorityunblock.c.60.o)
                0x0000beb8                _Scheduler_priority_Unblock
 .text._Per_CPU_Get.part.0
                0x0000c15c       0x28 /opt/rtems/6/sparc-rtems6/gr740/lib/librtemscpu.a(schedulerpriorityyield.c.60.o)
 .text._Scheduler_priority_Yield
                0x0000c184      0x1e0 /opt/rtems/6/sparc-rtems6/gr740/lib/librtemscpu.a(schedulerpriorityyield.c.60.o)
                0x0000c184                _Scheduler_priority_Yield
 .text._Semaphore_Wait
                0x0000c364       0xbc /opt/rtems/6/sparc-rtems6/gr740/lib/librtemscpu.a(semaphore.c.60.o)
                0x0000c364                _Semaphore_Wait
 .text._Semaphore_Wait_timed_ticks
                0x0000c420       0xd8 /opt/rtems/6/sparc-rtems6/gr740/lib/librtemscpu.a(semaphore.c.60.o)
                0x0000c420                _Semaphore_Wait_timed_ticks
 .text._Semaphore_Try_wait
                0x0000c4f8       0xac /opt/rtems/6/sparc-rtems6/gr740/lib/librtemscpu.a(semaphore.c.60.o)
                0x0000c4f8                _Semaphore_Try_wait
 .text._Semaphore_Post_binary
                0x0000c5a4       0xa4 /opt/rtems/6/sparc-rtems6/gr740/lib/librtemscpu.a(semaphore.c.60.o)
                0x0000c5a4                _Semaphore_Post_binary
 .text._Stack_Allocator_allocate_for_idle_workspace
                0x0000c648       0x2c /opt/rtems/6/sparc-rtems6/gr740/lib/librtemscpu.a(stackallocatorforidlewkspace.c.60.o)
                0x0000c648                _Stack_Allocator_allocate_for_idle_workspace
 .text._Thread_Initialize_information
                0x0000c674       0x24 /opt/rtems/6/sparc-rtems6/gr740/lib/librtemscpu.a(thread.c.60.o)
                0x0000c674                _Thread_Initialize_information
 .text._Thread_Handler_initialization
                0x0000c698       0x2c /opt/rtems/6/sparc-rtems6/gr740/lib/librtemscpu.a(thread.c.60.o)
                0x0000c698                _Thread_Handler_initialization
 .text._Thread_Allocate_unlimited
                0x0000c6c4      0x170 /opt/rtems/6/sparc-rtems6/gr740/lib/librtemscpu.a(threadallocateunlimited.c.60.o)
                0x0000c6c4                _Thread_Allocate_unlimited
 .text._Thread_Clear_state_locked
                0x0000c834      0x100 /opt/rtems/6/sparc-rtems6/gr740/lib/librtemscpu.a(threadclearstate.c.60.o)
                0x0000c834                _Thread_Clear_state_locked
 .text._Thread_Clear_state
                0x0000c934       0x4c /opt/rtems/6/sparc-rtems6/gr740/lib/librtemscpu.a(threadclearstate.c.60.o)
                0x0000c934                _Thread_Clear_state
 .text._Thread_Create_idle
                0x0000c980      0x290 /opt/rtems/6/sparc-rtems6/gr740/lib/librtemscpu.a(threadcreateidle.c.60.o)
                0x0000c980                _Thread_Create_idle
 .text._Scheduler_Acquire_critical.part.0
                0x0000cc10       0x28 /opt/rtems/6/sparc-rtems6/gr740/lib/librtemscpu.a(threaddispatch.c.60.o)
 .text._Thread_Do_dispatch
                0x0000cc38      0x744 /opt/rtems/6/sparc-rtems6/gr740/lib/librtemscpu.a(threaddispatch.c.60.o)
                0x0000cc38                _Thread_Do_dispatch
 .text._Thread_Dispatch_direct
                0x0000d37c       0x2c /opt/rtems/6/sparc-rtems6/gr740/lib/librtemscpu.a(threaddispatch.c.60.o)
                0x0000d37c                _Thread_Dispatch_direct
                0x0000d37c                _Thread_Dispatch_direct_no_return
 .text._Thread_Dispatch_enable
                0x0000d3a8       0x88 /opt/rtems/6/sparc-rtems6/gr740/lib/librtemscpu.a(threaddispatch.c.60.o)
                0x0000d3a8                _Thread_Dispatch_enable
 .text._Thread_Entry_adaptor_idle
                0x0000d430       0x18 /opt/rtems/6/sparc-rtems6/gr740/lib/librtemscpu.a(threadentryadaptoridle.c.60.o)
                0x0000d430                _Thread_Entry_adaptor_idle
 .text._Thread_Entry_adaptor_numeric
                0x0000d448       0x18 /opt/rtems/6/sparc-rtems6/gr740/lib/librtemscpu.a(threadentryadaptornumeric.c.60.o)
                0x0000d448                _Thread_Entry_adaptor_numeric
 .text._Thread_Get
                0x0000d460       0x68 /opt/rtems/6/sparc-rtems6/gr740/lib/librtemscpu.a(threadget.c.60.o)
                0x0000d460                _Thread_Get
 .text._Per_CPU_Get
                0x0000d4c8       0x50 /opt/rtems/6/sparc-rtems6/gr740/lib/librtemscpu.a(threadhandler.c.60.o)
 .text._Thread_Handler
                0x0000d518      0x194 /opt/rtems/6/sparc-rtems6/gr740/lib/librtemscpu.a(threadhandler.c.60.o)
                0x0000d518                _Thread_Handler
 .text._Chain_Initialize_one.part.0
                0x0000d6ac       0x28 /opt/rtems/6/sparc-rtems6/gr740/lib/librtemscpu.a(threadinitialize.c.60.o)
 .text._Thread_Free
                0x0000d6d4      0x1a0 /opt/rtems/6/sparc-rtems6/gr740/lib/librtemscpu.a(threadinitialize.c.60.o)
                0x0000d6d4                _Thread_Free
 .text._Thread_Initialize
                0x0000d874      0x50c /opt/rtems/6/sparc-rtems6/gr740/lib/librtemscpu.a(threadinitialize.c.60.o)
                0x0000d874                _Thread_Initialize
 .text._Thread_Load_environment
                0x0000dd80       0x58 /opt/rtems/6/sparc-rtems6/gr740/lib/librtemscpu.a(threadloadenv.c.60.o)
                0x0000dd80                _Thread_Load_environment
 .text._Thread_Get_name
                0x0000ddd8       0x4c /opt/rtems/6/sparc-rtems6/gr740/lib/librtemscpu.a(threadname.c.60.o)
                0x0000ddd8                _Thread_Get_name
 .text._Thread_queue_Do_acquire_critical
                0x0000de24       0x44 /opt/rtems/6/sparc-rtems6/gr740/lib/librtemscpu.a(threadq.c.60.o)
                0x0000de24                _Thread_queue_Do_acquire_critical
 .text._Thread_queue_Acquire
                0x0000de68       0x4c /opt/rtems/6/sparc-rtems6/gr740/lib/librtemscpu.a(threadq.c.60.o)
                0x0000de68                _Thread_queue_Acquire
 .text._Thread_queue_Do_release_critical
                0x0000deb4       0x58 /opt/rtems/6/sparc-rtems6/gr740/lib/librtemscpu.a(threadq.c.60.o)
                0x0000deb4                _Thread_queue_Do_release_critical
 .text._Chain_Append_unprotected.part.0
                0x0000df0c       0x28 /opt/rtems/6/sparc-rtems6/gr740/lib/librtemscpu.a(threadqenqueue.c.60.o)
 .text._Thread_Wait_acquire_default_critical.part.0
                0x0000df34       0x28 /opt/rtems/6/sparc-rtems6/gr740/lib/librtemscpu.a(threadqenqueue.c.60.o)
 .text._Thread_Wait_claim.part.0
                0x0000df5c       0x28 /opt/rtems/6/sparc-rtems6/gr740/lib/librtemscpu.a(threadqenqueue.c.60.o)
 .text._Thread_queue_Make_ready_again
                0x0000df84      0x158 /opt/rtems/6/sparc-rtems6/gr740/lib/librtemscpu.a(threadqenqueue.c.60.o)
 .text._Thread_queue_Path_release
                0x0000e0dc      0x198 /opt/rtems/6/sparc-rtems6/gr740/lib/librtemscpu.a(threadqenqueue.c.60.o)
                0x0000e0dc                _Thread_queue_Path_release
 .text._Thread_queue_Path_acquire
                0x0000e274      0x42c /opt/rtems/6/sparc-rtems6/gr740/lib/librtemscpu.a(threadqenqueue.c.60.o)
                0x0000e274                _Thread_queue_Path_acquire
 .text._Thread_queue_Enqueue_do_nothing_extra
                0x0000e6a0        0x8 /opt/rtems/6/sparc-rtems6/gr740/lib/librtemscpu.a(threadqenqueue.c.60.o)
                0x0000e6a0                _Thread_queue_Enqueue_do_nothing_extra
 .text._Thread_queue_Deadlock_fatal
                0x0000e6a8       0x10 /opt/rtems/6/sparc-rtems6/gr740/lib/librtemscpu.a(threadqenqueue.c.60.o)
                0x0000e6a8                _Thread_queue_Deadlock_fatal
 .text._Thread_queue_Enqueue
                0x0000e6b8      0x344 /opt/rtems/6/sparc-rtems6/gr740/lib/librtemscpu.a(threadqenqueue.c.60.o)
                0x0000e6b8                _Thread_queue_Enqueue
 .text._Thread_queue_Extract_locked
                0x0000e9fc       0x24 /opt/rtems/6/sparc-rtems6/gr740/lib/librtemscpu.a(threadqenqueue.c.60.o)
                0x0000e9fc                _Thread_queue_Extract_locked
 .text._Thread_queue_Resume
                0x0000ea20      0x144 /opt/rtems/6/sparc-rtems6/gr740/lib/librtemscpu.a(threadqenqueue.c.60.o)
                0x0000ea20                _Thread_queue_Resume
 .text._Thread_queue_Surrender
                0x0000eb64      0x18c /opt/rtems/6/sparc-rtems6/gr740/lib/librtemscpu.a(threadqenqueue.c.60.o)
                0x0000eb64                _Thread_queue_Surrender
 .text._Thread_queue_Surrender_no_priority
                0x0000ecf0       0x7c /opt/rtems/6/sparc-rtems6/gr740/lib/librtemscpu.a(threadqenqueue.c.60.o)
                0x0000ecf0                _Thread_queue_Surrender_no_priority
 .text._Thread_queue_Do_nothing_priority_actions
                0x0000ed6c       0x2c /opt/rtems/6/sparc-rtems6/gr740/lib/librtemscpu.a(threadqops.c.60.o)
                0x0000ed6c                _Thread_queue_Do_nothing_priority_actions
 .text._Thread_Scheduler_get_home_node.part.0
                0x0000ed98       0x28 /opt/rtems/6/sparc-rtems6/gr740/lib/librtemscpu.a(threadqops.c.60.o)
 .text._Chain_Append_unprotected.part.0
                0x0000edc0       0x28 /opt/rtems/6/sparc-rtems6/gr740/lib/librtemscpu.a(threadqops.c.60.o)
 .text._Chain_Initialize_one.part.0
                0x0000ede8       0x28 /opt/rtems/6/sparc-rtems6/gr740/lib/librtemscpu.a(threadqops.c.60.o)
 .text._Chain_Extract_unprotected.part.0
                0x0000ee10       0x28 /opt/rtems/6/sparc-rtems6/gr740/lib/librtemscpu.a(threadqops.c.60.o)
 .text._Thread_queue_Priority_queue_by_index.part.0
                0x0000ee38       0x28 /opt/rtems/6/sparc-rtems6/gr740/lib/librtemscpu.a(threadqops.c.60.o)
 .text._Thread_queue_Priority_first
                0x0000ee60       0x78 /opt/rtems/6/sparc-rtems6/gr740/lib/librtemscpu.a(threadqops.c.60.o)
 .text._Thread_Scheduler_add_request.part.0
                0x0000eed8       0x28 /opt/rtems/6/sparc-rtems6/gr740/lib/librtemscpu.a(threadqops.c.60.o)
 .text._Thread_queue_Queue_enqueue
                0x0000ef00      0x118 /opt/rtems/6/sparc-rtems6/gr740/lib/librtemscpu.a(threadqops.c.60.o)
 .text._Thread_queue_Priority_enqueue
                0x0000f018       0x1c /opt/rtems/6/sparc-rtems6/gr740/lib/librtemscpu.a(threadqops.c.60.o)
 .text._Thread_queue_Priority_inherit_enqueue
                0x0000f034       0x1c /opt/rtems/6/sparc-rtems6/gr740/lib/librtemscpu.a(threadqops.c.60.o)
 .text._Thread_queue_Priority_do_extract
                0x0000f050       0xf8 /opt/rtems/6/sparc-rtems6/gr740/lib/librtemscpu.a(threadqops.c.60.o)
 .text._Thread_queue_Priority_extract
                0x0000f148       0xb8 /opt/rtems/6/sparc-rtems6/gr740/lib/librtemscpu.a(threadqops.c.60.o)
 .text._Thread_queue_Priority_surrender
                0x0000f200      0x100 /opt/rtems/6/sparc-rtems6/gr740/lib/librtemscpu.a(threadqops.c.60.o)
 .text._Thread_queue_Priority_do_enqueue
                0x0000f300      0x220 /opt/rtems/6/sparc-rtems6/gr740/lib/librtemscpu.a(threadqops.c.60.o)
 .text._Thread_queue_Priority_priority_actions
                0x0000f520      0x37c /opt/rtems/6/sparc-rtems6/gr740/lib/librtemscpu.a(threadqops.c.60.o)
 .text._Thread_queue_Priority_inherit_do_enqueue
                0x0000f89c      0x308 /opt/rtems/6/sparc-rtems6/gr740/lib/librtemscpu.a(threadqops.c.60.o)
 .text._Thread_queue_Priority_inherit_extract
                0x0000fba4      0x2bc /opt/rtems/6/sparc-rtems6/gr740/lib/librtemscpu.a(threadqops.c.60.o)
 .text._Thread_queue_Priority_inherit_do_initialize
                0x0000fe60      0x290 /opt/rtems/6/sparc-rtems6/gr740/lib/librtemscpu.a(threadqops.c.60.o)
 .text._Thread_queue_Priority_do_initialize
                0x000100f0      0x214 /opt/rtems/6/sparc-rtems6/gr740/lib/librtemscpu.a(threadqops.c.60.o)
 .text._Thread_queue_Priority_inherit_priority_actions
                0x00010304      0x628 /opt/rtems/6/sparc-rtems6/gr740/lib/librtemscpu.a(threadqops.c.60.o)
 .text._Thread_queue_Priority_inherit_surrender
                0x0001092c      0x818 /opt/rtems/6/sparc-rtems6/gr740/lib/librtemscpu.a(threadqops.c.60.o)
 .text._Watchdog_Per_CPU_acquire_critical.part.0
                0x00011144       0x28 /opt/rtems/6/sparc-rtems6/gr740/lib/librtemscpu.a(threadqtimeout.c.60.o)
 .text._Thread_queue_Add_timeout_ticks
                0x0001116c       0xa0 /opt/rtems/6/sparc-rtems6/gr740/lib/librtemscpu.a(threadqtimeout.c.60.o)
                0x0001116c                _Thread_queue_Add_timeout_ticks
 .text._Thread_Join_flush_filter
                0x0001120c        0xc /opt/rtems/6/sparc-rtems6/gr740/lib/librtemscpu.a(threadrestart.c.60.o)
 .text._Thread_State_release
                0x00011218       0x24 /opt/rtems/6/sparc-rtems6/gr740/lib/librtemscpu.a(threadrestart.c.60.o)
 .text._Thread_Get_objects_information.part.0
                0x0001123c       0x28 /opt/rtems/6/sparc-rtems6/gr740/lib/librtemscpu.a(threadrestart.c.60.o)
 .text._Chain_Extract_unprotected.part.0
                0x00011264       0x28 /opt/rtems/6/sparc-rtems6/gr740/lib/librtemscpu.a(threadrestart.c.60.o)
 .text._Chain_Append_unprotected.part.0
                0x0001128c       0x28 /opt/rtems/6/sparc-rtems6/gr740/lib/librtemscpu.a(threadrestart.c.60.o)
 .text._Per_CPU_Get.part.0
                0x000112b4       0x28 /opt/rtems/6/sparc-rtems6/gr740/lib/librtemscpu.a(threadrestart.c.60.o)
 .text._Per_CPU_Get
                0x000112dc       0x3c /opt/rtems/6/sparc-rtems6/gr740/lib/librtemscpu.a(threadrestart.c.60.o)
 .text._Thread_Dispatch_disable
                0x00011318       0x38 /opt/rtems/6/sparc-rtems6/gr740/lib/librtemscpu.a(threadrestart.c.60.o)
 .text._Thread_Make_zombie
                0x00011350      0x1bc /opt/rtems/6/sparc-rtems6/gr740/lib/librtemscpu.a(threadrestart.c.60.o)
 .text._Thread_Change_life_locked
                0x0001150c      0x120 /opt/rtems/6/sparc-rtems6/gr740/lib/librtemscpu.a(threadrestart.c.60.o)
 .text._Thread_Life_action_handler
                0x0001162c      0x24c /opt/rtems/6/sparc-rtems6/gr740/lib/librtemscpu.a(threadrestart.c.60.o)
 .text._Thread_Kill_zombies
                0x00011878      0x11c /opt/rtems/6/sparc-rtems6/gr740/lib/librtemscpu.a(threadrestart.c.60.o)
                0x00011878                _Thread_Kill_zombies
 .text._Thread_Exit
                0x00011994       0xc0 /opt/rtems/6/sparc-rtems6/gr740/lib/librtemscpu.a(threadrestart.c.60.o)
                0x00011994                _Thread_Exit
 .text._Thread_Change_life
                0x00011a54       0x9c /opt/rtems/6/sparc-rtems6/gr740/lib/librtemscpu.a(threadrestart.c.60.o)
                0x00011a54                _Thread_Change_life
 .text._Thread_Set_life_protection
                0x00011af0       0x18 /opt/rtems/6/sparc-rtems6/gr740/lib/librtemscpu.a(threadrestart.c.60.o)
                0x00011af0                _Thread_Set_life_protection
 .text._Thread_Set_state_locked
                0x00011b08      0x15c /opt/rtems/6/sparc-rtems6/gr740/lib/librtemscpu.a(threadsetstate.c.60.o)
                0x00011b08                _Thread_Set_state_locked
 .text._Thread_Set_state
                0x00011c64       0x4c /opt/rtems/6/sparc-rtems6/gr740/lib/librtemscpu.a(threadsetstate.c.60.o)
                0x00011c64                _Thread_Set_state
 .text._Stack_Allocate
                0x00011cb0       0x1c /opt/rtems/6/sparc-rtems6/gr740/lib/librtemscpu.a(threadstackallocate.c.60.o)
                0x00011cb0                _Stack_Allocate
 .text._Stack_Free
                0x00011ccc       0x1c /opt/rtems/6/sparc-rtems6/gr740/lib/librtemscpu.a(threadstackfree.c.60.o)
                0x00011ccc                _Stack_Free
 .text._Thread_Start
                0x00011ce8      0x100 /opt/rtems/6/sparc-rtems6/gr740/lib/librtemscpu.a(threadstart.c.60.o)
                0x00011ce8                _Thread_Start
 .text._Per_CPU_Get
                0x00011de8       0x50 /opt/rtems/6/sparc-rtems6/gr740/lib/librtemscpu.a(threadstartmultitasking.c.60.o)
 .text._Thread_Start_multitasking
                0x00011e38       0x74 /opt/rtems/6/sparc-rtems6/gr740/lib/librtemscpu.a(threadstartmultitasking.c.60.o)
                0x00011e38                _Thread_Start_multitasking
 .text._Thread_Wait_acquire_default_critical.part.0
                0x00011eac       0x28 /opt/rtems/6/sparc-rtems6/gr740/lib/librtemscpu.a(threadtimeout.c.60.o)
 .text._Thread_Continue
                0x00011ed4      0x424 /opt/rtems/6/sparc-rtems6/gr740/lib/librtemscpu.a(threadtimeout.c.60.o)
                0x00011ed4                _Thread_Continue
 .text._Thread_Timeout
                0x000122f8       0x18 /opt/rtems/6/sparc-rtems6/gr740/lib/librtemscpu.a(threadtimeout.c.60.o)
                0x000122f8                _Thread_Timeout
 .text._Thread_Yield
                0x00012310       0xfc /opt/rtems/6/sparc-rtems6/gr740/lib/librtemscpu.a(threadyield.c.60.o)
                0x00012310                _Thread_Yield
 .text._TLS_Get_allocation_size
                0x0001240c       0xc8 /opt/rtems/6/sparc-rtems6/gr740/lib/librtemscpu.a(tlsallocsize.c.60.o)
                0x0001240c                _TLS_Get_allocation_size
 .text._User_extensions_Handler_initialization
                0x000124d4       0x7c /opt/rtems/6/sparc-rtems6/gr740/lib/librtemscpu.a(userext.c.60.o)
                0x000124d4                _User_extensions_Handler_initialization
 .text._User_extensions_Thread_create_visitor
                0x00012550       0x40 /opt/rtems/6/sparc-rtems6/gr740/lib/librtemscpu.a(userextiterate.c.60.o)
                0x00012550                _User_extensions_Thread_create_visitor
 .text._User_extensions_Thread_delete_visitor
                0x00012590       0x24 /opt/rtems/6/sparc-rtems6/gr740/lib/librtemscpu.a(userextiterate.c.60.o)
                0x00012590                _User_extensions_Thread_delete_visitor
 .text._User_extensions_Thread_start_visitor
                0x000125b4       0x24 /opt/rtems/6/sparc-rtems6/gr740/lib/librtemscpu.a(userextiterate.c.60.o)
                0x000125b4                _User_extensions_Thread_start_visitor
 .text._User_extensions_Thread_restart_visitor
                0x000125d8       0x24 /opt/rtems/6/sparc-rtems6/gr740/lib/librtemscpu.a(userextiterate.c.60.o)
                0x000125d8                _User_extensions_Thread_restart_visitor
 .text._User_extensions_Thread_begin_visitor
                0x000125fc       0x24 /opt/rtems/6/sparc-rtems6/gr740/lib/librtemscpu.a(userextiterate.c.60.o)
                0x000125fc                _User_extensions_Thread_begin_visitor
 .text._User_extensions_Thread_exitted_visitor
                0x00012620       0x24 /opt/rtems/6/sparc-rtems6/gr740/lib/librtemscpu.a(userextiterate.c.60.o)
                0x00012620                _User_extensions_Thread_exitted_visitor
 .text._User_extensions_Fatal_visitor
                0x00012644       0x2c /opt/rtems/6/sparc-rtems6/gr740/lib/librtemscpu.a(userextiterate.c.60.o)
                0x00012644                _User_extensions_Fatal_visitor
 .text._User_extensions_Thread_terminate_visitor
                0x00012670       0x24 /opt/rtems/6/sparc-rtems6/gr740/lib/librtemscpu.a(userextiterate.c.60.o)
                0x00012670                _User_extensions_Thread_terminate_visitor
 .text._User_extensions_Iterate
                0x00012694      0x1fc /opt/rtems/6/sparc-rtems6/gr740/lib/librtemscpu.a(userextiterate.c.60.o)
                0x00012694                _User_extensions_Iterate
 .text._Watchdog_Insert
                0x00012890       0xf8 /opt/rtems/6/sparc-rtems6/gr740/lib/librtemscpu.a(watchdoginsert.c.60.o)
                0x00012890                _Watchdog_Insert
 .text._Watchdog_Remove
                0x00012988      0x114 /opt/rtems/6/sparc-rtems6/gr740/lib/librtemscpu.a(watchdogremove.c.60.o)
                0x00012988                _Watchdog_Remove
 .text._Watchdog_Ticks_from_timespec.part.0
                0x00012a9c       0x28 /opt/rtems/6/sparc-rtems6/gr740/lib/librtemscpu.a(watchdogtick.c.60.o)
 .text._Watchdog_Do_tickle
                0x00012ac4      0x174 /opt/rtems/6/sparc-rtems6/gr740/lib/librtemscpu.a(watchdogtick.c.60.o)
                0x00012ac4                _Watchdog_Do_tickle
 .text._Watchdog_Tick
                0x00012c38      0x228 /opt/rtems/6/sparc-rtems6/gr740/lib/librtemscpu.a(watchdogtick.c.60.o)
                0x00012c38                _Watchdog_Tick
 .text._Workspace_Allocate
                0x00012e60       0x20 /opt/rtems/6/sparc-rtems6/gr740/lib/librtemscpu.a(wkspaceallocate.c.60.o)
                0x00012e60                _Workspace_Allocate
 .text._Workspace_Free
                0x00012e80       0x48 /opt/rtems/6/sparc-rtems6/gr740/lib/librtemscpu.a(wkspacefree.c.60.o)
                0x00012e80                _Workspace_Free
 .text._Workspace_Malloc_initialize_unified
                0x00012ec8        0xc /opt/rtems/6/sparc-rtems6/gr740/lib/librtemscpu.a(wkspacemallocinitunified.c.60.o)
                0x00012ec8                _Workspace_Malloc_initialize_unified
 .text._CPU_Thread_Idle_body
                0x00012ed4        0x4 /opt/rtems/6/sparc-rtems6/gr740/lib/librtemscpu.a(cpuidle.c.43.o)
                0x00012ed4                _CPU_Thread_Idle_body
 .text._CPU_Initialize
                0x00012ed8        0x8 /opt/rtems/6/sparc-rtems6/gr740/lib/librtemscpu.a(cpu.c.43.o)
                0x00012ed8                _CPU_Initialize
 .text._CPU_ISR_Get_level
                0x00012ee0       0x14 /opt/rtems/6/sparc-rtems6/gr740/lib/librtemscpu.a(cpu.c.43.o)
                0x00012ee0                _CPU_ISR_Get_level
 .text._CPU_Context_Initialize
                0x00012ef4      0x124 /opt/rtems/6/sparc-rtems6/gr740/lib/librtemscpu.a(cpu.c.43.o)
                0x00012ef4                _CPU_Context_Initialize
 .text          0x00013018      0x430 /opt/rtems/6/sparc-rtems6/gr740/lib/librtemscpu.a(cpu_asm.S.43.o)
                0x00013018                _CPU_Context_switch
                0x00013018                _CPU_Context_switch_no_return
                0x00013050                _CPU_Context_restore_heir
                0x00013160                _CPU_Context_restore
                0x00013174                _SPARC_Interrupt_trap
 .text          0x00013448      0x144 /opt/rtems/6/sparc-rtems6/gr740/lib/librtemscpu.a(sparc-bad-trap.S.43.o)
                0x00013448                _SPARC_Bad_trap
 .text._CPU_Exception_frame_print
                0x0001358c      0x1a4 /opt/rtems/6/sparc-rtems6/gr740/lib/librtemscpu.a(sparc-exception-frame-print.c.43.o)
                0x0001358c                _CPU_Exception_frame_print
 *fill*         0x00013730       0x10 
 .text          0x00013740       0xa0 /opt/rtems/6/sparc-rtems6/gr740/lib/librtemscpu.a(syscall.S.43.o)
                0x00013740                syscall
                0x00013744                bsp_reset
                0x00013744                sparc_syscall_exit
                0x00013760                syscall_irqdis
                0x00013780                syscall_irqen
                0x000137a0                syscall_irqdis_fp
 .text          0x000137e0      0x144 /opt/rtems/6/sparc-rtems6/gr740/lib/librtemscpu.a(window.S.43.o)
                0x000137e0                window_overflow_trap_handler
                0x0001381c                window_underflow_trap_handler
                0x0001386c                window_flush_trap_handler
 .text._Scheduler_default_Sticky_do_nothing
                0x00013924        0x8 /opt/rtems/6/sparc-rtems6/gr740/lib/librtemscpu.a(schedulerdefaultmakecleansticky.c.57.o)
                0x00013924                _Scheduler_default_Sticky_do_nothing
 .text._Scheduler_Ensure_exactly_one_processor
                0x0001392c       0x2c /opt/rtems/6/sparc-rtems6/gr740/lib/librtemscpu.a(schedulerdefaultpinunpindonothing.c.57.o)
 .text._Scheduler_default_Pin_or_unpin_do_nothing
                0x00013958        0x8 /opt/rtems/6/sparc-rtems6/gr740/lib/librtemscpu.a(schedulerdefaultpinunpindonothing.c.57.o)
                0x00013958                _Scheduler_default_Pin_or_unpin_do_nothing
 .text._Scheduler_default_Set_affinity
                0x00013960       0x30 /opt/rtems/6/sparc-rtems6/gr740/lib/librtemscpu.a(schedulerdefaultsetaffinity.c.57.o)
                0x00013960                _Scheduler_default_Set_affinity
 .text._SMP_Fatal
                0x00013990       0x14 /opt/rtems/6/sparc-rtems6/gr740/lib/librtemscpu.a(smp.c.57.o)
 .text._Per_CPU_Get.part.0
                0x000139a4       0x28 /opt/rtems/6/sparc-rtems6/gr740/lib/librtemscpu.a(smp.c.57.o)
 .text._Per_CPU_Set_state.part.0
                0x000139cc       0x28 /opt/rtems/6/sparc-rtems6/gr740/lib/librtemscpu.a(smp.c.57.o)
 .text._SMP_Process_message.part.0
                0x000139f4       0x58 /opt/rtems/6/sparc-rtems6/gr740/lib/librtemscpu.a(smp.c.57.o)
 .text._SMP_Handler_initialize
                0x00013a4c      0x204 /opt/rtems/6/sparc-rtems6/gr740/lib/librtemscpu.a(smp.c.57.o)
                0x00013a4c                _SMP_Handler_initialize
 .text._SMP_Start_multitasking_on_secondary_processor
                0x00013c50      0x130 /opt/rtems/6/sparc-rtems6/gr740/lib/librtemscpu.a(smp.c.57.o)
                0x00013c50                _SMP_Start_multitasking_on_secondary_processor
 .text._SMP_Request_shutdown
                0x00013d80      0x11c /opt/rtems/6/sparc-rtems6/gr740/lib/librtemscpu.a(smp.c.57.o)
                0x00013d80                _SMP_Request_shutdown
 .text._SMP_Process_message
                0x00013e9c       0x44 /opt/rtems/6/sparc-rtems6/gr740/lib/librtemscpu.a(smp.c.57.o)
                0x00013e9c                _SMP_Process_message
 .text._SMP_Wait_for_ready_to_start_multitasking
                0x00013ee0       0xbc /opt/rtems/6/sparc-rtems6/gr740/lib/librtemscpu.a(smp.c.57.o)
                0x00013ee0                _SMP_Wait_for_ready_to_start_multitasking
 .text._SMP_Request_start_multitasking
                0x00013f9c       0x20 /opt/rtems/6/sparc-rtems6/gr740/lib/librtemscpu.a(smp.c.57.o)
                0x00013f9c                _SMP_Request_start_multitasking
 .text._SMP_Try_to_process_message
                0x00013fbc       0x24 /opt/rtems/6/sparc-rtems6/gr740/lib/librtemscpu.a(smp.c.57.o)
                0x00013fbc                _SMP_Try_to_process_message
 .text._SMP_lock_Release_inline.part.0
                0x00013fe0       0x28 /opt/rtems/6/sparc-rtems6/gr740/lib/librtemscpu.a(smplock.c.57.o)
 .text._SMP_lock_Initialize
                0x00014008       0x10 /opt/rtems/6/sparc-rtems6/gr740/lib/librtemscpu.a(smplock.c.57.o)
                0x00014008                _SMP_lock_Initialize
 .text._SMP_lock_Destroy
                0x00014018        0x8 /opt/rtems/6/sparc-rtems6/gr740/lib/librtemscpu.a(smplock.c.57.o)
                0x00014018                _SMP_lock_Destroy
 .text._SMP_lock_Acquire
                0x00014020       0x44 /opt/rtems/6/sparc-rtems6/gr740/lib/librtemscpu.a(smplock.c.57.o)
                0x00014020                _SMP_lock_Acquire
 .text._SMP_lock_Release
                0x00014064       0x74 /opt/rtems/6/sparc-rtems6/gr740/lib/librtemscpu.a(smplock.c.57.o)
                0x00014064                _SMP_lock_Release
 .text._SMP_lock_ISR_disable_and_acquire
                0x000140d8       0x4c /opt/rtems/6/sparc-rtems6/gr740/lib/librtemscpu.a(smplock.c.57.o)
                0x000140d8                _SMP_lock_ISR_disable_and_acquire
 .text._SMP_lock_Release_and_ISR_enable
                0x00014124       0x80 /opt/rtems/6/sparc-rtems6/gr740/lib/librtemscpu.a(smplock.c.57.o)
                0x00014124                _SMP_lock_Release_and_ISR_enable
 .text._IO_Vprintf
                0x000141a4      0xc74 /opt/rtems/6/sparc-rtems6/gr740/lib/librtemscpu.a(iovprintf.c.60.o)
                0x00014304                _IO_Vprintf
 .text.null_handler_open
                0x00014e18        0x8 /opt/rtems/6/sparc-rtems6/gr740/lib/librtemscpu.a(__usrenv.c.60.o)
 .text.null_handler_fstat
                0x00014e20        0x8 /opt/rtems/6/sparc-rtems6/gr740/lib/librtemscpu.a(__usrenv.c.60.o)
 .text.null_op_lock_or_unlock
                0x00014e28        0x8 /opt/rtems/6/sparc-rtems6/gr740/lib/librtemscpu.a(__usrenv.c.60.o)
 .text.null_op_mknod
                0x00014e30        0x8 /opt/rtems/6/sparc-rtems6/gr740/lib/librtemscpu.a(__usrenv.c.60.o)
 .text.null_op_link
                0x00014e38        0x8 /opt/rtems/6/sparc-rtems6/gr740/lib/librtemscpu.a(__usrenv.c.60.o)
 .text.null_op_fchmod
                0x00014e40        0x8 /opt/rtems/6/sparc-rtems6/gr740/lib/librtemscpu.a(__usrenv.c.60.o)
 .text.null_op_chown
                0x00014e48        0x8 /opt/rtems/6/sparc-rtems6/gr740/lib/librtemscpu.a(__usrenv.c.60.o)
 .text.null_op_clonenode
                0x00014e50        0x8 /opt/rtems/6/sparc-rtems6/gr740/lib/librtemscpu.a(__usrenv.c.60.o)
 .text.null_op_symlink
                0x00014e58        0x8 /opt/rtems/6/sparc-rtems6/gr740/lib/librtemscpu.a(__usrenv.c.60.o)
 .text.null_op_readlink
                0x00014e60        0x8 /opt/rtems/6/sparc-rtems6/gr740/lib/librtemscpu.a(__usrenv.c.60.o)
 .text.null_op_rename
                0x00014e68        0x8 /opt/rtems/6/sparc-rtems6/gr740/lib/librtemscpu.a(__usrenv.c.60.o)
 .text.null_op_utimens
                0x00014e70        0x8 /opt/rtems/6/sparc-rtems6/gr740/lib/librtemscpu.a(__usrenv.c.60.o)
 .text.null_op_statvfs
                0x00014e78        0x8 /opt/rtems/6/sparc-rtems6/gr740/lib/librtemscpu.a(__usrenv.c.60.o)
 .text.null_op_rmnod
                0x00014e80        0x8 /opt/rtems/6/sparc-rtems6/gr740/lib/librtemscpu.a(__usrenv.c.60.o)
 .text.null_op_mount
                0x00014e88        0x8 /opt/rtems/6/sparc-rtems6/gr740/lib/librtemscpu.a(__usrenv.c.60.o)
 .text.null_op_unmount
                0x00014e90        0x8 /opt/rtems/6/sparc-rtems6/gr740/lib/librtemscpu.a(__usrenv.c.60.o)
 .text.null_op_fsunmount_me
                0x00014e98        0x8 /opt/rtems/6/sparc-rtems6/gr740/lib/librtemscpu.a(__usrenv.c.60.o)
 .text.rtems_current_user_env_get
                0x00014ea0       0x24 /opt/rtems/6/sparc-rtems6/gr740/lib/librtemscpu.a(__usrenv.c.60.o)
                0x00014ea0                rtems_current_user_env_get
 .text.rtems_assoc_local_by_remote
                0x00014ec4       0x28 /opt/rtems/6/sparc-rtems6/gr740/lib/librtemscpu.a(assoclocalbyremote.c.60.o)
                0x00014ec4                rtems_assoc_local_by_remote
 .text.rtems_assoc_ptr_by_remote
                0x00014eec       0x78 /opt/rtems/6/sparc-rtems6/gr740/lib/librtemscpu.a(assocptrbyremote.c.60.o)
                0x00014eec                rtems_assoc_ptr_by_remote
 .text.calloc   0x00014f64       0x5c /opt/rtems/6/sparc-rtems6/gr740/lib/librtemscpu.a(calloc.c.60.o)
                0x00014f64                calloc
 .text.rtems_filesystem_location_clone
                0x00014fc0       0x48 /opt/rtems/6/sparc-rtems6/gr740/lib/librtemscpu.a(clonenode.c.60.o)
                0x00014fc0                rtems_filesystem_location_clone
 .text.rtems_filesystem_location_free
                0x00015008       0x48 /opt/rtems/6/sparc-rtems6/gr740/lib/librtemscpu.a(freenode.c.60.o)
                0x00015008                rtems_filesystem_location_free
 .text.getegid  0x00015050       0x18 /opt/rtems/6/sparc-rtems6/gr740/lib/librtemscpu.a(getegid.c.60.o)
                0x00015050                getegid
 .text.geteuid  0x00015068       0x18 /opt/rtems/6/sparc-rtems6/gr740/lib/librtemscpu.a(geteuid.c.60.o)
                0x00015068                geteuid
 .text.rtems_libio_exit
                0x00015080       0x20 /opt/rtems/6/sparc-rtems6/gr740/lib/librtemscpu.a(libio_exit.c.60.o)
                0x00015080                rtems_libio_exit
 .text.rtems_libio_init
                0x000150a0       0x74 /opt/rtems/6/sparc-rtems6/gr740/lib/librtemscpu.a(libio_init.c.60.o)
 .text.rtems_libio_lock
                0x00015114       0x14 /opt/rtems/6/sparc-rtems6/gr740/lib/librtemscpu.a(libio_init.c.60.o)
                0x00015114                rtems_libio_lock
 .text.rtems_libio_unlock
                0x00015128       0x14 /opt/rtems/6/sparc-rtems6/gr740/lib/librtemscpu.a(libio_init.c.60.o)
                0x00015128                rtems_libio_unlock
 .text.malloc   0x0001513c       0x40 /opt/rtems/6/sparc-rtems6/gr740/lib/librtemscpu.a(malloc.c.60.o)
                0x0001513c                malloc
 .text.rtems_filesystem_get_mount_handler
                0x0001517c       0xb8 /opt/rtems/6/sparc-rtems6/gr740/lib/librtemscpu.a(mount-mgr.c.60.o)
                0x0001517c                rtems_filesystem_get_mount_handler
 .text.open     0x00015234      0x308 /opt/rtems/6/sparc-rtems6/gr740/lib/librtemscpu.a(open.c.60.o)
                0x00015234                open
 .text.rtems_put_char
                0x0001553c       0x14 /opt/rtems/6/sparc-rtems6/gr740/lib/librtemscpu.a(rtems_put_char.c.60.o)
                0x0001553c                rtems_put_char
 .text.rtems_putc
                0x00015550       0x2c /opt/rtems/6/sparc-rtems6/gr740/lib/librtemscpu.a(rtems_putc.c.60.o)
                0x00015550                rtems_putc
 .text.rtems_filesystem_check_access
                0x0001557c       0xa4 /opt/rtems/6/sparc-rtems6/gr740/lib/librtemscpu.a(sup_fs_check_permissions.c.60.o)
                0x0001557c                rtems_filesystem_check_access
 .text.rtems_filesystem_eval_path_check_access
                0x00015620       0x38 /opt/rtems/6/sparc-rtems6/gr740/lib/librtemscpu.a(sup_fs_check_permissions.c.60.o)
                0x00015620                rtems_filesystem_eval_path_check_access
 .text.rtems_filesystem_eval_path_generic
                0x00015658      0x1f8 /opt/rtems/6/sparc-rtems6/gr740/lib/librtemscpu.a(sup_fs_eval_path_generic.c.60.o)
                0x00015658                rtems_filesystem_eval_path_generic
 .text.rtems_filesystem_eval_path_eat_delimiter
                0x00015850       0x64 /opt/rtems/6/sparc-rtems6/gr740/lib/librtemscpu.a(sup_fs_next_token.c.60.o)
                0x00015850                rtems_filesystem_eval_path_eat_delimiter
 .text.rtems_filesystem_eval_path_next_token
                0x000158b4       0xc0 /opt/rtems/6/sparc-rtems6/gr740/lib/librtemscpu.a(sup_fs_next_token.c.60.o)
                0x000158b4                rtems_filesystem_eval_path_next_token
 .text.rtems_filesystem_default_close
                0x00015974        0x8 /opt/rtems/6/sparc-rtems6/gr740/lib/librtemscpu.a(default_close.c.60.o)
                0x00015974                rtems_filesystem_default_close
 .text.rtems_filesystem_default_eval_path
                0x0001597c       0x14 /opt/rtems/6/sparc-rtems6/gr740/lib/librtemscpu.a(default_eval_path.c.60.o)
                0x0001597c                rtems_filesystem_default_eval_path
 .text.rtems_filesystem_default_freenode
                0x00015990        0x8 /opt/rtems/6/sparc-rtems6/gr740/lib/librtemscpu.a(default_freenode.c.60.o)
                0x00015990                rtems_filesystem_default_freenode
 .text.rtems_filesystem_default_fsync_or_fdatasync_success
                0x00015998        0x8 /opt/rtems/6/sparc-rtems6/gr740/lib/librtemscpu.a(default_fsync_success.c.60.o)
                0x00015998                rtems_filesystem_default_fsync_or_fdatasync_success
 .text.rtems_filesystem_default_ftruncate_directory
                0x000159a0       0x18 /opt/rtems/6/sparc-rtems6/gr740/lib/librtemscpu.a(default_ftruncate_directory.c.60.o)
                0x000159a0                rtems_filesystem_default_ftruncate_directory
 .text.rtems_filesystem_default_ioctl
                0x000159b8       0x18 /opt/rtems/6/sparc-rtems6/gr740/lib/librtemscpu.a(default_ioctl.c.60.o)
                0x000159b8                rtems_filesystem_default_ioctl
 .text.rtems_filesystem_default_lseek_directory
                0x000159d0       0x44 /opt/rtems/6/sparc-rtems6/gr740/lib/librtemscpu.a(default_lseek_directory.c.60.o)
                0x000159d0                rtems_filesystem_default_lseek_directory
 .text.rtems_filesystem_default_lseek_file
                0x00015a14      0x11c /opt/rtems/6/sparc-rtems6/gr740/lib/librtemscpu.a(default_lseek_file.c.60.o)
                0x00015a14                rtems_filesystem_default_lseek_file
 .text.rtems_filesystem_default_open
                0x00015b30        0x8 /opt/rtems/6/sparc-rtems6/gr740/lib/librtemscpu.a(default_open.c.60.o)
                0x00015b30                rtems_filesystem_default_open
 .text.rtems_filesystem_default_read
                0x00015b38       0x18 /opt/rtems/6/sparc-rtems6/gr740/lib/librtemscpu.a(default_read.c.60.o)
                0x00015b38                rtems_filesystem_default_read
 .text.rtems_filesystem_default_write
                0x00015b50       0x18 /opt/rtems/6/sparc-rtems6/gr740/lib/librtemscpu.a(default_write.c.60.o)
                0x00015b50                rtems_filesystem_default_write
 .text.device_open
                0x00015b68       0x14 /opt/rtems/6/sparc-rtems6/gr740/lib/librtemscpu.a(deviceio.c.60.o)
                0x00015b68                device_open
 .text.device_close
                0x00015b7c       0x18 /opt/rtems/6/sparc-rtems6/gr740/lib/librtemscpu.a(deviceio.c.60.o)
                0x00015b7c                device_close
 .text.device_read
                0x00015b94       0x18 /opt/rtems/6/sparc-rtems6/gr740/lib/librtemscpu.a(deviceio.c.60.o)
                0x00015b94                device_read
 .text.device_write
                0x00015bac       0x18 /opt/rtems/6/sparc-rtems6/gr740/lib/librtemscpu.a(deviceio.c.60.o)
                0x00015bac                device_write
 .text.device_ioctl
                0x00015bc4       0x18 /opt/rtems/6/sparc-rtems6/gr740/lib/librtemscpu.a(deviceio.c.60.o)
                0x00015bc4                device_ioctl
 .text.device_ftruncate
                0x00015bdc        0x8 /opt/rtems/6/sparc-rtems6/gr740/lib/librtemscpu.a(deviceio.c.60.o)
                0x00015bdc                device_ftruncate
 .text.IMFS_create_node
                0x00015be4       0xf8 /opt/rtems/6/sparc-rtems6/gr740/lib/librtemscpu.a(imfs_creat.c.60.o)
                0x00015be4                IMFS_create_node
 .text.IMFS_node_initialize_directory
                0x00015cdc       0x18 /opt/rtems/6/sparc-rtems6/gr740/lib/librtemscpu.a(imfs_dir.c.60.o)
                0x00015cdc                IMFS_node_initialize_directory
 .text.IMFS_node_remove_directory
                0x00015cf4       0x50 /opt/rtems/6/sparc-rtems6/gr740/lib/librtemscpu.a(imfs_dir.c.60.o)
                0x00015cf4                IMFS_node_remove_directory
 .text._RTEMS_tasks_Start_extension
                0x00015d44       0x10 /opt/rtems/6/sparc-rtems6/gr740/lib/librtemscpu.a(taskconstruct.c.60.o)
 .text._RTEMS_tasks_Manager_initialization
                0x00015d54       0x20 /opt/rtems/6/sparc-rtems6/gr740/lib/librtemscpu.a(taskconstruct.c.60.o)
 .text._RTEMS_tasks_Create
                0x00015d74      0x24c /opt/rtems/6/sparc-rtems6/gr740/lib/librtemscpu.a(taskconstruct.c.60.o)
                0x00015d74                _RTEMS_tasks_Create
 .text._Freechain_Extend
                0x00015fc0       0x38 /opt/rtems/6/sparc-rtems6/gr740/lib/librtemscpu.a(freechain.c.60.o)
                0x00015fc0                _Freechain_Extend
 .text._Heap_Protection_block_initialize_default
                0x00015ff8       0x44 /opt/rtems/6/sparc-rtems6/gr740/lib/librtemscpu.a(heap.c.60.o)
 .text._Heap_Protection_block_check_default
                0x0001603c       0x84 /opt/rtems/6/sparc-rtems6/gr740/lib/librtemscpu.a(heap.c.60.o)
 .text._Heap_Block_split
                0x000160c0      0x16c /opt/rtems/6/sparc-rtems6/gr740/lib/librtemscpu.a(heap.c.60.o)
 .text._Heap_Protection_block_error_default
                0x0001622c       0x20 /opt/rtems/6/sparc-rtems6/gr740/lib/librtemscpu.a(heap.c.60.o)
 .text._Heap_Initialize
                0x0001624c      0x2b8 /opt/rtems/6/sparc-rtems6/gr740/lib/librtemscpu.a(heap.c.60.o)
                0x0001624c                _Heap_Initialize
 .text._Heap_Block_allocate
                0x00016504      0x1bc /opt/rtems/6/sparc-rtems6/gr740/lib/librtemscpu.a(heap.c.60.o)
                0x00016504                _Heap_Block_allocate
 .text._Objects_Close
                0x000166c0      0x104 /opt/rtems/6/sparc-rtems6/gr740/lib/librtemscpu.a(objectclose.c.60.o)
                0x000166c0                _Objects_Close
 .text._Objects_Free_nothing
                0x000167c4        0x8 /opt/rtems/6/sparc-rtems6/gr740/lib/librtemscpu.a(objectfreenothing.c.60.o)
                0x000167c4                _Objects_Free_nothing
 .text._Objects_Get
                0x000167cc       0x64 /opt/rtems/6/sparc-rtems6/gr740/lib/librtemscpu.a(objectgetlocal.c.60.o)
                0x000167cc                _Objects_Get
 .text._Objects_Name_to_string
                0x00016830       0xc0 /opt/rtems/6/sparc-rtems6/gr740/lib/librtemscpu.a(objectgetnameasstring.c.60.o)
                0x00016830                _Objects_Name_to_string
 .text._Objects_Initialize_information